<?xml version="1.0"?>
<link_info>
   <banner>MSP430 Linker PC v4.4.5</banner>
   <copyright>Copyright (c) 2003-2015 Texas Instruments Incorporated</copyright>
   <link_time>0x5627e2ed</link_time>
   <link_errors>0x0</link_errors>
   <output_file>MSP_Launchpad_Booster_LED.out</output_file>
   <entry_point>
      <name>_c_int00_noargs_noexit_mpu</name>
      <address>0x61d0</address>
   </entry_point>
   <input_file_list>
      <input_file id="fl-2">
         <path>.\</path>
         <kind>object</kind>
         <file>ADC.obj</file>
         <name>ADC.obj</name>
      </input_file>
      <input_file id="fl-3">
         <path>.\</path>
         <kind>object</kind>
         <file>BUTTON.obj</file>
         <name>BUTTON.obj</name>
      </input_file>
      <input_file id="fl-4">
         <path>.\</path>
         <kind>object</kind>
         <file>INTERRUPTS.obj</file>
         <name>INTERRUPTS.obj</name>
      </input_file>
      <input_file id="fl-5">
         <path>.\</path>
         <kind>object</kind>
         <file>LED.obj</file>
         <name>LED.obj</name>
      </input_file>
      <input_file id="fl-6">
         <path>.\</path>
         <kind>object</kind>
         <file>MISC.obj</file>
         <name>MISC.obj</name>
      </input_file>
      <input_file id="fl-7">
         <path>.\</path>
         <kind>object</kind>
         <file>PROCESSING.obj</file>
         <name>PROCESSING.obj</name>
      </input_file>
      <input_file id="fl-8">
         <path>.\</path>
         <kind>object</kind>
         <file>SPI.obj</file>
         <name>SPI.obj</name>
      </input_file>
      <input_file id="fl-9">
         <path>.\</path>
         <kind>object</kind>
         <file>SYSTEM.obj</file>
         <name>SYSTEM.obj</name>
      </input_file>
      <input_file id="fl-a">
         <path>.\</path>
         <kind>object</kind>
         <file>TIMERS.obj</file>
         <name>TIMERS.obj</name>
      </input_file>
      <input_file id="fl-b">
         <path>.\</path>
         <kind>object</kind>
         <file>TLC5940.obj</file>
         <name>TLC5940.obj</name>
      </input_file>
      <input_file id="fl-c">
         <path>.\</path>
         <kind>object</kind>
         <file>UART.obj</file>
         <name>UART.obj</name>
      </input_file>
      <input_file id="fl-d">
         <path>.\</path>
         <kind>object</kind>
         <file>USER.obj</file>
         <name>USER.obj</name>
      </input_file>
      <input_file id="fl-e">
         <path>.\</path>
         <kind>object</kind>
         <file>main.obj</file>
         <name>main.obj</name>
      </input_file>
      <input_file id="fl-49">
         <path>C:\ti\ccsv6\tools\compiler\ti-cgt-msp430_4.4.5\lib\</path>
         <kind>archive</kind>
         <file>rts430x_lc_ld_eabi.lib</file>
         <name>copy_decompress_none.obj</name>
      </input_file>
      <input_file id="fl-4a">
         <path>C:\ti\ccsv6\tools\compiler\ti-cgt-msp430_4.4.5\lib\</path>
         <kind>archive</kind>
         <file>rts430x_lc_ld_eabi.lib</file>
         <name>copy_decompress_rle.obj</name>
      </input_file>
      <input_file id="fl-4b">
         <path>C:\ti\ccsv6\tools\compiler\ti-cgt-msp430_4.4.5\lib\</path>
         <kind>archive</kind>
         <file>rts430x_lc_ld_eabi.lib</file>
         <name>int30.obj</name>
      </input_file>
      <input_file id="fl-4c">
         <path>C:\ti\ccsv6\tools\compiler\ti-cgt-msp430_4.4.5\lib\</path>
         <kind>archive</kind>
         <file>rts430x_lc_ld_eabi.lib</file>
         <name>isr_trap.obj</name>
      </input_file>
      <input_file id="fl-4d">
         <path>C:\ti\ccsv6\tools\compiler\ti-cgt-msp430_4.4.5\lib\</path>
         <kind>archive</kind>
         <file>rts430x_lc_ld_eabi.lib</file>
         <name>int31.obj</name>
      </input_file>
      <input_file id="fl-4e">
         <path>C:\ti\ccsv6\tools\compiler\ti-cgt-msp430_4.4.5\lib\</path>
         <kind>archive</kind>
         <file>rts430x_lc_ld_eabi.lib</file>
         <name>int33.obj</name>
      </input_file>
      <input_file id="fl-4f">
         <path>C:\ti\ccsv6\tools\compiler\ti-cgt-msp430_4.4.5\lib\</path>
         <kind>archive</kind>
         <file>rts430x_lc_ld_eabi.lib</file>
         <name>int34.obj</name>
      </input_file>
      <input_file id="fl-50">
         <path>C:\ti\ccsv6\tools\compiler\ti-cgt-msp430_4.4.5\lib\</path>
         <kind>archive</kind>
         <file>rts430x_lc_ld_eabi.lib</file>
         <name>int35.obj</name>
      </input_file>
      <input_file id="fl-51">
         <path>C:\ti\ccsv6\tools\compiler\ti-cgt-msp430_4.4.5\lib\</path>
         <kind>archive</kind>
         <file>rts430x_lc_ld_eabi.lib</file>
         <name>int36.obj</name>
      </input_file>
      <input_file id="fl-52">
         <path>C:\ti\ccsv6\tools\compiler\ti-cgt-msp430_4.4.5\lib\</path>
         <kind>archive</kind>
         <file>rts430x_lc_ld_eabi.lib</file>
         <name>int42.obj</name>
      </input_file>
      <input_file id="fl-53">
         <path>C:\ti\ccsv6\tools\compiler\ti-cgt-msp430_4.4.5\lib\</path>
         <kind>archive</kind>
         <file>rts430x_lc_ld_eabi.lib</file>
         <name>int48.obj</name>
      </input_file>
      <input_file id="fl-54">
         <path>C:\ti\ccsv6\tools\compiler\ti-cgt-msp430_4.4.5\lib\</path>
         <kind>archive</kind>
         <file>rts430x_lc_ld_eabi.lib</file>
         <name>int49.obj</name>
      </input_file>
      <input_file id="fl-55">
         <path>C:\ti\ccsv6\tools\compiler\ti-cgt-msp430_4.4.5\lib\</path>
         <kind>archive</kind>
         <file>rts430x_lc_ld_eabi.lib</file>
         <name>int50.obj</name>
      </input_file>
      <input_file id="fl-56">
         <path>C:\ti\ccsv6\tools\compiler\ti-cgt-msp430_4.4.5\lib\</path>
         <kind>archive</kind>
         <file>rts430x_lc_ld_eabi.lib</file>
         <name>int51.obj</name>
      </input_file>
      <input_file id="fl-57">
         <path>C:\ti\ccsv6\tools\compiler\ti-cgt-msp430_4.4.5\lib\</path>
         <kind>archive</kind>
         <file>rts430x_lc_ld_eabi.lib</file>
         <name>int52.obj</name>
      </input_file>
      <input_file id="fl-58">
         <path>C:\ti\ccsv6\tools\compiler\ti-cgt-msp430_4.4.5\lib\</path>
         <kind>archive</kind>
         <file>rts430x_lc_ld_eabi.lib</file>
         <name>int53.obj</name>
      </input_file>
      <input_file id="fl-59">
         <path>C:\ti\ccsv6\tools\compiler\ti-cgt-msp430_4.4.5\lib\</path>
         <kind>archive</kind>
         <file>rts430x_lc_ld_eabi.lib</file>
         <name>int54.obj</name>
      </input_file>
      <input_file id="fl-5a">
         <path>C:\ti\ccsv6\tools\compiler\ti-cgt-msp430_4.4.5\lib\</path>
         <kind>archive</kind>
         <file>rts430x_lc_ld_eabi.lib</file>
         <name>copy_zero_init.obj</name>
      </input_file>
      <input_file id="fl-5b">
         <path>C:\ti\ccsv6\tools\compiler\ti-cgt-msp430_4.4.5\lib\</path>
         <kind>archive</kind>
         <file>rts430x_lc_ld_eabi.lib</file>
         <name>addd.obj</name>
      </input_file>
      <input_file id="fl-5c">
         <path>C:\ti\ccsv6\tools\compiler\ti-cgt-msp430_4.4.5\lib\</path>
         <kind>archive</kind>
         <file>rts430x_lc_ld_eabi.lib</file>
         <name>frcaddd.obj</name>
      </input_file>
      <input_file id="fl-5d">
         <path>C:\ti\ccsv6\tools\compiler\ti-cgt-msp430_4.4.5\lib\</path>
         <kind>archive</kind>
         <file>rts430x_lc_ld_eabi.lib</file>
         <name>renormd.obj</name>
      </input_file>
      <input_file id="fl-5e">
         <path>C:\ti\ccsv6\tools\compiler\ti-cgt-msp430_4.4.5\lib\</path>
         <kind>archive</kind>
         <file>rts430x_lc_ld_eabi.lib</file>
         <name>cmpd.obj</name>
      </input_file>
      <input_file id="fl-5f">
         <path>C:\ti\ccsv6\tools\compiler\ti-cgt-msp430_4.4.5\lib\</path>
         <kind>archive</kind>
         <file>rts430x_lc_ld_eabi.lib</file>
         <name>divd.obj</name>
      </input_file>
      <input_file id="fl-60">
         <path>C:\ti\ccsv6\tools\compiler\ti-cgt-msp430_4.4.5\lib\</path>
         <kind>archive</kind>
         <file>rts430x_lc_ld_eabi.lib</file>
         <name>frcdivd.obj</name>
      </input_file>
      <input_file id="fl-61">
         <path>C:\ti\ccsv6\tools\compiler\ti-cgt-msp430_4.4.5\lib\</path>
         <kind>archive</kind>
         <file>rts430x_lc_ld_eabi.lib</file>
         <name>div16s.obj</name>
      </input_file>
      <input_file id="fl-62">
         <path>C:\ti\ccsv6\tools\compiler\ti-cgt-msp430_4.4.5\lib\</path>
         <kind>archive</kind>
         <file>rts430x_lc_ld_eabi.lib</file>
         <name>div16u.obj</name>
      </input_file>
      <input_file id="fl-63">
         <path>C:\ti\ccsv6\tools\compiler\ti-cgt-msp430_4.4.5\lib\</path>
         <kind>archive</kind>
         <file>rts430x_lc_ld_eabi.lib</file>
         <name>div32u.obj</name>
      </input_file>
      <input_file id="fl-64">
         <path>C:\ti\ccsv6\tools\compiler\ti-cgt-msp430_4.4.5\lib\</path>
         <kind>archive</kind>
         <file>rts430x_lc_ld_eabi.lib</file>
         <name>fixdi.obj</name>
      </input_file>
      <input_file id="fl-65">
         <path>C:\ti\ccsv6\tools\compiler\ti-cgt-msp430_4.4.5\lib\</path>
         <kind>archive</kind>
         <file>rts430x_lc_ld_eabi.lib</file>
         <name>fixdli.obj</name>
      </input_file>
      <input_file id="fl-66">
         <path>C:\ti\ccsv6\tools\compiler\ti-cgt-msp430_4.4.5\lib\</path>
         <kind>archive</kind>
         <file>rts430x_lc_ld_eabi.lib</file>
         <name>fltid.obj</name>
      </input_file>
      <input_file id="fl-67">
         <path>C:\ti\ccsv6\tools\compiler\ti-cgt-msp430_4.4.5\lib\</path>
         <kind>archive</kind>
         <file>rts430x_lc_ld_eabi.lib</file>
         <name>fltlid.obj</name>
      </input_file>
      <input_file id="fl-68">
         <path>C:\ti\ccsv6\tools\compiler\ti-cgt-msp430_4.4.5\lib\</path>
         <kind>archive</kind>
         <file>rts430x_lc_ld_eabi.lib</file>
         <name>fltuld.obj</name>
      </input_file>
      <input_file id="fl-69">
         <path>C:\ti\ccsv6\tools\compiler\ti-cgt-msp430_4.4.5\lib\</path>
         <kind>archive</kind>
         <file>rts430x_lc_ld_eabi.lib</file>
         <name>mpyd.obj</name>
      </input_file>
      <input_file id="fl-6a">
         <path>C:\ti\ccsv6\tools\compiler\ti-cgt-msp430_4.4.5\lib\</path>
         <kind>archive</kind>
         <file>rts430x_lc_ld_eabi.lib</file>
         <name>frcmpyd.obj</name>
      </input_file>
      <input_file id="fl-6b">
         <path>C:\ti\ccsv6\tools\compiler\ti-cgt-msp430_4.4.5\lib\</path>
         <kind>archive</kind>
         <file>rts430x_lc_ld_eabi.lib</file>
         <name>mult16.obj</name>
      </input_file>
      <input_file id="fl-6c">
         <path>C:\ti\ccsv6\tools\compiler\ti-cgt-msp430_4.4.5\lib\</path>
         <kind>archive</kind>
         <file>rts430x_lc_ld_eabi.lib</file>
         <name>mult16_f5hw.obj</name>
      </input_file>
      <input_file id="fl-6d">
         <path>C:\ti\ccsv6\tools\compiler\ti-cgt-msp430_4.4.5\lib\</path>
         <kind>archive</kind>
         <file>rts430x_lc_ld_eabi.lib</file>
         <name>mult32.obj</name>
      </input_file>
      <input_file id="fl-6e">
         <path>C:\ti\ccsv6\tools\compiler\ti-cgt-msp430_4.4.5\lib\</path>
         <kind>archive</kind>
         <file>rts430x_lc_ld_eabi.lib</file>
         <name>mult32_f5hw.obj</name>
      </input_file>
      <input_file id="fl-6f">
         <path>C:\ti\ccsv6\tools\compiler\ti-cgt-msp430_4.4.5\lib\</path>
         <kind>archive</kind>
         <file>rts430x_lc_ld_eabi.lib</file>
         <name>mult64_f5hw.obj</name>
      </input_file>
      <input_file id="fl-70">
         <path>C:\ti\ccsv6\tools\compiler\ti-cgt-msp430_4.4.5\lib\</path>
         <kind>archive</kind>
         <file>rts430x_lc_ld_eabi.lib</file>
         <name>mult1632_f5hw.obj</name>
      </input_file>
      <input_file id="fl-71">
         <path>C:\ti\ccsv6\tools\compiler\ti-cgt-msp430_4.4.5\lib\</path>
         <kind>archive</kind>
         <file>rts430x_lc_ld_eabi.lib</file>
         <name>mult3264_f5hw.obj</name>
      </input_file>
      <input_file id="fl-72">
         <path>C:\ti\ccsv6\tools\compiler\ti-cgt-msp430_4.4.5\lib\</path>
         <kind>archive</kind>
         <file>rts430x_lc_ld_eabi.lib</file>
         <name>lsl32.obj</name>
      </input_file>
      <input_file id="fl-73">
         <path>C:\ti\ccsv6\tools\compiler\ti-cgt-msp430_4.4.5\lib\</path>
         <kind>archive</kind>
         <file>rts430x_lc_ld_eabi.lib</file>
         <name>asr32.obj</name>
      </input_file>
      <input_file id="fl-74">
         <path>C:\ti\ccsv6\tools\compiler\ti-cgt-msp430_4.4.5\lib\</path>
         <kind>archive</kind>
         <file>rts430x_lc_ld_eabi.lib</file>
         <name>lsr32.obj</name>
      </input_file>
      <input_file id="fl-75">
         <path>C:\ti\ccsv6\tools\compiler\ti-cgt-msp430_4.4.5\lib\</path>
         <kind>archive</kind>
         <file>rts430x_lc_ld_eabi.lib</file>
         <name>subd.obj</name>
      </input_file>
      <input_file id="fl-76">
         <path>C:\ti\ccsv6\tools\compiler\ti-cgt-msp430_4.4.5\lib\</path>
         <kind>archive</kind>
         <file>rts430x_lc_ld_eabi.lib</file>
         <name>boot.obj</name>
      </input_file>
      <input_file id="fl-77">
         <path>C:\ti\ccsv6\tools\compiler\ti-cgt-msp430_4.4.5\lib\</path>
         <kind>archive</kind>
         <file>rts430x_lc_ld_eabi.lib</file>
         <name>args_main.obj</name>
      </input_file>
      <input_file id="fl-78">
         <path>C:\ti\ccsv6\tools\compiler\ti-cgt-msp430_4.4.5\lib\</path>
         <kind>archive</kind>
         <file>rts430x_lc_ld_eabi.lib</file>
         <name>autoinit_wdt.obj</name>
      </input_file>
      <input_file id="fl-79">
         <path>C:\ti\ccsv6\tools\compiler\ti-cgt-msp430_4.4.5\lib\</path>
         <kind>archive</kind>
         <file>rts430x_lc_ld_eabi.lib</file>
         <name>boot_special.obj</name>
      </input_file>
      <input_file id="fl-7a">
         <path>C:\ti\ccsv6\ccs_base\msp430\lib\FR59xx\</path>
         <kind>archive</kind>
         <file>MSPMPU_INIT_LIB_CCS_msp430_large_code_large_data.lib</file>
         <name>mpu_init.o</name>
      </input_file>
      <input_file id="fl-7b">
         <path>C:\ti\ccsv6\tools\compiler\ti-cgt-msp430_4.4.5\lib\</path>
         <kind>archive</kind>
         <file>rts430x_lc_ld_eabi.lib</file>
         <name>pre_init.obj</name>
      </input_file>
      <input_file id="fl-7c">
         <path>C:\ti\ccsv6\tools\compiler\ti-cgt-msp430_4.4.5\lib\</path>
         <kind>archive</kind>
         <file>rts430x_lc_ld_eabi.lib</file>
         <name>exit.obj</name>
      </input_file>
      <input_file id="fl-7d">
         <path>C:\ti\ccsv6\tools\compiler\ti-cgt-msp430_4.4.5\lib\</path>
         <kind>archive</kind>
         <file>rts430x_lc_ld_eabi.lib</file>
         <name>exit_gvars.obj</name>
      </input_file>
      <input_file id="fl-7e">
         <path>C:\ti\ccsv6\tools\compiler\ti-cgt-msp430_4.4.5\lib\</path>
         <kind>archive</kind>
         <file>rts430x_lc_ld_eabi.lib</file>
         <name>_lock.obj</name>
      </input_file>
      <input_file id="fl-7f">
         <path>C:\ti\ccsv6\tools\compiler\ti-cgt-msp430_4.4.5\lib\</path>
         <kind>archive</kind>
         <file>rts430x_lc_ld_eabi.lib</file>
         <name>memcpy.obj</name>
      </input_file>
      <input_file id="fl-80">
         <path>C:\ti\ccsv6\tools\compiler\ti-cgt-msp430_4.4.5\lib\</path>
         <kind>archive</kind>
         <file>rts430x_lc_ld_eabi.lib</file>
         <name>sqrt.obj</name>
      </input_file>
      <input_file id="fl-81">
         <path>C:\ti\ccsv6\tools\compiler\ti-cgt-msp430_4.4.5\lib\</path>
         <kind>archive</kind>
         <file>rts430x_lc_ld_eabi.lib</file>
         <name>xdscale.obj</name>
      </input_file>
      <input_file id="fl-82">
         <path>C:\ti\ccsv6\tools\compiler\ti-cgt-msp430_4.4.5\lib\</path>
         <kind>archive</kind>
         <file>rts430x_lc_ld_eabi.lib</file>
         <name>xdnorm.obj</name>
      </input_file>
      <input_file id="fl-83">
         <path>C:\ti\ccsv6\tools\compiler\ti-cgt-msp430_4.4.5\lib\</path>
         <kind>archive</kind>
         <file>rts430x_lc_ld_eabi.lib</file>
         <name>xdunscal.obj</name>
      </input_file>
      <input_file id="fl-84">
         <path>C:\ti\ccsv6\tools\compiler\ti-cgt-msp430_4.4.5\lib\</path>
         <kind>archive</kind>
         <file>rts430x_lc_ld_eabi.lib</file>
         <name>xferaise.obj</name>
      </input_file>
      <input_file id="fl-85">
         <path>C:\ti\ccsv6\tools\compiler\ti-cgt-msp430_4.4.5\lib\</path>
         <kind>archive</kind>
         <file>rts430x_lc_ld_eabi.lib</file>
         <name>errno.obj</name>
      </input_file>
      <input_file id="fl-86">
         <path>C:\ti\ccsv6\tools\compiler\ti-cgt-msp430_4.4.5\lib\</path>
         <kind>archive</kind>
         <file>rts430x_lc_ld_eabi.lib</file>
         <name>xvalues.obj</name>
      </input_file>
      <input_file id="fl-87">
         <path>C:\ti\ccsv6\tools\compiler\ti-cgt-msp430_4.4.5\lib\</path>
         <kind>archive</kind>
         <file>rts430x_lc_ld_eabi.lib</file>
         <name>negd.obj</name>
      </input_file>
      <input_file id="fl-88">
         <path>C:\ti\ccsv6\tools\compiler\ti-cgt-msp430_4.4.5\lib\</path>
         <kind>archive</kind>
         <file>rts430x_lc_ld_eabi.lib</file>
         <name>lsl16.obj</name>
      </input_file>
      <input_file id="fl-89">
         <path>C:\ti\ccsv6\tools\compiler\ti-cgt-msp430_4.4.5\lib\</path>
         <kind>archive</kind>
         <file>rts430x_lc_ld_eabi.lib</file>
         <name>lsr16.obj</name>
      </input_file>
      <input_file id="fl-8a">
         <path>C:\ti\ccsv6\tools\compiler\ti-cgt-msp430_4.4.5\lib\</path>
         <kind>archive</kind>
         <file>rts430x_lc_ld_eabi.lib</file>
         <name>feraiseexcept.obj</name>
      </input_file>
      <input_file id="fl-8b">
         <path>C:\ti\ccsv6\tools\compiler\ti-cgt-msp430_4.4.5\lib\</path>
         <kind>archive</kind>
         <file>rts430x_lc_ld_eabi.lib</file>
         <name>raise.obj</name>
      </input_file>
      <input_file id="fl-8c">
         <path>C:\ti\ccsv6\tools\compiler\ti-cgt-msp430_4.4.5\lib\</path>
         <kind>archive</kind>
         <file>rts430x_lc_ld_eabi.lib</file>
         <name>signal.obj</name>
      </input_file>
   </input_file_list>
   <object_component_list>
      <object_component id="oc-313">
         <name>.fram_vars</name>
         <uninitialized>true</uninitialized>
         <run_address>0x4400</run_address>
         <size>0x7d0</size>
         <input_file_ref idref="fl-7"/>
      </object_component>
      <object_component id="oc-5de">
         <name>.cinit..data.load</name>
         <load_address>0x6810</load_address>
         <run_address>0x6810</run_address>
         <size>0x55</size>
      </object_component>
      <object_component id="oc-5db">
         <name>__TI_handler_table</name>
         <load_address>0x6866</load_address>
         <run_address>0x6866</run_address>
         <size>0xc</size>
      </object_component>
      <object_component id="oc-5dd">
         <name>.cinit..bss.load</name>
         <load_address>0x6872</load_address>
         <run_address>0x6872</run_address>
         <size>0x6</size>
      </object_component>
      <object_component id="oc-5dc">
         <name>__TI_cinit_table</name>
         <load_address>0x6878</load_address>
         <run_address>0x6878</run_address>
         <size>0x10</size>
      </object_component>
      <object_component id="oc-501">
         <name>.const:Table_UCBRSx</name>
         <load_address>0x6566</load_address>
         <run_address>0x6566</run_address>
         <size>0x240</size>
         <input_file_ref idref="fl-c"/>
      </object_component>
      <object_component id="oc-2e8">
         <name>.const:.string</name>
         <load_address>0x67a6</load_address>
         <run_address>0x67a6</run_address>
         <size>0x6a</size>
         <input_file_ref idref="fl-c"/>
      </object_component>
      <object_component id="oc-121">
         <name>.text:_isr:USCI_A1_ISR</name>
         <load_address>0x6000</load_address>
         <run_address>0x6000</run_address>
         <size>0xd2</size>
         <input_file_ref idref="fl-4"/>
      </object_component>
      <object_component id="oc-10f">
         <name>.text:_isr:Port1_ISR</name>
         <load_address>0x60d2</load_address>
         <run_address>0x60d2</run_address>
         <size>0x42</size>
         <input_file_ref idref="fl-4"/>
      </object_component>
      <object_component id="oc-139">
         <name>.text:_isr:USCI_B0_ISR</name>
         <load_address>0x6114</load_address>
         <run_address>0x6114</run_address>
         <size>0x42</size>
         <input_file_ref idref="fl-4"/>
      </object_component>
      <object_component id="oc-fd">
         <name>.text:_isr:Port4_ISR</name>
         <load_address>0x6156</load_address>
         <run_address>0x6156</run_address>
         <size>0x38</size>
         <input_file_ref idref="fl-4"/>
      </object_component>
      <object_component id="oc-11b">
         <name>.text:_isr:TIMER1_A0_ISR</name>
         <load_address>0x618e</load_address>
         <run_address>0x618e</run_address>
         <size>0x22</size>
         <input_file_ref idref="fl-4"/>
      </object_component>
      <object_component id="oc-12d">
         <name>.text:_isr:TIMER0_A0_ISR</name>
         <load_address>0x61b0</load_address>
         <run_address>0x61b0</run_address>
         <size>0x20</size>
         <input_file_ref idref="fl-4"/>
      </object_component>
      <object_component id="oc-bc">
         <name>.text:_isr:_c_int00_noargs_noexit_mpu</name>
         <load_address>0x61d0</load_address>
         <run_address>0x61d0</run_address>
         <size>0x1e</size>
         <input_file_ref idref="fl-79"/>
      </object_component>
      <object_component id="oc-133">
         <name>.text:_isr:ADC12_ISR</name>
         <load_address>0x61ee</load_address>
         <run_address>0x61ee</run_address>
         <size>0x1c</size>
         <input_file_ref idref="fl-4"/>
      </object_component>
      <object_component id="oc-109">
         <name>.text:_isr:Timer2_A0_ISR</name>
         <load_address>0x620a</load_address>
         <run_address>0x620a</run_address>
         <size>0xe</size>
         <input_file_ref idref="fl-4"/>
      </object_component>
      <object_component id="oc-127">
         <name>.text:_isr:TIMER0_A1_ISR</name>
         <load_address>0x6218</load_address>
         <run_address>0x6218</run_address>
         <size>0xc</size>
         <input_file_ref idref="fl-4"/>
      </object_component>
      <object_component id="oc-115">
         <name>.text:_isr:TIMER1_A1_ISR</name>
         <load_address>0x6224</load_address>
         <run_address>0x6224</run_address>
         <size>0xc</size>
         <input_file_ref idref="fl-4"/>
      </object_component>
      <object_component id="oc-103">
         <name>.text:_isr:Timer2_A1_ISR</name>
         <load_address>0x6230</load_address>
         <run_address>0x6230</run_address>
         <size>0xc</size>
         <input_file_ref idref="fl-4"/>
      </object_component>
      <object_component id="oc-f8">
         <name>.text:_isr:__TI_ISR_TRAP</name>
         <load_address>0x623c</load_address>
         <run_address>0x623c</run_address>
         <size>0x6</size>
         <input_file_ref idref="fl-4c"/>
      </object_component>
      <object_component id="oc-de">
         <name>.text:memcpy</name>
         <load_address>0x6242</load_address>
         <run_address>0x6242</run_address>
         <size>0x2a</size>
         <input_file_ref idref="fl-7f"/>
      </object_component>
      <object_component id="oc-222">
         <name>.text:Init_System</name>
         <load_address>0x626c</load_address>
         <run_address>0x626c</run_address>
         <size>0x28</size>
         <input_file_ref idref="fl-d"/>
      </object_component>
      <object_component id="oc-15f">
         <name>.text:__mpu_init</name>
         <load_address>0x6294</load_address>
         <run_address>0x6294</run_address>
         <size>0x28</size>
         <input_file_ref idref="fl-7a"/>
      </object_component>
      <object_component id="oc-464">
         <name>.text:__mspabi_fixdi</name>
         <load_address>0x62bc</load_address>
         <run_address>0x62bc</run_address>
         <size>0x28</size>
         <input_file_ref idref="fl-64"/>
      </object_component>
      <object_component id="oc-2ef">
         <name>.text:UART_SendString</name>
         <load_address>0x62e4</load_address>
         <run_address>0x62e4</run_address>
         <size>0x26</size>
         <input_file_ref idref="fl-c"/>
      </object_component>
      <object_component id="oc-98">
         <name>.text:decompress:ZI:__TI_zero_init</name>
         <load_address>0x630a</load_address>
         <run_address>0x630a</run_address>
         <size>0x24</size>
         <input_file_ref idref="fl-5a"/>
      </object_component>
      <object_component id="oc-1eb">
         <name>.text:ADC_Read</name>
         <load_address>0x632e</load_address>
         <run_address>0x632e</run_address>
         <size>0x22</size>
         <input_file_ref idref="fl-2"/>
      </object_component>
      <object_component id="oc-34b">
         <name>.text:SPI_BusyB</name>
         <load_address>0x6350</load_address>
         <run_address>0x6350</run_address>
         <size>0x22</size>
         <input_file_ref idref="fl-8"/>
      </object_component>
      <object_component id="oc-51e">
         <name>.text</name>
         <load_address>0x6372</load_address>
         <run_address>0x6372</run_address>
         <size>0x22</size>
         <input_file_ref idref="fl-6e"/>
      </object_component>
      <object_component id="oc-234">
         <name>.text:ADC_SetMidpointOffset</name>
         <load_address>0x6394</load_address>
         <run_address>0x6394</run_address>
         <size>0x1e</size>
         <input_file_ref idref="fl-2"/>
      </object_component>
      <object_component id="oc-23a">
         <name>.text:ADC_SampleWait</name>
         <load_address>0x63b2</load_address>
         <run_address>0x63b2</run_address>
         <size>0x1c</size>
         <input_file_ref idref="fl-2"/>
      </object_component>
      <object_component id="oc-271">
         <name>.text:TLC_Blank</name>
         <load_address>0x63ce</load_address>
         <run_address>0x63ce</run_address>
         <size>0x1a</size>
         <input_file_ref idref="fl-b"/>
      </object_component>
      <object_component id="oc-277">
         <name>.text:TLC_XLAT</name>
         <load_address>0x63e8</load_address>
         <run_address>0x63e8</run_address>
         <size>0x1a</size>
         <input_file_ref idref="fl-b"/>
      </object_component>
      <object_component id="oc-2e9">
         <name>.text:UART_SendStringCRLN</name>
         <load_address>0x6402</load_address>
         <run_address>0x6402</run_address>
         <size>0x1a</size>
         <input_file_ref idref="fl-c"/>
      </object_component>
      <object_component id="oc-3a3">
         <name>.text:UART_CleanBufferTX</name>
         <load_address>0x641c</load_address>
         <run_address>0x641c</run_address>
         <size>0x16</size>
         <input_file_ref idref="fl-c"/>
      </object_component>
      <object_component id="oc-73">
         <name>.text:decompress:none:__TI_decompress_none</name>
         <load_address>0x6432</load_address>
         <run_address>0x6432</run_address>
         <size>0x16</size>
         <input_file_ref idref="fl-49"/>
      </object_component>
      <object_component id="oc-424">
         <name>.text</name>
         <load_address>0x6448</load_address>
         <run_address>0x6448</run_address>
         <size>0x16</size>
         <input_file_ref idref="fl-62"/>
      </object_component>
      <object_component id="oc-322">
         <name>.text</name>
         <load_address>0x645e</load_address>
         <run_address>0x645e</run_address>
         <size>0x16</size>
         <input_file_ref idref="fl-6c"/>
      </object_component>
      <object_component id="oc-39d">
         <name>.text:UART_CleanBufferRX</name>
         <load_address>0x6474</load_address>
         <run_address>0x6474</run_address>
         <size>0x12</size>
         <input_file_ref idref="fl-c"/>
      </object_component>
      <object_component id="oc-48f">
         <name>.text:ADC_ReferenceBusy</name>
         <load_address>0x6486</load_address>
         <run_address>0x6486</run_address>
         <size>0x10</size>
         <input_file_ref idref="fl-2"/>
      </object_component>
      <object_component id="oc-50f">
         <name>.text:l_asr</name>
         <load_address>0x6496</load_address>
         <run_address>0x6496</run_address>
         <size>0x10</size>
         <input_file_ref idref="fl-73"/>
      </object_component>
      <object_component id="oc-50a">
         <name>.text:l_lsl</name>
         <load_address>0x64a6</load_address>
         <run_address>0x64a6</run_address>
         <size>0x10</size>
         <input_file_ref idref="fl-72"/>
      </object_component>
      <object_component id="oc-41e">
         <name>.text:l_lsr</name>
         <load_address>0x64b6</load_address>
         <run_address>0x64b6</run_address>
         <size>0x10</size>
         <input_file_ref idref="fl-74"/>
      </object_component>
      <object_component id="oc-2c3">
         <name>.text:Init_Timers</name>
         <load_address>0x64c6</load_address>
         <run_address>0x64c6</run_address>
         <size>0xe</size>
         <input_file_ref idref="fl-a"/>
      </object_component>
      <object_component id="oc-3db">
         <name>.text:PRO_ClearProcessBuffer</name>
         <load_address>0x64d4</load_address>
         <run_address>0x64d4</run_address>
         <size>0xe</size>
         <input_file_ref idref="fl-7"/>
      </object_component>
      <object_component id="oc-42f">
         <name>.text:TMR_SetTimerA0</name>
         <load_address>0x64e2</load_address>
         <run_address>0x64e2</run_address>
         <size>0xe</size>
         <input_file_ref idref="fl-a"/>
      </object_component>
      <object_component id="oc-43c">
         <name>.text:TMR_SetTimerA1</name>
         <load_address>0x64f0</load_address>
         <run_address>0x64f0</run_address>
         <size>0xe</size>
         <input_file_ref idref="fl-a"/>
      </object_component>
      <object_component id="oc-449">
         <name>.text:TMR_SetTimerA2</name>
         <load_address>0x64fe</load_address>
         <run_address>0x64fe</run_address>
         <size>0xe</size>
         <input_file_ref idref="fl-a"/>
      </object_component>
      <object_component id="oc-473">
         <name>.text:__mspabi_fltid</name>
         <load_address>0x650c</load_address>
         <run_address>0x650c</run_address>
         <size>0xc</size>
         <input_file_ref idref="fl-66"/>
      </object_component>
      <object_component id="oc-4c7">
         <name>.text</name>
         <load_address>0x6518</load_address>
         <run_address>0x6518</run_address>
         <size>0xa</size>
         <input_file_ref idref="fl-88"/>
      </object_component>
      <object_component id="oc-4c2">
         <name>.text</name>
         <load_address>0x6522</load_address>
         <run_address>0x6522</run_address>
         <size>0xa</size>
         <input_file_ref idref="fl-89"/>
      </object_component>
      <object_component id="oc-2fc">
         <name>.text:LED_RedToggle</name>
         <load_address>0x652c</load_address>
         <run_address>0x652c</run_address>
         <size>0x8</size>
         <input_file_ref idref="fl-5"/>
      </object_component>
      <object_component id="oc-2af">
         <name>.text:SYS_Unlock</name>
         <load_address>0x6534</load_address>
         <run_address>0x6534</run_address>
         <size>0x8</size>
         <input_file_ref idref="fl-9"/>
      </object_component>
      <object_component id="oc-2e1">
         <name>.text:Init_Processing</name>
         <load_address>0x653c</load_address>
         <run_address>0x653c</run_address>
         <size>0x6</size>
         <input_file_ref idref="fl-7"/>
      </object_component>
      <object_component id="oc-2f6">
         <name>.text:LED_GreenToggle</name>
         <load_address>0x6542</load_address>
         <run_address>0x6542</run_address>
         <size>0x6</size>
         <input_file_ref idref="fl-5"/>
      </object_component>
      <object_component id="oc-1bd">
         <name>.text:TMR_ResetTimerA0</name>
         <load_address>0x6548</load_address>
         <run_address>0x6548</run_address>
         <size>0x6</size>
         <input_file_ref idref="fl-a"/>
      </object_component>
      <object_component id="oc-19c">
         <name>.text:TMR_ResetTimerA1</name>
         <load_address>0x654e</load_address>
         <run_address>0x654e</run_address>
         <size>0x6</size>
         <input_file_ref idref="fl-a"/>
      </object_component>
      <object_component id="oc-44f">
         <name>.text:TMR_ResetTimerA2</name>
         <load_address>0x6554</load_address>
         <run_address>0x6554</run_address>
         <size>0x6</size>
         <input_file_ref idref="fl-a"/>
      </object_component>
      <object_component id="oc-79">
         <name>.text:decompress:rle24:__TI_decompress_rle24</name>
         <load_address>0x655a</load_address>
         <run_address>0x655a</run_address>
         <size>0x6</size>
         <input_file_ref idref="fl-4a"/>
      </object_component>
      <object_component id="oc-16e">
         <name>.text:abort</name>
         <load_address>0x6560</load_address>
         <run_address>0x6560</run_address>
         <size>0x4</size>
         <input_file_ref idref="fl-7c"/>
      </object_component>
      <object_component id="oc-29d">
         <name>.text:_nop</name>
         <load_address>0x6564</load_address>
         <run_address>0x6564</run_address>
         <size>0x2</size>
         <input_file_ref idref="fl-7e"/>
      </object_component>
      <object_component id="oc-249">
         <name>.text:PRO_ProcessData</name>
         <load_address>0x10000</load_address>
         <run_address>0x10000</run_address>
         <size>0x9e4</size>
         <input_file_ref idref="fl-7"/>
      </object_component>
      <object_component id="oc-2b5">
         <name>.text:SYS_CalculateClocks</name>
         <load_address>0x109e4</load_address>
         <run_address>0x109e4</run_address>
         <size>0x6a4</size>
         <input_file_ref idref="fl-9"/>
      </object_component>
      <object_component id="oc-4ba">
         <name>.text:__TI_frcdivd</name>
         <load_address>0x11088</load_address>
         <run_address>0x11088</run_address>
         <size>0x452</size>
         <input_file_ref idref="fl-60"/>
      </object_component>
      <object_component id="oc-4b2">
         <name>.text:__TI_frcmpyd</name>
         <load_address>0x114da</load_address>
         <run_address>0x114da</run_address>
         <size>0x2e4</size>
         <input_file_ref idref="fl-6a"/>
      </object_component>
      <object_component id="oc-3fc">
         <name>.text:__mspabi_addd</name>
         <load_address>0x117be</load_address>
         <run_address>0x117be</run_address>
         <size>0x2d8</size>
         <input_file_ref idref="fl-5b"/>
      </object_component>
      <object_component id="oc-402">
         <name>.text:__mspabi_mpyd</name>
         <load_address>0x11a96</load_address>
         <run_address>0x11a96</run_address>
         <size>0x282</size>
         <input_file_ref idref="fl-69"/>
      </object_component>
      <object_component id="oc-4a5">
         <name>.text:__TI_frcaddd</name>
         <load_address>0x11d18</load_address>
         <run_address>0x11d18</run_address>
         <size>0x252</size>
         <input_file_ref idref="fl-5c"/>
      </object_component>
      <object_component id="oc-408">
         <name>.text:__mspabi_divd</name>
         <load_address>0x11f6a</load_address>
         <run_address>0x11f6a</run_address>
         <size>0x222</size>
         <input_file_ref idref="fl-5f"/>
      </object_component>
      <object_component id="oc-32d">
         <name>.text:sqrt</name>
         <load_address>0x1218c</load_address>
         <run_address>0x1218c</run_address>
         <size>0x1f0</size>
         <input_file_ref idref="fl-80"/>
      </object_component>
      <object_component id="oc-3b5">
         <name>.text:UART_Parameters</name>
         <load_address>0x1237c</load_address>
         <run_address>0x1237c</run_address>
         <size>0x1a0</size>
         <input_file_ref idref="fl-c"/>
      </object_component>
      <object_component id="oc-40e">
         <name>.text:_Dscale</name>
         <load_address>0x1251c</load_address>
         <run_address>0x1251c</run_address>
         <size>0x19e</size>
         <input_file_ref idref="fl-81"/>
      </object_component>
      <object_component id="oc-252">
         <name>.text:TLC_SetLEDsLinear</name>
         <load_address>0x126ba</load_address>
         <run_address>0x126ba</run_address>
         <size>0x184</size>
         <input_file_ref idref="fl-b"/>
      </object_component>
      <object_component id="oc-49d">
         <name>.text:_Dnorm</name>
         <load_address>0x1283e</load_address>
         <run_address>0x1283e</run_address>
         <size>0x100</size>
         <input_file_ref idref="fl-82"/>
      </object_component>
      <object_component id="oc-485">
         <name>.text:UART_LookupUCBRSx</name>
         <load_address>0x1293e</load_address>
         <run_address>0x1293e</run_address>
         <size>0xfc</size>
         <input_file_ref idref="fl-c"/>
      </object_component>
      <object_component id="oc-3ce">
         <name>.text:ADC_SetReference</name>
         <load_address>0x12a3a</load_address>
         <run_address>0x12a3a</run_address>
         <size>0xf0</size>
         <input_file_ref idref="fl-2"/>
      </object_component>
      <object_component id="oc-1b0">
         <name>.text:TLC_UpdateLEDs</name>
         <load_address>0x12b2a</load_address>
         <run_address>0x12b2a</run_address>
         <size>0xda</size>
         <input_file_ref idref="fl-b"/>
      </object_component>
      <object_component id="oc-4fa">
         <name>.text:__mspabi_cmpd</name>
         <load_address>0x12c04</load_address>
         <run_address>0x12c04</run_address>
         <size>0xd8</size>
         <input_file_ref idref="fl-5e"/>
      </object_component>
      <object_component id="oc-383">
         <name>.text:SPI_SetParametersB</name>
         <load_address>0x12cdc</load_address>
         <run_address>0x12cdc</run_address>
         <size>0xd0</size>
         <input_file_ref idref="fl-8"/>
      </object_component>
      <object_component id="oc-514">
         <name>.text:__TI_renormd</name>
         <load_address>0x12dac</load_address>
         <run_address>0x12dac</run_address>
         <size>0xb2</size>
         <input_file_ref idref="fl-5d"/>
      </object_component>
      <object_component id="oc-26b">
         <name>.text:SPI_WriteB</name>
         <load_address>0x12e5e</load_address>
         <run_address>0x12e5e</run_address>
         <size>0xa4</size>
         <input_file_ref idref="fl-8"/>
      </object_component>
      <object_component id="oc-21c">
         <name>.text:Init_App</name>
         <load_address>0x12f02</load_address>
         <run_address>0x12f02</run_address>
         <size>0x96</size>
         <input_file_ref idref="fl-d"/>
      </object_component>
      <object_component id="oc-2db">
         <name>.text:Init_ADC</name>
         <load_address>0x12f98</load_address>
         <run_address>0x12f98</run_address>
         <size>0x94</size>
         <input_file_ref idref="fl-2"/>
      </object_component>
      <object_component id="oc-4ee">
         <name>.text:__mspabi_fltlid</name>
         <load_address>0x1302c</load_address>
         <run_address>0x1302c</run_address>
         <size>0x94</size>
         <input_file_ref idref="fl-67"/>
      </object_component>
      <object_component id="oc-14c">
         <name>.text:_auto_init_hold_wdt</name>
         <load_address>0x130c0</load_address>
         <run_address>0x130c0</run_address>
         <size>0x92</size>
         <input_file_ref idref="fl-78"/>
      </object_component>
      <object_component id="oc-1c3">
         <name>.text:TMR_ModeTimerA0</name>
         <load_address>0x13152</load_address>
         <run_address>0x13152</run_address>
         <size>0x7a</size>
         <input_file_ref idref="fl-a"/>
      </object_component>
      <object_component id="oc-1a2">
         <name>.text:TMR_ModeTimerA1</name>
         <load_address>0x131cc</load_address>
         <run_address>0x131cc</run_address>
         <size>0x7a</size>
         <input_file_ref idref="fl-a"/>
      </object_component>
      <object_component id="oc-396">
         <name>.text:TMR_ModeTimerA2</name>
         <load_address>0x13246</load_address>
         <run_address>0x13246</run_address>
         <size>0x7a</size>
         <input_file_ref idref="fl-a"/>
      </object_component>
      <object_component id="oc-47f">
         <name>.text:MSC_ABS</name>
         <load_address>0x132c0</load_address>
         <run_address>0x132c0</run_address>
         <size>0x76</size>
         <input_file_ref idref="fl-6"/>
      </object_component>
      <object_component id="oc-327">
         <name>.text:__mspabi_fltuld</name>
         <load_address>0x13336</load_address>
         <run_address>0x13336</run_address>
         <size>0x76</size>
         <input_file_ref idref="fl-68"/>
      </object_component>
      <object_component id="oc-3f6">
         <name>.text:_Dunscale</name>
         <load_address>0x133ac</load_address>
         <run_address>0x133ac</run_address>
         <size>0x72</size>
         <input_file_ref idref="fl-83"/>
      </object_component>
      <object_component id="oc-eb">
         <name>.text:__TI_decompress_rle_core</name>
         <load_address>0x1341e</load_address>
         <run_address>0x1341e</run_address>
         <size>0x68</size>
         <input_file_ref idref="fl-4a"/>
      </object_component>
      <object_component id="oc-333">
         <name>.text:__mspabi_fixdli</name>
         <load_address>0x13486</load_address>
         <run_address>0x13486</run_address>
         <size>0x66</size>
         <input_file_ref idref="fl-65"/>
      </object_component>
      <object_component id="oc-166">
         <name>.text:main</name>
         <load_address>0x134ec</load_address>
         <run_address>0x134ec</run_address>
         <size>0x64</size>
         <input_file_ref idref="fl-e"/>
      </object_component>
      <object_component id="oc-228">
         <name>.text:UART_PrintBanner</name>
         <load_address>0x13550</load_address>
         <run_address>0x13550</run_address>
         <size>0x62</size>
         <input_file_ref idref="fl-c"/>
      </object_component>
      <object_component id="oc-2c9">
         <name>.text:Init_SPI</name>
         <load_address>0x135b2</load_address>
         <run_address>0x135b2</run_address>
         <size>0x5c</size>
         <input_file_ref idref="fl-8"/>
      </object_component>
      <object_component id="oc-30a">
         <name>.text:ADC_Sample</name>
         <load_address>0x1360e</load_address>
         <run_address>0x1360e</run_address>
         <size>0x58</size>
         <input_file_ref idref="fl-2"/>
      </object_component>
      <object_component id="oc-216">
         <name>.text:SYS_ConfigureOscillator</name>
         <load_address>0x13666</load_address>
         <run_address>0x13666</run_address>
         <size>0x58</size>
         <input_file_ref idref="fl-9"/>
      </object_component>
      <object_component id="oc-317">
         <name>.text</name>
         <load_address>0x136be</load_address>
         <run_address>0x136be</run_address>
         <size>0x58</size>
         <input_file_ref idref="fl-63"/>
      </object_component>
      <object_component id="oc-2d5">
         <name>.text:Init_UART</name>
         <load_address>0x13716</load_address>
         <run_address>0x13716</run_address>
         <size>0x4e</size>
         <input_file_ref idref="fl-c"/>
      </object_component>
      <object_component id="oc-3c8">
         <name>.text:ADC_Module</name>
         <load_address>0x13764</load_address>
         <run_address>0x13764</run_address>
         <size>0x4c</size>
         <input_file_ref idref="fl-2"/>
      </object_component>
      <object_component id="oc-45e">
         <name>.text:MSC_Round</name>
         <load_address>0x137b0</load_address>
         <run_address>0x137b0</run_address>
         <size>0x4c</size>
         <input_file_ref idref="fl-6"/>
      </object_component>
      <object_component id="oc-22e">
         <name>.text:LED_DisplayShow</name>
         <load_address>0x137fc</load_address>
         <run_address>0x137fc</run_address>
         <size>0x48</size>
         <input_file_ref idref="fl-5"/>
      </object_component>
      <object_component id="oc-341">
         <name>.text:TLC_SetLEDs</name>
         <load_address>0x13844</load_address>
         <run_address>0x13844</run_address>
         <size>0x46</size>
         <input_file_ref idref="fl-b"/>
      </object_component>
      <object_component id="oc-302">
         <name>.text:MSC_DelayUS</name>
         <load_address>0x1388a</load_address>
         <run_address>0x1388a</run_address>
         <size>0x42</size>
         <input_file_ref idref="fl-6"/>
      </object_component>
      <object_component id="oc-377">
         <name>.text:SPI_ModuleInterruptsB</name>
         <load_address>0x138cc</load_address>
         <run_address>0x138cc</run_address>
         <size>0x42</size>
         <input_file_ref idref="fl-8"/>
      </object_component>
      <object_component id="oc-243">
         <name>.text:PRO_AddToProcessBuffer</name>
         <load_address>0x1390e</load_address>
         <run_address>0x1390e</run_address>
         <size>0x40</size>
         <input_file_ref idref="fl-7"/>
      </object_component>
      <object_component id="oc-37d">
         <name>.text:SPI_ModuleB</name>
         <load_address>0x1394e</load_address>
         <run_address>0x1394e</run_address>
         <size>0x3e</size>
         <input_file_ref idref="fl-8"/>
      </object_component>
      <object_component id="oc-1f9">
         <name>.text:l_asr_const</name>
         <load_address>0x1398c</load_address>
         <run_address>0x1398c</run_address>
         <size>0x3e</size>
         <input_file_ref idref="fl-73"/>
      </object_component>
      <object_component id="oc-3ef">
         <name>.text:l_lsl_const</name>
         <load_address>0x139ca</load_address>
         <run_address>0x139ca</run_address>
         <size>0x3e</size>
         <input_file_ref idref="fl-72"/>
      </object_component>
      <object_component id="oc-35d">
         <name>.text:l_lsr_const</name>
         <load_address>0x13a08</load_address>
         <run_address>0x13a08</run_address>
         <size>0x3e</size>
         <input_file_ref idref="fl-74"/>
      </object_component>
      <object_component id="oc-2cf">
         <name>.text:Init_TLC5940</name>
         <load_address>0x13a46</load_address>
         <run_address>0x13a46</run_address>
         <size>0x38</size>
         <input_file_ref idref="fl-b"/>
      </object_component>
      <object_component id="oc-557">
         <name>.text:signal</name>
         <load_address>0x13a7e</load_address>
         <run_address>0x13a7e</run_address>
         <size>0x38</size>
         <input_file_ref idref="fl-8c"/>
      </object_component>
      <object_component id="oc-2bd">
         <name>.text:Init_Buttons</name>
         <load_address>0x13ab6</load_address>
         <run_address>0x13ab6</run_address>
         <size>0x36</size>
         <input_file_ref idref="fl-3"/>
      </object_component>
      <object_component id="oc-364">
         <name>.text:Init_TimerA0</name>
         <load_address>0x13aec</load_address>
         <run_address>0x13aec</run_address>
         <size>0x36</size>
         <input_file_ref idref="fl-a"/>
      </object_component>
      <object_component id="oc-36a">
         <name>.text:Init_TimerA1</name>
         <load_address>0x13b22</load_address>
         <run_address>0x13b22</run_address>
         <size>0x36</size>
         <input_file_ref idref="fl-a"/>
      </object_component>
      <object_component id="oc-370">
         <name>.text:Init_TimerA2</name>
         <load_address>0x13b58</load_address>
         <run_address>0x13b58</run_address>
         <size>0x36</size>
         <input_file_ref idref="fl-a"/>
      </object_component>
      <object_component id="oc-38a">
         <name>.text:MSC_CleanBuffer</name>
         <load_address>0x13b8e</load_address>
         <run_address>0x13b8e</run_address>
         <size>0x36</size>
         <input_file_ref idref="fl-6"/>
      </object_component>
      <object_component id="oc-414">
         <name>.text:_Feraise</name>
         <load_address>0x13bc4</load_address>
         <run_address>0x13bc4</run_address>
         <size>0x36</size>
         <input_file_ref idref="fl-84"/>
      </object_component>
      <object_component id="oc-4d4">
         <name>.text:feraiseexcept</name>
         <load_address>0x13bfa</load_address>
         <run_address>0x13bfa</run_address>
         <size>0x34</size>
         <input_file_ref idref="fl-8a"/>
      </object_component>
      <object_component id="oc-1a8">
         <name>.text:BUT_Button1Interrupt</name>
         <load_address>0x13c2e</load_address>
         <run_address>0x13c2e</run_address>
         <size>0x32</size>
         <input_file_ref idref="fl-3"/>
      </object_component>
      <object_component id="oc-193">
         <name>.text:LED_Red</name>
         <load_address>0x13c60</load_address>
         <run_address>0x13c60</run_address>
         <size>0x32</size>
         <input_file_ref idref="fl-5"/>
      </object_component>
      <object_component id="oc-390">
         <name>.text:TLC_XERRInterrupt</name>
         <load_address>0x13c92</load_address>
         <run_address>0x13c92</run_address>
         <size>0x32</size>
         <input_file_ref idref="fl-b"/>
      </object_component>
      <object_component id="oc-3a9">
         <name>.text:UART_ReceiveInterrupt</name>
         <load_address>0x13cc4</load_address>
         <run_address>0x13cc4</run_address>
         <size>0x32</size>
         <input_file_ref idref="fl-c"/>
      </object_component>
      <object_component id="oc-1df">
         <name>.text:UART_TransmitInterrupt</name>
         <load_address>0x13cf6</load_address>
         <run_address>0x13cf6</run_address>
         <size>0x32</size>
         <input_file_ref idref="fl-c"/>
      </object_component>
      <object_component id="oc-479">
         <name>.text:__mspabi_subd</name>
         <load_address>0x13d28</load_address>
         <run_address>0x13d28</run_address>
         <size>0x32</size>
         <input_file_ref idref="fl-75"/>
      </object_component>
      <object_component id="oc-533">
         <name>.text:raise</name>
         <load_address>0x13d5a</load_address>
         <run_address>0x13d5a</run_address>
         <size>0x32</size>
         <input_file_ref idref="fl-8b"/>
      </object_component>
      <object_component id="oc-262">
         <name>.text:TLC_GSCLK</name>
         <load_address>0x13d8c</load_address>
         <run_address>0x13d8c</run_address>
         <size>0x30</size>
         <input_file_ref idref="fl-b"/>
      </object_component>
      <object_component id="oc-31c">
         <name>.text:MSC_ABSL</name>
         <load_address>0x13dbc</load_address>
         <run_address>0x13dbc</run_address>
         <size>0x2e</size>
         <input_file_ref idref="fl-6"/>
      </object_component>
      <object_component id="oc-4cc">
         <name>.text:__mspabi_negd</name>
         <load_address>0x13dea</load_address>
         <run_address>0x13dea</run_address>
         <size>0x2e</size>
         <input_file_ref idref="fl-87"/>
      </object_component>
      <object_component id="oc-3c2">
         <name>.text:ADC_EnableConversion</name>
         <load_address>0x13e18</load_address>
         <run_address>0x13e18</run_address>
         <size>0x2c</size>
         <input_file_ref idref="fl-2"/>
      </object_component>
      <object_component id="oc-3d4">
         <name>.text:ADC_Interrupt</name>
         <load_address>0x13e44</load_address>
         <run_address>0x13e44</run_address>
         <size>0x2c</size>
         <input_file_ref idref="fl-2"/>
      </object_component>
      <object_component id="oc-1c9">
         <name>.text:BUT_Button2Interrupt</name>
         <load_address>0x13e70</load_address>
         <run_address>0x13e70</run_address>
         <size>0x2c</size>
         <input_file_ref idref="fl-3"/>
      </object_component>
      <object_component id="oc-1b7">
         <name>.text:LED_Green</name>
         <load_address>0x13e9c</load_address>
         <run_address>0x13e9c</run_address>
         <size>0x2c</size>
         <input_file_ref idref="fl-5"/>
      </object_component>
      <object_component id="oc-435">
         <name>.text:TMR_InterruptTimerA0</name>
         <load_address>0x13ec8</load_address>
         <run_address>0x13ec8</run_address>
         <size>0x2c</size>
         <input_file_ref idref="fl-a"/>
      </object_component>
      <object_component id="oc-442">
         <name>.text:TMR_InterruptTimerA1</name>
         <load_address>0x13ef4</load_address>
         <run_address>0x13ef4</run_address>
         <size>0x2c</size>
         <input_file_ref idref="fl-a"/>
      </object_component>
      <object_component id="oc-455">
         <name>.text:TMR_InterruptTimerA2</name>
         <load_address>0x13f20</load_address>
         <run_address>0x13f20</run_address>
         <size>0x2c</size>
         <input_file_ref idref="fl-a"/>
      </object_component>
      <object_component id="oc-3af">
         <name>.text:UART_Module</name>
         <load_address>0x13f4c</load_address>
         <run_address>0x13f4c</run_address>
         <size>0x2c</size>
         <input_file_ref idref="fl-c"/>
      </object_component>
      <object_component id="oc-1d5">
         <name>.text:UART_SendChar</name>
         <load_address>0x13f78</load_address>
         <run_address>0x13f78</run_address>
         <size>0x2c</size>
         <input_file_ref idref="fl-c"/>
      </object_component>
      <object_component id="oc-3bb">
         <name>.text:UART_Sleep</name>
         <load_address>0x13fa4</load_address>
         <run_address>0x13fa4</run_address>
         <size>0x2c</size>
         <input_file_ref idref="fl-c"/>
      </object_component>
      <object_component id="oc-339">
         <name>.text</name>
         <load_address>0x13fd0</load_address>
         <run_address>0x13fd0</run_address>
         <size>0x2c</size>
         <input_file_ref idref="fl-61"/>
      </object_component>
      <object_component id="oc-146">
         <name>.text:_system_pre_init</name>
         <load_address>0x13ffc</load_address>
         <run_address>0x13ffc</run_address>
         <size>0x4</size>
         <input_file_ref idref="fl-7b"/>
      </object_component>
      <object_component id="oc-240">
         <name>.common:ADC_Midpoint_Offset</name>
         <uninitialized>true</uninitialized>
         <run_address>0x2026</run_address>
         <size>0x6</size>
      </object_component>
      <object_component id="oc-28a">
         <name>.common:ADC_Counts</name>
         <uninitialized>true</uninitialized>
         <run_address>0x2020</run_address>
         <size>0x6</size>
      </object_component>
      <object_component id="oc-268">
         <name>.common:LEDs</name>
         <uninitialized>true</uninitialized>
         <run_address>0x2000</run_address>
         <size>0x20</size>
      </object_component>
      <object_component id="oc-1db">
         <name>.common:RX_Buffer</name>
         <uninitialized>true</uninitialized>
         <run_address>0x1c00</run_address>
         <size>0x200</size>
      </object_component>
      <object_component id="oc-1de">
         <name>.common:TX_Buffer</name>
         <uninitialized>true</uninitialized>
         <run_address>0x1e00</run_address>
         <size>0x200</size>
      </object_component>
      <object_component id="oc-1e8">
         <name>.data</name>
         <load_address>0x2198</load_address>
         <run_address>0x2198</run_address>
         <size>0x3</size>
         <input_file_ref idref="fl-2"/>
      </object_component>
      <object_component id="oc-199">
         <name>.data</name>
         <load_address>0x219c</load_address>
         <run_address>0x219c</run_address>
         <size>0x2</size>
         <input_file_ref idref="fl-7"/>
      </object_component>
      <object_component id="oc-1f2">
         <name>.data</name>
         <load_address>0x218f</load_address>
         <run_address>0x218f</run_address>
         <size>0x1</size>
         <input_file_ref idref="fl-8"/>
      </object_component>
      <object_component id="oc-35a">
         <name>.data</name>
         <load_address>0x215c</load_address>
         <run_address>0x215c</run_address>
         <size>0x24</size>
         <input_file_ref idref="fl-9"/>
      </object_component>
      <object_component id="oc-24f">
         <name>.data</name>
         <load_address>0x219b</load_address>
         <run_address>0x219b</run_address>
         <size>0x1</size>
         <input_file_ref idref="fl-b"/>
      </object_component>
      <object_component id="oc-1d2">
         <name>.data</name>
         <load_address>0x2188</load_address>
         <run_address>0x2188</run_address>
         <size>0x7</size>
         <input_file_ref idref="fl-c"/>
      </object_component>
      <object_component id="oc-207">
         <name>.data:_lock</name>
         <load_address>0x2190</load_address>
         <run_address>0x2190</run_address>
         <size>0x4</size>
         <input_file_ref idref="fl-7e"/>
      </object_component>
      <object_component id="oc-210">
         <name>.data:_unlock</name>
         <load_address>0x2194</load_address>
         <run_address>0x2194</run_address>
         <size>0x4</size>
         <input_file_ref idref="fl-7e"/>
      </object_component>
      <object_component id="oc-4da">
         <name>.data</name>
         <load_address>0x219e</load_address>
         <run_address>0x219e</run_address>
         <size>0x2</size>
         <input_file_ref idref="fl-85"/>
      </object_component>
      <object_component id="oc-41a">
         <name>.data</name>
         <load_address>0x20dc</load_address>
         <run_address>0x20dc</run_address>
         <size>0x80</size>
         <input_file_ref idref="fl-86"/>
      </object_component>
      <object_component id="oc-530">
         <name>.data</name>
         <load_address>0x2180</load_address>
         <run_address>0x2180</run_address>
         <size>0x8</size>
         <input_file_ref idref="fl-8a"/>
      </object_component>
      <object_component id="oc-567">
         <name>.data:sigtable</name>
         <load_address>0x202c</load_address>
         <run_address>0x202c</run_address>
         <size>0xb0</size>
         <input_file_ref idref="fl-8c"/>
      </object_component>
      <object_component id="oc-da">
         <name>.stack</name>
         <uninitialized>true</uninitialized>
         <run_address>0x2360</run_address>
         <size>0x4</size>
         <input_file_ref idref="fl-76"/>
      </object_component>
      <object_component id="oc-5df">
         <name>.stack</name>
         <uninitialized>true</uninitialized>
         <run_address>0x2360</run_address>
         <size>0x0</size>
      </object_component>
      <object_component id="oc-7f">
         <name>.int30</name>
         <load_address>0xffcc</load_address>
         <run_address>0xffcc</run_address>
         <size>0x2</size>
         <input_file_ref idref="fl-4b"/>
      </object_component>
      <object_component id="oc-80">
         <name>.int31</name>
         <load_address>0xffce</load_address>
         <run_address>0xffce</run_address>
         <size>0x2</size>
         <input_file_ref idref="fl-4d"/>
      </object_component>
      <object_component id="oc-81">
         <name>.int32</name>
         <load_address>0xffd0</load_address>
         <run_address>0xffd0</run_address>
         <size>0x2</size>
         <input_file_ref idref="fl-4"/>
      </object_component>
      <object_component id="oc-82">
         <name>.int33</name>
         <load_address>0xffd2</load_address>
         <run_address>0xffd2</run_address>
         <size>0x2</size>
         <input_file_ref idref="fl-4e"/>
      </object_component>
      <object_component id="oc-83">
         <name>.int34</name>
         <load_address>0xffd4</load_address>
         <run_address>0xffd4</run_address>
         <size>0x2</size>
         <input_file_ref idref="fl-4f"/>
      </object_component>
      <object_component id="oc-84">
         <name>.int35</name>
         <load_address>0xffd6</load_address>
         <run_address>0xffd6</run_address>
         <size>0x2</size>
         <input_file_ref idref="fl-50"/>
      </object_component>
      <object_component id="oc-85">
         <name>.int36</name>
         <load_address>0xffd8</load_address>
         <run_address>0xffd8</run_address>
         <size>0x2</size>
         <input_file_ref idref="fl-51"/>
      </object_component>
      <object_component id="oc-86">
         <name>.int37</name>
         <load_address>0xffda</load_address>
         <run_address>0xffda</run_address>
         <size>0x2</size>
         <input_file_ref idref="fl-4"/>
      </object_component>
      <object_component id="oc-87">
         <name>.int38</name>
         <load_address>0xffdc</load_address>
         <run_address>0xffdc</run_address>
         <size>0x2</size>
         <input_file_ref idref="fl-4"/>
      </object_component>
      <object_component id="oc-88">
         <name>.int39</name>
         <load_address>0xffde</load_address>
         <run_address>0xffde</run_address>
         <size>0x2</size>
         <input_file_ref idref="fl-4"/>
      </object_component>
      <object_component id="oc-89">
         <name>.int40</name>
         <load_address>0xffe0</load_address>
         <run_address>0xffe0</run_address>
         <size>0x2</size>
         <input_file_ref idref="fl-4"/>
      </object_component>
      <object_component id="oc-8a">
         <name>.int41</name>
         <load_address>0xffe2</load_address>
         <run_address>0xffe2</run_address>
         <size>0x2</size>
         <input_file_ref idref="fl-4"/>
      </object_component>
      <object_component id="oc-8b">
         <name>.int42</name>
         <load_address>0xffe4</load_address>
         <run_address>0xffe4</run_address>
         <size>0x2</size>
         <input_file_ref idref="fl-52"/>
      </object_component>
      <object_component id="oc-8c">
         <name>.int43</name>
         <load_address>0xffe6</load_address>
         <run_address>0xffe6</run_address>
         <size>0x2</size>
         <input_file_ref idref="fl-4"/>
      </object_component>
      <object_component id="oc-8d">
         <name>.int44</name>
         <load_address>0xffe8</load_address>
         <run_address>0xffe8</run_address>
         <size>0x2</size>
         <input_file_ref idref="fl-4"/>
      </object_component>
      <object_component id="oc-8e">
         <name>.int45</name>
         <load_address>0xffea</load_address>
         <run_address>0xffea</run_address>
         <size>0x2</size>
         <input_file_ref idref="fl-4"/>
      </object_component>
      <object_component id="oc-8f">
         <name>.int46</name>
         <load_address>0xffec</load_address>
         <run_address>0xffec</run_address>
         <size>0x2</size>
         <input_file_ref idref="fl-4"/>
      </object_component>
      <object_component id="oc-90">
         <name>.int47</name>
         <load_address>0xffee</load_address>
         <run_address>0xffee</run_address>
         <size>0x2</size>
         <input_file_ref idref="fl-4"/>
      </object_component>
      <object_component id="oc-91">
         <name>.int48</name>
         <load_address>0xfff0</load_address>
         <run_address>0xfff0</run_address>
         <size>0x2</size>
         <input_file_ref idref="fl-53"/>
      </object_component>
      <object_component id="oc-92">
         <name>.int49</name>
         <load_address>0xfff2</load_address>
         <run_address>0xfff2</run_address>
         <size>0x2</size>
         <input_file_ref idref="fl-54"/>
      </object_component>
      <object_component id="oc-93">
         <name>.int50</name>
         <load_address>0xfff4</load_address>
         <run_address>0xfff4</run_address>
         <size>0x2</size>
         <input_file_ref idref="fl-55"/>
      </object_component>
      <object_component id="oc-94">
         <name>.int51</name>
         <load_address>0xfff6</load_address>
         <run_address>0xfff6</run_address>
         <size>0x2</size>
         <input_file_ref idref="fl-56"/>
      </object_component>
      <object_component id="oc-95">
         <name>.int52</name>
         <load_address>0xfff8</load_address>
         <run_address>0xfff8</run_address>
         <size>0x2</size>
         <input_file_ref idref="fl-57"/>
      </object_component>
      <object_component id="oc-96">
         <name>.int53</name>
         <load_address>0xfffa</load_address>
         <run_address>0xfffa</run_address>
         <size>0x2</size>
         <input_file_ref idref="fl-58"/>
      </object_component>
      <object_component id="oc-97">
         <name>.int54</name>
         <load_address>0xfffc</load_address>
         <run_address>0xfffc</run_address>
         <size>0x2</size>
         <input_file_ref idref="fl-59"/>
      </object_component>
      <object_component id="oc-dd">
         <name>.reset</name>
         <load_address>0xfffe</load_address>
         <run_address>0xfffe</run_address>
         <size>0x2</size>
         <input_file_ref idref="fl-76"/>
      </object_component>
      <object_component id="oc-241">
         <name>.debug_info</name>
         <load_address>0x0</load_address>
         <run_address>0x0</run_address>
         <size>0x351</size>
         <input_file_ref idref="fl-2"/>
      </object_component>
      <object_component id="oc-1e9">
         <name>.debug_info</name>
         <load_address>0x351</load_address>
         <run_address>0x351</run_address>
         <size>0x13c</size>
         <input_file_ref idref="fl-2"/>
      </object_component>
      <object_component id="oc-2dc">
         <name>.debug_info</name>
         <load_address>0x48d</load_address>
         <run_address>0x48d</run_address>
         <size>0x19f</size>
         <input_file_ref idref="fl-2"/>
      </object_component>
      <object_component id="oc-3cf">
         <name>.debug_info</name>
         <load_address>0x62c</load_address>
         <run_address>0x62c</run_address>
         <size>0x1c2</size>
         <input_file_ref idref="fl-2"/>
      </object_component>
      <object_component id="oc-490">
         <name>.debug_info</name>
         <load_address>0x7ee</load_address>
         <run_address>0x7ee</run_address>
         <size>0x132</size>
         <input_file_ref idref="fl-2"/>
      </object_component>
      <object_component id="oc-235">
         <name>.debug_info</name>
         <load_address>0x920</load_address>
         <run_address>0x920</run_address>
         <size>0x17e</size>
         <input_file_ref idref="fl-2"/>
      </object_component>
      <object_component id="oc-3d5">
         <name>.debug_info</name>
         <load_address>0xa9e</load_address>
         <run_address>0xa9e</run_address>
         <size>0x167</size>
         <input_file_ref idref="fl-2"/>
      </object_component>
      <object_component id="oc-3c9">
         <name>.debug_info</name>
         <load_address>0xc05</load_address>
         <run_address>0xc05</run_address>
         <size>0x1c2</size>
         <input_file_ref idref="fl-2"/>
      </object_component>
      <object_component id="oc-3c3">
         <name>.debug_info</name>
         <load_address>0xdc7</load_address>
         <run_address>0xdc7</run_address>
         <size>0x178</size>
         <input_file_ref idref="fl-2"/>
      </object_component>
      <object_component id="oc-30b">
         <name>.debug_info</name>
         <load_address>0xf3f</load_address>
         <run_address>0xf3f</run_address>
         <size>0x19e</size>
         <input_file_ref idref="fl-2"/>
      </object_component>
      <object_component id="oc-23b">
         <name>.debug_info</name>
         <load_address>0x10dd</load_address>
         <run_address>0x10dd</run_address>
         <size>0x16f</size>
         <input_file_ref idref="fl-2"/>
      </object_component>
      <object_component id="oc-1ec">
         <name>.debug_info</name>
         <load_address>0x124c</load_address>
         <run_address>0x124c</run_address>
         <size>0x164</size>
         <input_file_ref idref="fl-2"/>
      </object_component>
      <object_component id="oc-17c">
         <name>.debug_info</name>
         <load_address>0x13b0</load_address>
         <run_address>0x13b0</run_address>
         <size>0x84</size>
         <input_file_ref idref="fl-2"/>
      </object_component>
      <object_component id="oc-2be">
         <name>.debug_info</name>
         <load_address>0x1434</load_address>
         <run_address>0x1434</run_address>
         <size>0x163</size>
         <input_file_ref idref="fl-3"/>
      </object_component>
      <object_component id="oc-1a9">
         <name>.debug_info</name>
         <load_address>0x1597</load_address>
         <run_address>0x1597</run_address>
         <size>0x17e</size>
         <input_file_ref idref="fl-3"/>
      </object_component>
      <object_component id="oc-1ca">
         <name>.debug_info</name>
         <load_address>0x1715</load_address>
         <run_address>0x1715</run_address>
         <size>0x17e</size>
         <input_file_ref idref="fl-3"/>
      </object_component>
      <object_component id="oc-134">
         <name>.debug_info</name>
         <load_address>0x1893</load_address>
         <run_address>0x1893</run_address>
         <size>0x143</size>
         <input_file_ref idref="fl-4"/>
      </object_component>
      <object_component id="oc-110">
         <name>.debug_info</name>
         <load_address>0x19d6</load_address>
         <run_address>0x19d6</run_address>
         <size>0x18c</size>
         <input_file_ref idref="fl-4"/>
      </object_component>
      <object_component id="oc-fe">
         <name>.debug_info</name>
         <load_address>0x1b62</load_address>
         <run_address>0x1b62</run_address>
         <size>0x18a</size>
         <input_file_ref idref="fl-4"/>
      </object_component>
      <object_component id="oc-12e">
         <name>.debug_info</name>
         <load_address>0x1cec</load_address>
         <run_address>0x1cec</run_address>
         <size>0x17d</size>
         <input_file_ref idref="fl-4"/>
      </object_component>
      <object_component id="oc-128">
         <name>.debug_info</name>
         <load_address>0x1e69</load_address>
         <run_address>0x1e69</run_address>
         <size>0x152</size>
         <input_file_ref idref="fl-4"/>
      </object_component>
      <object_component id="oc-11c">
         <name>.debug_info</name>
         <load_address>0x1fbb</load_address>
         <run_address>0x1fbb</run_address>
         <size>0x17b</size>
         <input_file_ref idref="fl-4"/>
      </object_component>
      <object_component id="oc-116">
         <name>.debug_info</name>
         <load_address>0x2136</load_address>
         <run_address>0x2136</run_address>
         <size>0x152</size>
         <input_file_ref idref="fl-4"/>
      </object_component>
      <object_component id="oc-10a">
         <name>.debug_info</name>
         <load_address>0x2288</load_address>
         <run_address>0x2288</run_address>
         <size>0x151</size>
         <input_file_ref idref="fl-4"/>
      </object_component>
      <object_component id="oc-104">
         <name>.debug_info</name>
         <load_address>0x23d9</load_address>
         <run_address>0x23d9</run_address>
         <size>0x152</size>
         <input_file_ref idref="fl-4"/>
      </object_component>
      <object_component id="oc-13a">
         <name>.debug_info</name>
         <load_address>0x252b</load_address>
         <run_address>0x252b</run_address>
         <size>0x138</size>
         <input_file_ref idref="fl-4"/>
      </object_component>
      <object_component id="oc-122">
         <name>.debug_info</name>
         <load_address>0x2663</load_address>
         <run_address>0x2663</run_address>
         <size>0x190</size>
         <input_file_ref idref="fl-4"/>
      </object_component>
      <object_component id="oc-2f7">
         <name>.debug_info</name>
         <load_address>0x27f3</load_address>
         <run_address>0x27f3</run_address>
         <size>0x12a</size>
         <input_file_ref idref="fl-5"/>
      </object_component>
      <object_component id="oc-2fd">
         <name>.debug_info</name>
         <load_address>0x291d</load_address>
         <run_address>0x291d</run_address>
         <size>0x126</size>
         <input_file_ref idref="fl-5"/>
      </object_component>
      <object_component id="oc-1b8">
         <name>.debug_info</name>
         <load_address>0x2a43</load_address>
         <run_address>0x2a43</run_address>
         <size>0x15f</size>
         <input_file_ref idref="fl-5"/>
      </object_component>
      <object_component id="oc-194">
         <name>.debug_info</name>
         <load_address>0x2ba2</load_address>
         <run_address>0x2ba2</run_address>
         <size>0x15b</size>
         <input_file_ref idref="fl-5"/>
      </object_component>
      <object_component id="oc-22f">
         <name>.debug_info</name>
         <load_address>0x2cfd</load_address>
         <run_address>0x2cfd</run_address>
         <size>0x1ae</size>
         <input_file_ref idref="fl-5"/>
      </object_component>
      <object_component id="oc-46c">
         <name>.debug_info</name>
         <load_address>0x2eab</load_address>
         <run_address>0x2eab</run_address>
         <size>0x184</size>
         <input_file_ref idref="fl-6"/>
      </object_component>
      <object_component id="oc-303">
         <name>.debug_info</name>
         <load_address>0x302f</load_address>
         <run_address>0x302f</run_address>
         <size>0x151</size>
         <input_file_ref idref="fl-6"/>
      </object_component>
      <object_component id="oc-31d">
         <name>.debug_info</name>
         <load_address>0x3180</load_address>
         <run_address>0x3180</run_address>
         <size>0x14f</size>
         <input_file_ref idref="fl-6"/>
      </object_component>
      <object_component id="oc-480">
         <name>.debug_info</name>
         <load_address>0x32cf</load_address>
         <run_address>0x32cf</run_address>
         <size>0x17b</size>
         <input_file_ref idref="fl-6"/>
      </object_component>
      <object_component id="oc-45f">
         <name>.debug_info</name>
         <load_address>0x344a</load_address>
         <run_address>0x344a</run_address>
         <size>0x1a9</size>
         <input_file_ref idref="fl-6"/>
      </object_component>
      <object_component id="oc-38b">
         <name>.debug_info</name>
         <load_address>0x35f3</load_address>
         <run_address>0x35f3</run_address>
         <size>0x183</size>
         <input_file_ref idref="fl-6"/>
      </object_component>
      <object_component id="oc-3ea">
         <name>.debug_info</name>
         <load_address>0x3776</load_address>
         <run_address>0x3776</run_address>
         <size>0x22f</size>
         <input_file_ref idref="fl-7"/>
      </object_component>
      <object_component id="oc-19a">
         <name>.debug_info</name>
         <load_address>0x39a5</load_address>
         <run_address>0x39a5</run_address>
         <size>0x10b</size>
         <input_file_ref idref="fl-7"/>
      </object_component>
      <object_component id="oc-314">
         <name>.debug_info</name>
         <load_address>0x3ab0</load_address>
         <run_address>0x3ab0</run_address>
         <size>0xff</size>
         <input_file_ref idref="fl-7"/>
      </object_component>
      <object_component id="oc-2e2">
         <name>.debug_info</name>
         <load_address>0x3baf</load_address>
         <run_address>0x3baf</run_address>
         <size>0x15c</size>
         <input_file_ref idref="fl-7"/>
      </object_component>
      <object_component id="oc-3dc">
         <name>.debug_info</name>
         <load_address>0x3d0b</load_address>
         <run_address>0x3d0b</run_address>
         <size>0x163</size>
         <input_file_ref idref="fl-7"/>
      </object_component>
      <object_component id="oc-244">
         <name>.debug_info</name>
         <load_address>0x3e6e</load_address>
         <run_address>0x3e6e</run_address>
         <size>0x17c</size>
         <input_file_ref idref="fl-7"/>
      </object_component>
      <object_component id="oc-24a">
         <name>.debug_info</name>
         <load_address>0x3fea</load_address>
         <run_address>0x3fea</run_address>
         <size>0x5ec</size>
         <input_file_ref idref="fl-7"/>
      </object_component>
      <object_component id="oc-1f3">
         <name>.debug_info</name>
         <load_address>0x45d6</load_address>
         <run_address>0x45d6</run_address>
         <size>0x10e</size>
         <input_file_ref idref="fl-8"/>
      </object_component>
      <object_component id="oc-2ca">
         <name>.debug_info</name>
         <load_address>0x46e4</load_address>
         <run_address>0x46e4</run_address>
         <size>0x17f</size>
         <input_file_ref idref="fl-8"/>
      </object_component>
      <object_component id="oc-384">
         <name>.debug_info</name>
         <load_address>0x4863</load_address>
         <run_address>0x4863</run_address>
         <size>0x241</size>
         <input_file_ref idref="fl-8"/>
      </object_component>
      <object_component id="oc-37e">
         <name>.debug_info</name>
         <load_address>0x4aa4</load_address>
         <run_address>0x4aa4</run_address>
         <size>0x17a</size>
         <input_file_ref idref="fl-8"/>
      </object_component>
      <object_component id="oc-378">
         <name>.debug_info</name>
         <load_address>0x4c1e</load_address>
         <run_address>0x4c1e</run_address>
         <size>0x1af</size>
         <input_file_ref idref="fl-8"/>
      </object_component>
      <object_component id="oc-34c">
         <name>.debug_info</name>
         <load_address>0x4dcd</load_address>
         <run_address>0x4dcd</run_address>
         <size>0x139</size>
         <input_file_ref idref="fl-8"/>
      </object_component>
      <object_component id="oc-26c">
         <name>.debug_info</name>
         <load_address>0x4f06</load_address>
         <run_address>0x4f06</run_address>
         <size>0x1a7</size>
         <input_file_ref idref="fl-8"/>
      </object_component>
      <object_component id="oc-35b">
         <name>.debug_info</name>
         <load_address>0x50ad</load_address>
         <run_address>0x50ad</run_address>
         <size>0x233</size>
         <input_file_ref idref="fl-9"/>
      </object_component>
      <object_component id="oc-217">
         <name>.debug_info</name>
         <load_address>0x52e0</load_address>
         <run_address>0x52e0</run_address>
         <size>0x16e</size>
         <input_file_ref idref="fl-9"/>
[...]
         <name>Init_System</name>
         <value>0x626c</value>
         <object_component_ref idref="oc-222"/>
      </symbol>
      <symbol id="sm-838">
         <name>main</name>
         <value>0x134ec</value>
         <object_component_ref idref="oc-166"/>
      </symbol>
      <symbol id="sm-84e">
         <name>__TI_decompress_none</name>
         <value>0x6432</value>
         <object_component_ref idref="oc-73"/>
      </symbol>
      <symbol id="sm-870">
         <name>__TI_decompress_rle24</name>
         <value>0x655a</value>
         <object_component_ref idref="oc-79"/>
      </symbol>
      <symbol id="sm-873">
         <name>__TI_int30</name>
         <value>0xffcc</value>
         <object_component_ref idref="oc-7f"/>
      </symbol>
      <symbol id="sm-87b">
         <name>__TI_ISR_TRAP</name>
         <value>0x623c</value>
         <object_component_ref idref="oc-f8"/>
      </symbol>
      <symbol id="sm-87e">
         <name>__TI_int31</name>
         <value>0xffce</value>
         <object_component_ref idref="oc-80"/>
      </symbol>
      <symbol id="sm-881">
         <name>__TI_int33</name>
         <value>0xffd2</value>
         <object_component_ref idref="oc-82"/>
      </symbol>
      <symbol id="sm-884">
         <name>__TI_int34</name>
         <value>0xffd4</value>
         <object_component_ref idref="oc-83"/>
      </symbol>
      <symbol id="sm-887">
         <name>__TI_int35</name>
         <value>0xffd6</value>
         <object_component_ref idref="oc-84"/>
      </symbol>
      <symbol id="sm-88a">
         <name>__TI_int36</name>
         <value>0xffd8</value>
         <object_component_ref idref="oc-85"/>
      </symbol>
      <symbol id="sm-88d">
         <name>__TI_int42</name>
         <value>0xffe4</value>
         <object_component_ref idref="oc-8b"/>
      </symbol>
      <symbol id="sm-890">
         <name>__TI_int48</name>
         <value>0xfff0</value>
         <object_component_ref idref="oc-91"/>
      </symbol>
      <symbol id="sm-893">
         <name>__TI_int49</name>
         <value>0xfff2</value>
         <object_component_ref idref="oc-92"/>
      </symbol>
      <symbol id="sm-896">
         <name>__TI_int50</name>
         <value>0xfff4</value>
         <object_component_ref idref="oc-93"/>
      </symbol>
      <symbol id="sm-899">
         <name>__TI_int51</name>
         <value>0xfff6</value>
         <object_component_ref idref="oc-94"/>
      </symbol>
      <symbol id="sm-89c">
         <name>__TI_int52</name>
         <value>0xfff8</value>
         <object_component_ref idref="oc-95"/>
      </symbol>
      <symbol id="sm-89f">
         <name>__TI_int53</name>
         <value>0xfffa</value>
         <object_component_ref idref="oc-96"/>
      </symbol>
      <symbol id="sm-8a2">
         <name>__TI_int54</name>
         <value>0xfffc</value>
         <object_component_ref idref="oc-97"/>
      </symbol>
      <symbol id="sm-8b5">
         <name>__TI_zero_init</name>
         <value>0x630a</value>
         <object_component_ref idref="oc-98"/>
      </symbol>
      <symbol id="sm-8dc">
         <name>__mspabi_addd</name>
         <value>0x117be</value>
         <object_component_ref idref="oc-3fc"/>
      </symbol>
      <symbol id="sm-8fd">
         <name>__TI_frcaddd</name>
         <value>0x11d18</value>
         <object_component_ref idref="oc-4a5"/>
      </symbol>
      <symbol id="sm-911">
         <name>__TI_renormd</name>
         <value>0x12dac</value>
         <object_component_ref idref="oc-514"/>
      </symbol>
      <symbol id="sm-92b">
         <name>__mspabi_cmpd</name>
         <value>0x12c04</value>
         <object_component_ref idref="oc-4fa"/>
      </symbol>
      <symbol id="sm-94c">
         <name>__mspabi_divd</name>
         <value>0x11f6a</value>
         <object_component_ref idref="oc-408"/>
      </symbol>
      <symbol id="sm-967">
         <name>__TI_frcdivd</name>
         <value>0x11088</value>
         <object_component_ref idref="oc-4ba"/>
      </symbol>
      <symbol id="sm-973">
         <name>__mspabi_remi</name>
         <value>0x13fd0</value>
         <object_component_ref idref="oc-339"/>
      </symbol>
      <symbol id="sm-974">
         <name>__mspabi_divi</name>
         <value>0x13fd0</value>
         <object_component_ref idref="oc-339"/>
      </symbol>
      <symbol id="sm-97e">
         <name>__mspabi_remu</name>
         <value>0x6448</value>
         <object_component_ref idref="oc-424"/>
      </symbol>
      <symbol id="sm-97f">
         <name>__mspabi_divu</name>
         <value>0x6448</value>
         <object_component_ref idref="oc-424"/>
      </symbol>
      <symbol id="sm-98e">
         <name>__mspabi_remul</name>
         <value>0x136be</value>
         <object_component_ref idref="oc-317"/>
      </symbol>
      <symbol id="sm-98f">
         <name>__mspabi_divul</name>
         <value>0x136be</value>
         <object_component_ref idref="oc-317"/>
      </symbol>
      <symbol id="sm-99c">
         <name>__mspabi_fixdi</name>
         <value>0x62bc</value>
         <object_component_ref idref="oc-464"/>
      </symbol>
      <symbol id="sm-9ab">
         <name>__mspabi_fixdli</name>
         <value>0x13486</value>
         <object_component_ref idref="oc-333"/>
      </symbol>
      <symbol id="sm-9b4">
         <name>__mspabi_fltid</name>
         <value>0x650c</value>
         <object_component_ref idref="oc-473"/>
      </symbol>
      <symbol id="sm-9cc">
         <name>__mspabi_fltlid</name>
         <value>0x1302c</value>
         <object_component_ref idref="oc-4ee"/>
      </symbol>
      <symbol id="sm-9e1">
         <name>__mspabi_fltuld</name>
         <value>0x13336</value>
         <object_component_ref idref="oc-327"/>
      </symbol>
      <symbol id="sm-a01">
         <name>__mspabi_mpyd</name>
         <value>0x11a96</value>
         <object_component_ref idref="oc-402"/>
      </symbol>
      <symbol id="sm-a12">
         <name>__TI_frcmpyd</name>
         <value>0x114da</value>
         <object_component_ref idref="oc-4b2"/>
      </symbol>
      <symbol id="sm-a20">
         <name>__mspabi_mpyi_f5hw</name>
         <value>0x645e</value>
         <object_component_ref idref="oc-322"/>
      </symbol>
      <symbol id="sm-a33">
         <name>__mspabi_mpyl_f5hw</name>
         <value>0x6372</value>
         <object_component_ref idref="oc-51e"/>
      </symbol>
      <symbol id="sm-a67">
         <name>__mspabi_slll_9</name>
         <value>0x139e2</value>
         <object_component_ref idref="oc-3ef"/>
      </symbol>
      <symbol id="sm-a68">
         <name>__mspabi_slll_8</name>
         <value>0x139e6</value>
         <object_component_ref idref="oc-3ef"/>
      </symbol>
      <symbol id="sm-a69">
         <name>__mspabi_slll_7</name>
         <value>0x139ea</value>
         <object_component_ref idref="oc-3ef"/>
      </symbol>
      <symbol id="sm-a6a">
         <name>__mspabi_slll_6</name>
         <value>0x139ee</value>
         <object_component_ref idref="oc-3ef"/>
      </symbol>
      <symbol id="sm-a6b">
         <name>__mspabi_slll_5</name>
         <value>0x139f2</value>
         <object_component_ref idref="oc-3ef"/>
      </symbol>
      <symbol id="sm-a6c">
         <name>__mspabi_slll_4</name>
         <value>0x139f6</value>
         <object_component_ref idref="oc-3ef"/>
      </symbol>
      <symbol id="sm-a6d">
         <name>__mspabi_slll_3</name>
         <value>0x139fa</value>
         <object_component_ref idref="oc-3ef"/>
      </symbol>
      <symbol id="sm-a6e">
         <name>__mspabi_slll_2</name>
         <value>0x139fe</value>
         <object_component_ref idref="oc-3ef"/>
      </symbol>
      <symbol id="sm-a6f">
         <name>__mspabi_slll_1</name>
         <value>0x13a02</value>
         <object_component_ref idref="oc-3ef"/>
      </symbol>
      <symbol id="sm-a70">
         <name>__mspabi_slll</name>
         <value>0x64a6</value>
         <object_component_ref idref="oc-50a"/>
      </symbol>
      <symbol id="sm-a71">
         <name>__mspabi_slll_15</name>
         <value>0x139ca</value>
         <object_component_ref idref="oc-3ef"/>
      </symbol>
      <symbol id="sm-a72">
         <name>__mspabi_slll_14</name>
         <value>0x139ce</value>
         <object_component_ref idref="oc-3ef"/>
      </symbol>
      <symbol id="sm-a73">
         <name>__mspabi_slll_13</name>
         <value>0x139d2</value>
         <object_component_ref idref="oc-3ef"/>
      </symbol>
      <symbol id="sm-a74">
         <name>__mspabi_slll_12</name>
         <value>0x139d6</value>
         <object_component_ref idref="oc-3ef"/>
      </symbol>
      <symbol id="sm-a75">
         <name>__mspabi_slll_11</name>
         <value>0x139da</value>
         <object_component_ref idref="oc-3ef"/>
      </symbol>
      <symbol id="sm-a76">
         <name>__mspabi_slll_10</name>
         <value>0x139de</value>
         <object_component_ref idref="oc-3ef"/>
      </symbol>
      <symbol id="sm-a86">
         <name>__mspabi_sral</name>
         <value>0x6496</value>
         <object_component_ref idref="oc-50f"/>
      </symbol>
      <symbol id="sm-a87">
         <name>__mspabi_sral_15</name>
         <value>0x1398c</value>
         <object_component_ref idref="oc-1f9"/>
      </symbol>
      <symbol id="sm-a88">
         <name>__mspabi_sral_14</name>
         <value>0x13990</value>
         <object_component_ref idref="oc-1f9"/>
      </symbol>
      <symbol id="sm-a89">
         <name>__mspabi_sral_13</name>
         <value>0x13994</value>
         <object_component_ref idref="oc-1f9"/>
      </symbol>
      <symbol id="sm-a8a">
         <name>__mspabi_sral_12</name>
         <value>0x13998</value>
         <object_component_ref idref="oc-1f9"/>
      </symbol>
      <symbol id="sm-a8b">
         <name>__mspabi_sral_11</name>
         <value>0x1399c</value>
         <object_component_ref idref="oc-1f9"/>
      </symbol>
      <symbol id="sm-a8c">
         <name>__mspabi_sral_10</name>
         <value>0x139a0</value>
         <object_component_ref idref="oc-1f9"/>
      </symbol>
      <symbol id="sm-a8d">
         <name>__mspabi_sral_8</name>
         <value>0x139a8</value>
         <object_component_ref idref="oc-1f9"/>
      </symbol>
      <symbol id="sm-a8e">
         <name>__mspabi_sral_9</name>
         <value>0x139a4</value>
         <object_component_ref idref="oc-1f9"/>
      </symbol>
      <symbol id="sm-a8f">
         <name>__mspabi_sral_6</name>
         <value>0x139b0</value>
         <object_component_ref idref="oc-1f9"/>
      </symbol>
      <symbol id="sm-a90">
         <name>__mspabi_sral_7</name>
         <value>0x139ac</value>
         <object_component_ref idref="oc-1f9"/>
      </symbol>
      <symbol id="sm-a91">
         <name>__mspabi_sral_4</name>
         <value>0x139b8</value>
         <object_component_ref idref="oc-1f9"/>
      </symbol>
      <symbol id="sm-a92">
         <name>__mspabi_sral_5</name>
         <value>0x139b4</value>
         <object_component_ref idref="oc-1f9"/>
      </symbol>
      <symbol id="sm-a93">
         <name>__mspabi_sral_2</name>
         <value>0x139c0</value>
         <object_component_ref idref="oc-1f9"/>
      </symbol>
      <symbol id="sm-a94">
         <name>__mspabi_sral_3</name>
         <value>0x139bc</value>
         <object_component_ref idref="oc-1f9"/>
      </symbol>
      <symbol id="sm-a95">
         <name>__mspabi_sral_1</name>
         <value>0x139c4</value>
         <object_component_ref idref="oc-1f9"/>
      </symbol>
      <symbol id="sm-aa5">
         <name>__mspabi_srll_8</name>
         <value>0x13a24</value>
         <object_component_ref idref="oc-35d"/>
      </symbol>
      <symbol id="sm-aa6">
         <name>__mspabi_srll_9</name>
         <value>0x13a20</value>
         <object_component_ref idref="oc-35d"/>
      </symbol>
      <symbol id="sm-aa7">
         <name>__mspabi_srll_6</name>
         <value>0x13a2c</value>
         <object_component_ref idref="oc-35d"/>
      </symbol>
      <symbol id="sm-aa8">
         <name>__mspabi_srll_7</name>
         <value>0x13a28</value>
         <object_component_ref idref="oc-35d"/>
      </symbol>
      <symbol id="sm-aa9">
         <name>__mspabi_srll_4</name>
         <value>0x13a34</value>
         <object_component_ref idref="oc-35d"/>
      </symbol>
      <symbol id="sm-aaa">
         <name>__mspabi_srll_5</name>
         <value>0x13a30</value>
         <object_component_ref idref="oc-35d"/>
      </symbol>
      <symbol id="sm-aab">
         <name>__mspabi_srll_2</name>
         <value>0x13a3c</value>
         <object_component_ref idref="oc-35d"/>
      </symbol>
      <symbol id="sm-aac">
         <name>__mspabi_srll_3</name>
         <value>0x13a38</value>
         <object_component_ref idref="oc-35d"/>
      </symbol>
      <symbol id="sm-aad">
         <name>__mspabi_srll_1</name>
         <value>0x13a40</value>
         <object_component_ref idref="oc-35d"/>
      </symbol>
      <symbol id="sm-aae">
         <name>__mspabi_srll_15</name>
         <value>0x13a08</value>
         <object_component_ref idref="oc-35d"/>
      </symbol>
      <symbol id="sm-aaf">
         <name>__mspabi_srll_14</name>
         <value>0x13a0c</value>
         <object_component_ref idref="oc-35d"/>
      </symbol>
      <symbol id="sm-ab0">
         <name>__mspabi_srll_13</name>
         <value>0x13a10</value>
         <object_component_ref idref="oc-35d"/>
      </symbol>
      <symbol id="sm-ab1">
         <name>__mspabi_srll_12</name>
         <value>0x13a14</value>
         <object_component_ref idref="oc-35d"/>
      </symbol>
      <symbol id="sm-ab2">
         <name>__mspabi_srll_11</name>
         <value>0x13a18</value>
         <object_component_ref idref="oc-35d"/>
      </symbol>
      <symbol id="sm-ab3">
         <name>__mspabi_srll_10</name>
         <value>0x13a1c</value>
         <object_component_ref idref="oc-35d"/>
      </symbol>
      <symbol id="sm-ab4">
         <name>__mspabi_srll</name>
         <value>0x64b6</value>
         <object_component_ref idref="oc-41e"/>
      </symbol>
      <symbol id="sm-abd">
         <name>__mspabi_subd</name>
         <value>0x13d28</value>
         <object_component_ref idref="oc-479"/>
      </symbol>
      <symbol id="sm-ac6">
         <name>_stack</name>
         <value>0x2360</value>
         <object_component_ref idref="oc-da"/>
      </symbol>
      <symbol id="sm-ac7">
         <name>_reset_vector</name>
         <value>0xfffe</value>
         <object_component_ref idref="oc-dd"/>
      </symbol>
      <symbol id="sm-ae4">
         <name>_auto_init_hold_wdt</name>
         <value>0x130c0</value>
         <object_component_ref idref="oc-14c"/>
      </symbol>
      <symbol id="sm-aef">
         <name>_c_int00_noargs_noexit_mpu</name>
         <value>0x61d0</value>
         <object_component_ref idref="oc-bc"/>
      </symbol>
      <symbol id="sm-af8">
         <name>__mpu_init</name>
         <value>0x6294</value>
         <object_component_ref idref="oc-15f"/>
      </symbol>
      <symbol id="sm-b01">
         <name>_system_pre_init</name>
         <value>0x13ffc</value>
         <object_component_ref idref="oc-146"/>
      </symbol>
      <symbol id="sm-b0c">
         <name>C$$EXIT</name>
         <value>0x6560</value>
         <object_component_ref idref="oc-16e"/>
      </symbol>
      <symbol id="sm-b0d">
         <name>abort</name>
         <value>0x6560</value>
         <object_component_ref idref="oc-16e"/>
      </symbol>
      <symbol id="sm-b24">
         <name>_nop</name>
         <value>0x6564</value>
         <object_component_ref idref="oc-29d"/>
      </symbol>
      <symbol id="sm-b25">
         <name>_lock</name>
         <value>0x2190</value>
         <object_component_ref idref="oc-207"/>
      </symbol>
      <symbol id="sm-b26">
         <name>_unlock</name>
         <value>0x2194</value>
         <object_component_ref idref="oc-210"/>
      </symbol>
      <symbol id="sm-b3a">
         <name>memcpy</name>
         <value>0x6242</value>
         <object_component_ref idref="oc-de"/>
      </symbol>
      <symbol id="sm-b52">
         <name>sqrt</name>
         <value>0x1218c</value>
         <object_component_ref idref="oc-32d"/>
      </symbol>
      <symbol id="sm-b71">
         <name>_Dscale</name>
         <value>0x1251c</value>
         <object_component_ref idref="oc-40e"/>
      </symbol>
      <symbol id="sm-b84">
         <name>_Dnorm</name>
         <value>0x1283e</value>
         <object_component_ref idref="oc-49d"/>
      </symbol>
      <symbol id="sm-b96">
         <name>_Dunscale</name>
         <value>0x133ac</value>
         <object_component_ref idref="oc-3f6"/>
      </symbol>
      <symbol id="sm-ba2">
         <name>_Feraise</name>
         <value>0x13bc4</value>
         <object_component_ref idref="oc-414"/>
      </symbol>
      <symbol id="sm-ba9">
         <name>_Errno</name>
         <value>0x219e</value>
         <object_component_ref idref="oc-4da"/>
      </symbol>
      <symbol id="sm-bb0">
         <name>_Rteps</name>
         <value>0x213c</value>
         <object_component_ref idref="oc-41a"/>
      </symbol>
      <symbol id="sm-bb1">
         <name>_Zero</name>
         <value>0x2154</value>
         <object_component_ref idref="oc-41a"/>
      </symbol>
      <symbol id="sm-bb2">
         <name>_Hugeval</name>
         <value>0x20fc</value>
         <object_component_ref idref="oc-41a"/>
      </symbol>
      <symbol id="sm-bb3">
         <name>_Snan</name>
         <value>0x212c</value>
         <object_component_ref idref="oc-41a"/>
      </symbol>
      <symbol id="sm-bb4">
         <name>_Nan</name>
         <value>0x211c</value>
         <object_component_ref idref="oc-41a"/>
      </symbol>
      <symbol id="sm-bb5">
         <name>_Inf</name>
         <value>0x210c</value>
         <object_component_ref idref="oc-41a"/>
      </symbol>
      <symbol id="sm-bb6">
         <name>_Xbig</name>
         <value>0x214c</value>
         <object_component_ref idref="oc-41a"/>
      </symbol>
      <symbol id="sm-bb7">
         <name>_Eps</name>
         <value>0x20ec</value>
         <object_component_ref idref="oc-41a"/>
      </symbol>
      <symbol id="sm-bb8">
         <name>_Denorm</name>
         <value>0x20dc</value>
         <object_component_ref idref="oc-41a"/>
      </symbol>
      <symbol id="sm-bc1">
         <name>__mspabi_negd</name>
         <value>0x13dea</value>
         <object_component_ref idref="oc-4cc"/>
      </symbol>
      <symbol id="sm-bca">
         <name>__mspabi_slli</name>
         <value>0x6518</value>
         <object_component_ref idref="oc-4c7"/>
      </symbol>
      <symbol id="sm-bd3">
         <name>__mspabi_srli</name>
         <value>0x6522</value>
         <object_component_ref idref="oc-4c2"/>
      </symbol>
      <symbol id="sm-beb">
         <name>feraiseexcept</name>
         <value>0x13bfa</value>
         <object_component_ref idref="oc-4d4"/>
      </symbol>
      <symbol id="sm-bec">
         <name>_Tls_setup__Fenv</name>
         <value>0x2184</value>
         <object_component_ref idref="oc-530"/>
      </symbol>
      <symbol id="sm-bed">
         <name>_Fenv</name>
         <value>0x2180</value>
         <object_component_ref idref="oc-530"/>
      </symbol>
      <symbol id="sm-c01">
         <name>raise</name>
         <value>0x13d5a</value>
         <object_component_ref idref="oc-533"/>
      </symbol>
      <symbol id="sm-c16">
         <name>signal</name>
         <value>0x13a7e</value>
         <object_component_ref idref="oc-557"/>
      </symbol>
      <symbol id="sm-c1b">
         <name>__TI_INITARRAY_Base</name>
         <value>0x0</value>
      </symbol>
      <symbol id="sm-c1c">
         <name>__TI_INITARRAY_Limit</name>
         <value>0x0</value>
      </symbol>
   </symbol_table>
   <title>Link successful</title>
</link_info>
