******************************************************************************
                  MSP430 Linker PC v4.4.5                      
******************************************************************************
>> Linked Tue Oct 13 19:20:50 2015

OUTPUT FILE NAME:   <MSP_Launchpad_Booster_MSP430FR5969_LED_PWM.out>
ENTRY POINT SYMBOL: "_c_int00_noargs_noexit_mpu"  address: 000045e6


MEMORY CONFIGURATION

         name            origin    length      used     unused   attr    fill
----------------------  --------  ---------  --------  --------  ----  --------
  SFR                   00000000   00000010  00000000  00000010  RWIX
  PERIPHERALS_8BIT      00000010   000000f0  00000000  000000f0  RWIX
  PERIPHERALS_16BIT     00000100   00000100  00000000  00000100  RWIX
  INFOD                 00001800   00000080  00000000  00000080  RWIX
  INFOC                 00001880   00000080  00000000  00000080  RWIX
  INFOB                 00001900   00000080  00000000  00000080  RWIX
  INFOA                 00001980   00000080  00000000  00000080  RWIX
  RAM                   00001c00   00000800  000004ed  00000313  RWIX
  FRAM                  00004400   0000bb80  00000520  0000b660  RWIX
  JTAGSIGNATURE         0000ff80   00000004  00000004  00000000  RWIX  ffff 
  BSLSIGNATURE          0000ff84   00000004  00000004  00000000  RWIX  ffff 
  IPESIGNATURE          0000ff88   00000008  00000008  00000000  RWIX  ffff 
  INT00                 0000ff90   00000002  00000000  00000002  RWIX
  INT01                 0000ff92   00000002  00000000  00000002  RWIX
  INT02                 0000ff94   00000002  00000000  00000002  RWIX
  INT03                 0000ff96   00000002  00000000  00000002  RWIX
  INT04                 0000ff98   00000002  00000000  00000002  RWIX
  INT05                 0000ff9a   00000002  00000000  00000002  RWIX
  INT06                 0000ff9c   00000002  00000000  00000002  RWIX
  INT07                 0000ff9e   00000002  00000000  00000002  RWIX
  INT08                 0000ffa0   00000002  00000000  00000002  RWIX
  INT09                 0000ffa2   00000002  00000000  00000002  RWIX
  INT10                 0000ffa4   00000002  00000000  00000002  RWIX
  INT11                 0000ffa6   00000002  00000000  00000002  RWIX
  INT12                 0000ffa8   00000002  00000000  00000002  RWIX
  INT13                 0000ffaa   00000002  00000000  00000002  RWIX
  INT14                 0000ffac   00000002  00000000  00000002  RWIX
  INT15                 0000ffae   00000002  00000000  00000002  RWIX
  INT16                 0000ffb0   00000002  00000000  00000002  RWIX
  INT17                 0000ffb2   00000002  00000000  00000002  RWIX
  INT18                 0000ffb4   00000002  00000000  00000002  RWIX
  INT19                 0000ffb6   00000002  00000000  00000002  RWIX
  INT20                 0000ffb8   00000002  00000000  00000002  RWIX
  INT21                 0000ffba   00000002  00000000  00000002  RWIX
  INT22                 0000ffbc   00000002  00000000  00000002  RWIX
  INT23                 0000ffbe   00000002  00000000  00000002  RWIX
  INT24                 0000ffc0   00000002  00000000  00000002  RWIX
  INT25                 0000ffc2   00000002  00000000  00000002  RWIX
  INT26                 0000ffc4   00000002  00000000  00000002  RWIX
  INT27                 0000ffc6   00000002  00000000  00000002  RWIX
  INT28                 0000ffc8   00000002  00000000  00000002  RWIX
  INT29                 0000ffca   00000002  00000000  00000002  RWIX
  INT30                 0000ffcc   00000002  00000002  00000000  RWIX
  INT31                 0000ffce   00000002  00000002  00000000  RWIX
  INT32                 0000ffd0   00000002  00000002  00000000  RWIX
  INT33                 0000ffd2   00000002  00000002  00000000  RWIX
  INT34                 0000ffd4   00000002  00000002  00000000  RWIX
  INT35                 0000ffd6   00000002  00000002  00000000  RWIX
  INT36                 0000ffd8   00000002  00000002  00000000  RWIX
  INT37                 0000ffda   00000002  00000002  00000000  RWIX
  INT38                 0000ffdc   00000002  00000002  00000000  RWIX
  INT39                 0000ffde   00000002  00000002  00000000  RWIX
  INT40                 0000ffe0   00000002  00000002  00000000  RWIX
  INT41                 0000ffe2   00000002  00000002  00000000  RWIX
  INT42                 0000ffe4   00000002  00000002  00000000  RWIX
  INT43                 0000ffe6   00000002  00000002  00000000  RWIX
  INT44                 0000ffe8   00000002  00000002  00000000  RWIX
  INT45                 0000ffea   00000002  00000002  00000000  RWIX
  INT46                 0000ffec   00000002  00000002  00000000  RWIX
  INT47                 0000ffee   00000002  00000002  00000000  RWIX
  INT48                 0000fff0   00000002  00000002  00000000  RWIX
  INT49                 0000fff2   00000002  00000002  00000000  RWIX
  INT50                 0000fff4   00000002  00000002  00000000  RWIX
  INT51                 0000fff6   00000002  00000002  00000000  RWIX
  INT52                 0000fff8   00000002  00000002  00000000  RWIX
  INT53                 0000fffa   00000002  00000002  00000000  RWIX
  INT54                 0000fffc   00000002  00000002  00000000  RWIX
  RESET                 0000fffe   00000002  00000002  00000000  RWIX
  FRAM2                 00010000   00004000  00002f16  000010ea  RWIX


SECTION ALLOCATION MAP

 output                                  attributes/
section   page    origin      length       input sections
--------  ----  ----------  ----------   ----------------
.bss       0    00001c00    00000420     UNINITIALIZED
                  00001c00    00000200     (.common:RX_Buffer)
                  00001e00    00000200     (.common:TX_Buffer)
                  00002000    00000020     (.common:LEDs)

.data      0    00002020    0000002d     UNINITIALIZED
                  00002020    00000024     SYSTEM.obj (.data)
                  00002044    00000007     UART.obj (.data)
                  0000204b    00000001     SPI.obj (.data)
                  0000204c    00000001     TLC5940.obj (.data)

.stack     0    00002360    000000a0     UNINITIALIZED
                  00002360    00000004     rts430x_lc_ld_eabi.lib : boot.obj (.stack)
                  00002364    0000009c     --HOLE--

.TI.persistent 
*          0    00004400    00000000     UNINITIALIZED

.cio       0    00004400    00000000     UNINITIALIZED

.sysmem    0    00004400    00000000     UNINITIALIZED

.text:_isr 
*          0    00004400    0000023c     
                  00004400    000000d2     INTERRUPTS.obj (.text:_isr:USCI_A1_ISR)
                  000044d2    00000042     INTERRUPTS.obj (.text:_isr:USCI_B0_ISR)
                  00004514    0000003c     INTERRUPTS.obj (.text:_isr:Port4_ISR)
                  00004550    00000038     INTERRUPTS.obj (.text:_isr:Port1_ISR)
                  00004588    00000030     INTERRUPTS.obj (.text:_isr:TIMER1_A0_ISR)
                  000045b8    0000002e     INTERRUPTS.obj (.text:_isr:TIMER0_A0_ISR)
                  000045e6    0000001e     rts430x_lc_ld_eabi.lib : boot_special.obj (.text:_isr:_c_int00_noargs_noexit_mpu)
                  00004604    0000000e     INTERRUPTS.obj (.text:_isr:Timer2_A0_ISR)
                  00004612    0000000c     INTERRUPTS.obj (.text:_isr:TIMER0_A1_ISR)
                  0000461e    0000000c     INTERRUPTS.obj (.text:_isr:TIMER1_A1_ISR)
                  0000462a    0000000c     INTERRUPTS.obj (.text:_isr:Timer2_A1_ISR)
                  00004636    00000006     rts430x_lc_ld_eabi.lib : isr_trap.obj (.text:_isr:__TI_ISR_TRAP)

.ipestruct 
*          0    00004400    00000000     UNINITIALIZED

.ipe       0    00004400    00000000     UNINITIALIZED

.ipe:_isr 
*          0    00004400    00000000     UNINITIALIZED

.ipe_vars 
*          0    00004400    00000000     UNINITIALIZED

.cinit     0    000048e6    0000003a     
                  000048e6    00000017     (.cinit..data.load) [load image, compression = rle]
                  000048fd    00000001     --HOLE-- [fill = 0]
                  000048fe    0000000c     (__TI_handler_table)
                  0000490a    00000006     (.cinit..bss.load) [load image, compression = zero_init]
                  00004910    00000010     (__TI_cinit_table)

.init_array 
*          0    00004400    00000000     UNINITIALIZED

.const     0    0000463c    000002aa     
                  0000463c    00000240     UART.obj (.const:Table_UCBRSx)
                  0000487c    0000006a     UART.obj (.const:.string)

$fill000   0    0000ff80    00000004     
                  0000ff80    00000004     --HOLE-- [fill = ffff]

$fill001   0    0000ff84    00000004     
                  0000ff84    00000004     --HOLE-- [fill = ffff]

$fill002   0    0000ff88    00000008     
                  0000ff88    00000008     --HOLE-- [fill = ffff]

AES256     0    0000ffcc    00000002     
                  0000ffcc    00000002     rts430x_lc_ld_eabi.lib : int30.obj (.int30)

RTC        0    0000ffce    00000002     
                  0000ffce    00000002     rts430x_lc_ld_eabi.lib : int31.obj (.int31)

PORT4      0    0000ffd0    00000002     
                  0000ffd0    00000002     INTERRUPTS.obj (.int32)

PORT3      0    0000ffd2    00000002     
                  0000ffd2    00000002     rts430x_lc_ld_eabi.lib : int33.obj (.int33)

TIMER3_A1 
*          0    0000ffd4    00000002     
                  0000ffd4    00000002     rts430x_lc_ld_eabi.lib : int34.obj (.int34)

TIMER3_A0 
*          0    0000ffd6    00000002     
                  0000ffd6    00000002     rts430x_lc_ld_eabi.lib : int35.obj (.int35)

PORT2      0    0000ffd8    00000002     
                  0000ffd8    00000002     rts430x_lc_ld_eabi.lib : int36.obj (.int36)

TIMER2_A1 
*          0    0000ffda    00000002     
                  0000ffda    00000002     INTERRUPTS.obj (.int37)

TIMER2_A0 
*          0    0000ffdc    00000002     
                  0000ffdc    00000002     INTERRUPTS.obj (.int38)

PORT1      0    0000ffde    00000002     
                  0000ffde    00000002     INTERRUPTS.obj (.int39)

TIMER1_A1 
*          0    0000ffe0    00000002     
                  0000ffe0    00000002     INTERRUPTS.obj (.int40)

TIMER1_A0 
*          0    0000ffe2    00000002     
                  0000ffe2    00000002     INTERRUPTS.obj (.int41)

DMA        0    0000ffe4    00000002     
                  0000ffe4    00000002     rts430x_lc_ld_eabi.lib : int42.obj (.int42)

USCI_A1    0    0000ffe6    00000002     
                  0000ffe6    00000002     INTERRUPTS.obj (.int43)

TIMER0_A1 
*          0    0000ffe8    00000002     
                  0000ffe8    00000002     INTERRUPTS.obj (.int44)

TIMER0_A0 
*          0    0000ffea    00000002     
                  0000ffea    00000002     INTERRUPTS.obj (.int45)

ADC12      0    0000ffec    00000002     
                  0000ffec    00000002     rts430x_lc_ld_eabi.lib : int46.obj (.int46)

USCI_B0    0    0000ffee    00000002     
                  0000ffee    00000002     INTERRUPTS.obj (.int47)

USCI_A0    0    0000fff0    00000002     
                  0000fff0    00000002     rts430x_lc_ld_eabi.lib : int48.obj (.int48)

WDT        0    0000fff2    00000002     
                  0000fff2    00000002     rts430x_lc_ld_eabi.lib : int49.obj (.int49)

TIMER0_B1 
*          0    0000fff4    00000002     
                  0000fff4    00000002     rts430x_lc_ld_eabi.lib : int50.obj (.int50)

TIMER0_B0 
*          0    0000fff6    00000002     
                  0000fff6    00000002     rts430x_lc_ld_eabi.lib : int51.obj (.int51)

COMP_E     0    0000fff8    00000002     
                  0000fff8    00000002     rts430x_lc_ld_eabi.lib : int52.obj (.int52)

UNMI       0    0000fffa    00000002     
                  0000fffa    00000002     rts430x_lc_ld_eabi.lib : int53.obj (.int53)

SYSNMI     0    0000fffc    00000002     
                  0000fffc    00000002     rts430x_lc_ld_eabi.lib : int54.obj (.int54)

.reset     0    0000fffe    00000002     
                  0000fffe    00000002     rts430x_lc_ld_eabi.lib : boot.obj (.reset)

.text      0    00010000    00002f16     
                  00010000    000006a4     SYSTEM.obj (.text:SYS_CalculateClocks)
                  000106a4    00000452     rts430x_lc_ld_eabi.lib : frcdivd.obj (.text:__TI_frcdivd)
                  00010af6    000002e4                            : frcmpyd.obj (.text:__TI_frcmpyd)
                  00010dda    000002d8                            : addd.obj (.text:__mspabi_addd)
                  000110b2    00000282                            : mpyd.obj (.text:__mspabi_mpyd)
                  00011334    00000252                            : frcaddd.obj (.text:__TI_frcaddd)
                  00011586    00000222                            : divd.obj (.text:__mspabi_divd)
                  000117a8    000001a0     UART.obj (.text:UART_Parameters)
                  00011948    00000192     TLC5940.obj (.text:TLC_SetLEDsLinear)
                  00011ada    000000fc     UART.obj (.text:UART_LookupUCBRSx)
                  00011bd6    000000d8     rts430x_lc_ld_eabi.lib : cmpd.obj (.text:__mspabi_cmpd)
                  00011cae    000000d0     SPI.obj (.text:SPI_SetParametersB)
                  00011d7e    000000c6     TLC5940.obj (.text:TLC_UpdateLEDs)
                  00011e44    000000b2     rts430x_lc_ld_eabi.lib : renormd.obj (.text:__TI_renormd)
                  00011ef6    000000a4     SPI.obj (.text:SPI_WriteB)
                  00011f9a    00000094     rts430x_lc_ld_eabi.lib : fltlid.obj (.text:__mspabi_fltlid)
                  0001202e    00000092                            : autoinit_wdt.obj (.text:_auto_init_hold_wdt)
                  000120c0    0000007a     TIMERS.obj (.text:TMR_ModeTimerA0)
                  0001213a    0000007a     TIMERS.obj (.text:TMR_ModeTimerA1)
                  000121b4    0000007a     TIMERS.obj (.text:TMR_ModeTimerA2)
                  0001222e    00000078     USER.obj (.text:Init_App)
                  000122a6    00000076     MISC.obj (.text:MSC_ABS)
                  0001231c    00000076     rts430x_lc_ld_eabi.lib : fltuld.obj (.text:__mspabi_fltuld)
                  00012392    00000068                            : copy_decompress_rle.obj (.text:__TI_decompress_rle_core)
                  000123fa    00000066                            : fixdli.obj (.text:__mspabi_fixdli)
                  00012460    00000062     UART.obj (.text:UART_PrintBanner)
                  000124c2    0000005c     SPI.obj (.text:Init_SPI)
                  0001251e    00000058     SYSTEM.obj (.text:SYS_ConfigureOscillator)
                  00012576    0000004e     UART.obj (.text:Init_UART)
                  000125c4    0000004c     MISC.obj (.text:MSC_Round)
                  00012610    00000048     LED.obj (.text:LED_DisplayShow)
                  00012658    00000048     main.obj (.text:main)
                  000126a0    00000046     TLC5940.obj (.text:TLC_SetLEDs)
                  000126e6    00000042     MISC.obj (.text:MSC_DelayUS)
                  00012728    00000042     SPI.obj (.text:SPI_ModuleInterruptsB)
                  0001276a    0000003e     SPI.obj (.text:SPI_ModuleB)
                  000127a8    0000003e     rts430x_lc_ld_eabi.lib : asr32.obj (.text:l_asr_const)
                  000127e6    0000003e                            : lsl32.obj (.text:l_lsl_const)
                  00012824    0000003e                            : lsr32.obj (.text:l_lsr_const)
                  00012862    00000038     TLC5940.obj (.text:Init_TLC5940)
                  0001289a    00000036     BUTTON.obj (.text:Init_Buttons)
                  000128d0    00000036     TIMERS.obj (.text:Init_TimerA0)
                  00012906    00000036     TIMERS.obj (.text:Init_TimerA1)
                  0001293c    00000036     TIMERS.obj (.text:Init_TimerA2)
                  00012972    00000036     MISC.obj (.text:MSC_CleanBuffer)
                  000129a8    00000032     BUTTON.obj (.text:BUT_Button1Interrupt)
                  000129da    00000032     LED.obj (.text:LED_Red)
                  00012a0c    00000032     TLC5940.obj (.text:TLC_XERRInterrupt)
                  00012a3e    00000032     UART.obj (.text:UART_ReceiveInterrupt)
                  00012a70    00000032     UART.obj (.text:UART_TransmitInterrupt)
                  00012aa2    00000032     rts430x_lc_ld_eabi.lib : subd.obj (.text:__mspabi_subd)
                  00012ad4    00000030     TLC5940.obj (.text:TLC_GSCLK)
                  00012b04    0000002c     BUTTON.obj (.text:BUT_Button2Interrupt)
                  00012b30    0000002c     LED.obj (.text:LED_Green)
                  00012b5c    0000002c     TIMERS.obj (.text:TMR_InterruptTimerA0)
                  00012b88    0000002c     TIMERS.obj (.text:TMR_InterruptTimerA1)
                  00012bb4    0000002c     TIMERS.obj (.text:TMR_InterruptTimerA2)
                  00012be0    0000002c     UART.obj (.text:UART_Module)
                  00012c0c    0000002c     UART.obj (.text:UART_SendChar)
                  00012c38    0000002c     UART.obj (.text:UART_Sleep)
                  00012c64    0000002c     rts430x_lc_ld_eabi.lib : div16s.obj (.text)
                  00012c90    0000002a                            : memcpy.obj (.text:memcpy)
                  00012cba    00000028     MSPMPU_INIT_LIB_CCS_msp430_large_code_large_data.lib : mpu_init.o (.text:__mpu_init)
                  00012ce2    00000028     rts430x_lc_ld_eabi.lib : fixdi.obj (.text:__mspabi_fixdi)
                  00012d0a    00000026     UART.obj (.text:UART_SendString)
                  00012d30    00000024     rts430x_lc_ld_eabi.lib : copy_zero_init.obj (.text:decompress:ZI:__TI_zero_init)
                  00012d54    00000022     SPI.obj (.text:SPI_BusyB)
                  00012d76    00000022     rts430x_lc_ld_eabi.lib : mult32_f5hw.obj (.text)
                  00012d98    0000001c     USER.obj (.text:Init_System)
                  00012db4    0000001a     TLC5940.obj (.text:TLC_Blank)
                  00012dce    0000001a     TLC5940.obj (.text:TLC_XLAT)
                  00012de8    0000001a     UART.obj (.text:UART_SendStringCRLN)
                  00012e02    00000016     UART.obj (.text:UART_CleanBufferTX)
                  00012e18    00000016     rts430x_lc_ld_eabi.lib : copy_decompress_none.obj (.text:decompress:none:__TI_decompress_none)
                  00012e2e    00000016                            : div16u.obj (.text)
                  00012e44    00000016                            : mult16_f5hw.obj (.text)
                  00012e5a    00000012     UART.obj (.text:UART_CleanBufferRX)
                  00012e6c    00000010     rts430x_lc_ld_eabi.lib : asr32.obj (.text:l_asr)
                  00012e7c    00000010                            : lsl32.obj (.text:l_lsl)
                  00012e8c    00000010                            : lsr32.obj (.text:l_lsr)
                  00012e9c    0000000e     TIMERS.obj (.text:Init_Timers)
                  00012eaa    0000000e     TIMERS.obj (.text:TMR_SetTimerA0)
                  00012eb8    0000000e     TIMERS.obj (.text:TMR_SetTimerA1)
                  00012ec6    0000000e     TIMERS.obj (.text:TMR_SetTimerA2)
                  00012ed4    0000000c     rts430x_lc_ld_eabi.lib : fltid.obj (.text:__mspabi_fltid)
                  00012ee0    00000008     LED.obj (.text:LED_RedToggle)
                  00012ee8    00000008     SYSTEM.obj (.text:SYS_Unlock)
                  00012ef0    00000006     LED.obj (.text:LED_GreenToggle)
                  00012ef6    00000006     TIMERS.obj (.text:TMR_ResetTimerA0)
                  00012efc    00000006     TIMERS.obj (.text:TMR_ResetTimerA1)
                  00012f02    00000006     TIMERS.obj (.text:TMR_ResetTimerA2)
                  00012f08    00000006     rts430x_lc_ld_eabi.lib : copy_decompress_rle.obj (.text:decompress:rle24:__TI_decompress_rle24)
                  00012f0e    00000004                            : pre_init.obj (.text:_system_pre_init)
                  00012f12    00000004                            : exit.obj (.text:abort)


LINKER GENERATED COPY TABLES

__TI_cinit_table @ 00004910 records: 2, size/record: 8, table size: 16
	.data: load addr=000048e6, load size=00000017 bytes, run addr=00002020, run size=0000002d bytes, compression=rle
	.bss: load addr=0000490a, load size=00000006 bytes, run addr=00001c00, run size=00000420 bytes, compression=zero_init


LINKER GENERATED HANDLER TABLE

__TI_handler_table @ 000048fe records: 3, size/record: 4, table size: 12
	index: 0, handler: __TI_zero_init
	index: 1, handler: __TI_decompress_rle24
	index: 2, handler: __TI_decompress_none


GLOBAL SYMBOLS: SORTED ALPHABETICALLY BY Name 

address   name                      
-------   ----                      
00002020  ACLK_Freq                 
00000800  ADC12CTL0                 
00000801  ADC12CTL0_H               
00000800  ADC12CTL0_L               
00000802  ADC12CTL1                 
00000803  ADC12CTL1_H               
00000802  ADC12CTL1_L               
00000804  ADC12CTL2                 
00000805  ADC12CTL2_H               
00000804  ADC12CTL2_L               
00000806  ADC12CTL3                 
00000807  ADC12CTL3_H               
00000806  ADC12CTL3_L               
0000080a  ADC12HI                   
0000080b  ADC12HI_H                 
0000080a  ADC12HI_L                 
00000812  ADC12IER0                 
00000813  ADC12IER0_H               
00000812  ADC12IER0_L               
00000814  ADC12IER1                 
00000815  ADC12IER1_H               
00000814  ADC12IER1_L               
00000816  ADC12IER2                 
00000817  ADC12IER2_H               
00000816  ADC12IER2_L               
0000080c  ADC12IFGR0                
0000080d  ADC12IFGR0_H              
0000080c  ADC12IFGR0_L              
0000080e  ADC12IFGR1                
0000080f  ADC12IFGR1_H              
0000080e  ADC12IFGR1_L              
00000810  ADC12IFGR2                
00000811  ADC12IFGR2_H              
00000810  ADC12IFGR2_L              
00000818  ADC12IV                   
00000819  ADC12IV_H                 
00000818  ADC12IV_L                 
00000808  ADC12LO                   
00000809  ADC12LO_H                 
00000808  ADC12LO_L                 
00000820  ADC12MCTL0                
00000821  ADC12MCTL0_H              
00000820  ADC12MCTL0_L              
00000822  ADC12MCTL1                
00000834  ADC12MCTL10               
00000835  ADC12MCTL10_H             
00000834  ADC12MCTL10_L             
00000836  ADC12MCTL11               
00000837  ADC12MCTL11_H             
00000836  ADC12MCTL11_L             
00000838  ADC12MCTL12               
00000839  ADC12MCTL12_H             
00000838  ADC12MCTL12_L             
0000083a  ADC12MCTL13               
0000083b  ADC12MCTL13_H             
0000083a  ADC12MCTL13_L             
0000083c  ADC12MCTL14               
0000083d  ADC12MCTL14_H             
0000083c  ADC12MCTL14_L             
0000083e  ADC12MCTL15               
0000083f  ADC12MCTL15_H             
0000083e  ADC12MCTL15_L             
00000840  ADC12MCTL16               
00000841  ADC12MCTL16_H             
00000840  ADC12MCTL16_L             
00000842  ADC12MCTL17               
00000843  ADC12MCTL17_H             
00000842  ADC12MCTL17_L             
00000844  ADC12MCTL18               
00000845  ADC12MCTL18_H             
00000844  ADC12MCTL18_L             
00000846  ADC12MCTL19               
00000847  ADC12MCTL19_H             
00000846  ADC12MCTL19_L             
00000823  ADC12MCTL1_H              
00000822  ADC12MCTL1_L              
00000824  ADC12MCTL2                
00000848  ADC12MCTL20               
00000849  ADC12MCTL20_H             
00000848  ADC12MCTL20_L             
0000084a  ADC12MCTL21               
0000084b  ADC12MCTL21_H             
0000084a  ADC12MCTL21_L             
0000084c  ADC12MCTL22               
0000084d  ADC12MCTL22_H             
0000084c  ADC12MCTL22_L             
0000084e  ADC12MCTL23               
0000084f  ADC12MCTL23_H             
0000084e  ADC12MCTL23_L             
00000850  ADC12MCTL24               
00000851  ADC12MCTL24_H             
00000850  ADC12MCTL24_L             
00000852  ADC12MCTL25               
00000853  ADC12MCTL25_H             
00000852  ADC12MCTL25_L             
00000854  ADC12MCTL26               
00000855  ADC12MCTL26_H             
00000854  ADC12MCTL26_L             
00000856  ADC12MCTL27               
00000857  ADC12MCTL27_H             
00000856  ADC12MCTL27_L             
00000858  ADC12MCTL28               
00000859  ADC12MCTL28_H             
00000858  ADC12MCTL28_L             
0000085a  ADC12MCTL29               
0000085b  ADC12MCTL29_H             
0000085a  ADC12MCTL29_L             
00000825  ADC12MCTL2_H              
00000824  ADC12MCTL2_L              
00000826  ADC12MCTL3                
0000085c  ADC12MCTL30               
0000085d  ADC12MCTL30_H             
0000085c  ADC12MCTL30_L             
0000085e  ADC12MCTL31               
0000085f  ADC12MCTL31_H             
0000085e  ADC12MCTL31_L             
00000827  ADC12MCTL3_H              
00000826  ADC12MCTL3_L              
00000828  ADC12MCTL4                
00000829  ADC12MCTL4_H              
00000828  ADC12MCTL4_L              
0000082a  ADC12MCTL5                
0000082b  ADC12MCTL5_H              
0000082a  ADC12MCTL5_L              
0000082c  ADC12MCTL6                
0000082d  ADC12MCTL6_H              
0000082c  ADC12MCTL6_L              
0000082e  ADC12MCTL7                
0000082f  ADC12MCTL7_H              
0000082e  ADC12MCTL7_L              
00000830  ADC12MCTL8                
00000831  ADC12MCTL8_H              
00000830  ADC12MCTL8_L              
00000832  ADC12MCTL9                
00000833  ADC12MCTL9_H              
00000832  ADC12MCTL9_L              
00000860  ADC12MEM0                 
00000861  ADC12MEM0_H               
00000860  ADC12MEM0_L               
00000862  ADC12MEM1                 
00000874  ADC12MEM10                
00000875  ADC12MEM10_H              
00000874  ADC12MEM10_L              
00000876  ADC12MEM11                
00000877  ADC12MEM11_H              
00000876  ADC12MEM11_L              
00000878  ADC12MEM12                
00000879  ADC12MEM12_H              
00000878  ADC12MEM12_L              
0000087a  ADC12MEM13                
0000087b  ADC12MEM13_H              
0000087a  ADC12MEM13_L              
0000087c  ADC12MEM14                
0000087d  ADC12MEM14_H              
0000087c  ADC12MEM14_L              
0000087e  ADC12MEM15                
0000087f  ADC12MEM15_H              
0000087e  ADC12MEM15_L              
00000880  ADC12MEM16                
00000881  ADC12MEM16_H              
00000880  ADC12MEM16_L              
00000882  ADC12MEM17                
00000883  ADC12MEM17_H              
00000882  ADC12MEM17_L              
00000884  ADC12MEM18                
00000885  ADC12MEM18_H              
00000884  ADC12MEM18_L              
00000886  ADC12MEM19                
00000887  ADC12MEM19_H              
00000886  ADC12MEM19_L              
00000863  ADC12MEM1_H               
00000862  ADC12MEM1_L               
00000864  ADC12MEM2                 
00000888  ADC12MEM20                
00000889  ADC12MEM20_H              
00000888  ADC12MEM20_L              
0000088a  ADC12MEM21                
0000088b  ADC12MEM21_H              
0000088a  ADC12MEM21_L              
0000088c  ADC12MEM22                
0000088d  ADC12MEM22_H              
0000088c  ADC12MEM22_L              
0000088e  ADC12MEM23                
0000088f  ADC12MEM23_H              
0000088e  ADC12MEM23_L              
00000890  ADC12MEM24                
00000891  ADC12MEM24_H              
00000890  ADC12MEM24_L              
00000892  ADC12MEM25                
00000893  ADC12MEM25_H              
00000892  ADC12MEM25_L              
00000894  ADC12MEM26                
00000895  ADC12MEM26_H              
00000894  ADC12MEM26_L              
00000896  ADC12MEM27                
00000897  ADC12MEM27_H              
00000896  ADC12MEM27_L              
00000898  ADC12MEM28                
00000899  ADC12MEM28_H              
00000898  ADC12MEM28_L              
0000089a  ADC12MEM29                
0000089b  ADC12MEM29_H              
0000089a  ADC12MEM29_L              
00000865  ADC12MEM2_H               
00000864  ADC12MEM2_L               
00000866  ADC12MEM3                 
0000089c  ADC12MEM30                
0000089d  ADC12MEM30_H              
0000089c  ADC12MEM30_L              
0000089e  ADC12MEM31                
0000089f  ADC12MEM31_H              
0000089e  ADC12MEM31_L              
00000867  ADC12MEM3_H               
00000866  ADC12MEM3_L               
00000868  ADC12MEM4                 
00000869  ADC12MEM4_H               
00000868  ADC12MEM4_L               
0000086a  ADC12MEM5                 
0000086b  ADC12MEM5_H               
0000086a  ADC12MEM5_L               
0000086c  ADC12MEM6                 
0000086d  ADC12MEM6_H               
0000086c  ADC12MEM6_L               
0000086e  ADC12MEM7                 
0000086f  ADC12MEM7_H               
0000086e  ADC12MEM7_L               
00000870  ADC12MEM8                 
00000871  ADC12MEM8_H               
00000870  ADC12MEM8_L               
00000872  ADC12MEM9                 
00000873  ADC12MEM9_H               
00000872  ADC12MEM9_L               
000009c0  AESACTL0                  
000009c1  AESACTL0_H                
000009c0  AESACTL0_L                
000009c2  AESACTL1                  
000009c3  AESACTL1_H                
000009c2  AESACTL1_L                
000009c8  AESADIN                   
000009c9  AESADIN_H                 
000009c8  AESADIN_L                 
000009ca  AESADOUT                  
000009cb  AESADOUT_H                
000009ca  AESADOUT_L                
000009c6  AESAKEY                   
000009c7  AESAKEY_H                 
000009c6  AESAKEY_L                 
000009c4  AESASTAT                  
000009c5  AESASTAT_H                
000009c4  AESASTAT_L                
000009cc  AESAXDIN                  
000009cd  AESAXDIN_H                
000009cc  AESAXDIN_L                
000009ce  AESAXIN                   
000009cf  AESAXIN_H                 
000009ce  AESAXIN_L                 
000004be  BCD2BIN                   
000004bc  BIN2BCD                   
000129a8  BUT_Button1Interrupt      
00012b04  BUT_Button2Interrupt      
0000204a  BreakReceived             
00012f12  C$$EXIT                   
0000043e  CAPTIO0CTL                
0000043f  CAPTIO0CTL_H              
0000043e  CAPTIO0CTL_L              
0000047e  CAPTIO1CTL                
0000047f  CAPTIO1CTL_H              
0000047e  CAPTIO1CTL_L              
000008c0  CECTL0                    
000008c1  CECTL0_H                  
000008c0  CECTL0_L                  
000008c2  CECTL1                    
000008c3  CECTL1_H                  
000008c2  CECTL1_L                  
000008c4  CECTL2                    
000008c5  CECTL2_H                  
000008c4  CECTL2_L                  
000008c6  CECTL3                    
000008c7  CECTL3_H                  
000008c6  CECTL3_L                  
000008cc  CEINT                     
000008cd  CEINT_H                   
000008cc  CEINT_L                   
000008ce  CEIV                      
000008cf  CEIV_H                    
000008ce  CEIV_L                    
00000150  CRCDI                     
00000152  CRCDIRB                   
00000153  CRCDIRB_H                 
00000152  CRCDIRB_L                 
00000151  CRCDI_H                   
00000150  CRCDI_L                   
00000154  CRCINIRES                 
00000155  CRCINIRES_H               
00000154  CRCINIRES_L               
00000156  CRCRESR                   
00000157  CRCRESR_H                 
00000156  CRCRESR_L                 
00000160  CSCTL0                    
00000161  CSCTL0_H                  
00000160  CSCTL0_L                  
00000162  CSCTL1                    
00000163  CSCTL1_H                  
00000162  CSCTL1_L                  
00000164  CSCTL2                    
00000165  CSCTL2_H                  
00000164  CSCTL2_L                  
00000166  CSCTL3                    
00000167  CSCTL3_H                  
00000166  CSCTL3_L                  
00000168  CSCTL4                    
00000169  CSCTL4_H                  
00000168  CSCTL4_L                  
0000016a  CSCTL5                    
0000016b  CSCTL5_H                  
0000016a  CSCTL5_L                  
0000016c  CSCTL6                    
0000016d  CSCTL6_H                  
0000016c  CSCTL6_L                  
0000202c  DCOCLK_Freq               
00000510  DMA0CTL                   
00000511  DMA0CTL_H                 
00000510  DMA0CTL_L                 
00000516  DMA0DA                    
00000518  DMA0DAH                   
00000516  DMA0DAL                   
00000512  DMA0SA                    
00000514  DMA0SAH                   
00000512  DMA0SAL                   
0000051a  DMA0SZ                    
00000520  DMA1CTL                   
00000521  DMA1CTL_H                 
00000520  DMA1CTL_L                 
00000526  DMA1DA                    
00000528  DMA1DAH                   
00000526  DMA1DAL                   
00000522  DMA1SA                    
00000524  DMA1SAH                   
00000522  DMA1SAL                   
0000052a  DMA1SZ                    
00000530  DMA2CTL                   
00000531  DMA2CTL_H                 
00000530  DMA2CTL_L                 
00000536  DMA2DA                    
00000538  DMA2DAH                   
00000536  DMA2DAL                   
00000532  DMA2SA                    
00000534  DMA2SAH                   
00000532  DMA2SAL                   
0000053a  DMA2SZ                    
00000500  DMACTL0                   
00000501  DMACTL0_H                 
00000500  DMACTL0_L                 
00000502  DMACTL1                   
00000503  DMACTL1_H                 
00000502  DMACTL1_L                 
00000504  DMACTL2                   
00000505  DMACTL2_H                 
00000504  DMACTL2_L                 
00000506  DMACTL3                   
00000507  DMACTL3_H                 
00000506  DMACTL3_L                 
00000508  DMACTL4                   
00000509  DMACTL4_H                 
00000508  DMACTL4_L                 
0000050e  DMAIV                     
0000050f  DMAIV_H                   
0000050e  DMAIV_L                   
00000140  FRCTL0                    
00000141  FRCTL0_H                  
00000140  FRCTL0_L                  
0000204c  FadeDirection             
00000144  GCCTL0                    
00000145  GCCTL0_H                  
00000144  GCCTL0_L                  
00000146  GCCTL1                    
00000147  GCCTL1_H                  
00000146  GCCTL1_L                  
00002040  HFXTCLK_Freq              
0001222e  Init_App                  
0001289a  Init_Buttons              
000124c2  Init_SPI                  
00012d98  Init_System               
00012862  Init_TLC5940              
000128d0  Init_TimerA0              
00012906  Init_TimerA1              
0001293c  Init_TimerA2              
00012e9c  Init_Timers               
00012576  Init_UART                 
00012610  LED_DisplayShow           
00012b30  LED_Green                 
00012ef0  LED_GreenToggle           
000129da  LED_Red                   
00012ee0  LED_RedToggle             
00002000  LEDs                      
0000203c  LFMODCLK_Freq             
00002034  LFXTCLK_Freq              
000004c4  MAC                       
000004da  MAC32H                    
000004db  MAC32H_H                  
000004da  MAC32H_L                  
000004d8  MAC32L                    
000004d9  MAC32L_H                  
000004d8  MAC32L_L                  
000004c6  MACS                      
000004de  MACS32H                   
000004df  MACS32H_H                 
000004de  MACS32H_L                 
000004dc  MACS32L                   
000004dd  MACS32L_H                 
000004dc  MACS32L_L                 
000004c7  MACS_H                    
000004c6  MACS_L                    
000004c5  MAC_H                     
000004c4  MAC_L                     
00002028  MCLK_Freq                 
00002038  MODCLK_Freq               
000005a0  MPUCTL0                   
000005a1  MPUCTL0_H                 
000005a0  MPUCTL0_L                 
000005a2  MPUCTL1                   
000005a3  MPUCTL1_H                 
000005a2  MPUCTL1_L                 
000005aa  MPUIPC0                   
000005ab  MPUIPC0_H                 
000005aa  MPUIPC0_L                 
000005ae  MPUIPSEGB1                
000005af  MPUIPSEGB1_H              
000005ae  MPUIPSEGB1_L              
000005ac  MPUIPSEGB2                
000005ad  MPUIPSEGB2_H              
000005ac  MPUIPSEGB2_L              
000005a8  MPUSAM                    
000005a9  MPUSAM_H                  
000005a8  MPUSAM_L                  
000005a6  MPUSEGB1                  
000005a7  MPUSEGB1_H                
000005a6  MPUSEGB1_L                
000005a4  MPUSEGB2                  
000005a5  MPUSEGB2_H                
000005a4  MPUSEGB2_L                
000004c0  MPY                       
000004ec  MPY32CTL0                 
000004ed  MPY32CTL0_H               
000004ec  MPY32CTL0_L               
000004d2  MPY32H                    
000004d3  MPY32H_H                  
000004d2  MPY32H_L                  
000004d0  MPY32L                    
000004d1  MPY32L_H                  
000004d0  MPY32L_L                  
000004c2  MPYS                      
000004d6  MPYS32H                   
000004d7  MPYS32H_H                 
000004d6  MPYS32H_L                 
000004d4  MPYS32L                   
000004d5  MPYS32L_H                 
000004d4  MPYS32L_L                 
000004c3  MPYS_H                    
000004c2  MPYS_L                    
000004c1  MPY_H                     
000004c0  MPY_L                     
000122a6  MSC_ABS                   
00012972  MSC_CleanBuffer           
000126e6  MSC_DelayUS               
000125c4  MSC_Round                 
000004c8  OP2                       
000004e2  OP2H                      
000004e3  OP2H_H                    
000004e2  OP2H_L                    
000004e0  OP2L                      
000004e1  OP2L_H                    
000004e0  OP2L_L                    
000004c9  OP2_H                     
000004c8  OP2_L                     
0000020e  P1IV                      
0000021e  P2IV                      
0000022e  P3IV                      
0000023e  P4IV                      
00000204  PADIR                     
00000205  PADIR_H                   
00000204  PADIR_L                   
0000021a  PAIE                      
00000218  PAIES                     
00000219  PAIES_H                   
00000218  PAIES_L                   
0000021b  PAIE_H                    
0000021a  PAIE_L                    
0000021c  PAIFG                     
0000021d  PAIFG_H                   
0000021c  PAIFG_L                   
00000200  PAIN                      
00000201  PAIN_H                    
00000200  PAIN_L                    
00000202  PAOUT                     
00000203  PAOUT_H                   
00000202  PAOUT_L                   
00000206  PAREN                     
00000207  PAREN_H                   
00000206  PAREN_L                   
0000020a  PASEL0                    
0000020b  PASEL0_H                  
0000020a  PASEL0_L                  
0000020c  PASEL1                    
0000020d  PASEL1_H                  
0000020c  PASEL1_L                  
00000216  PASELC                    
00000217  PASELC_H                  
00000216  PASELC_L                  
00000224  PBDIR                     
00000225  PBDIR_H                   
00000224  PBDIR_L                   
0000023a  PBIE                      
00000238  PBIES                     
00000239  PBIES_H                   
00000238  PBIES_L                   
0000023b  PBIE_H                    
0000023a  PBIE_L                    
0000023c  PBIFG                     
0000023d  PBIFG_H                   
0000023c  PBIFG_L                   
00000220  PBIN                      
00000221  PBIN_H                    
00000220  PBIN_L                    
00000222  PBOUT                     
00000223  PBOUT_H                   
00000222  PBOUT_L                   
00000226  PBREN                     
00000227  PBREN_H                   
00000226  PBREN_L                   
0000022a  PBSEL0                    
0000022b  PBSEL0_H                  
0000022a  PBSEL0_L                  
0000022c  PBSEL1                    
0000022d  PBSEL1_H                  
0000022c  PBSEL1_L                  
00000236  PBSELC                    
00000237  PBSELC_H                  
00000236  PBSELC_L                  
00000324  PJDIR                     
00000325  PJDIR_H                   
00000324  PJDIR_L                   
00000320  PJIN                      
00000321  PJIN_H                    
00000320  PJIN_L                    
00000322  PJOUT                     
00000323  PJOUT_H                   
00000322  PJOUT_L                   
00000326  PJREN                     
00000327  PJREN_H                   
00000326  PJREN_L                   
0000032a  PJSEL0                    
0000032b  PJSEL0_H                  
0000032a  PJSEL0_L                  
0000032c  PJSEL1                    
0000032d  PJSEL1_H                  
0000032c  PJSEL1_L                  
00000336  PJSELC                    
00000337  PJSELC_H                  
00000336  PJSELC_L                  
00000130  PM5CTL0                   
00000131  PM5CTL0_H                 
00000130  PM5CTL0_L                 
00000120  PMMCTL0                   
00000121  PMMCTL0_H                 
00000120  PMMCTL0_L                 
0000012a  PMMIFG                    
0000012b  PMMIFG_H                  
0000012a  PMMIFG_L                  
00004550  Port1_ISR                 
00004514  Port4_ISR                 
000001b0  REFCTL0                   
000001b1  REFCTL0_H                 
000001b0  REFCTL0_L                 
000004e4  RES0                      
000004e5  RES0_H                    
000004e4  RES0_L                    
000004e6  RES1                      
000004e7  RES1_H                    
000004e6  RES1_L                    
000004e8  RES2                      
000004e9  RES2_H                    
000004e8  RES2_L                    
000004ea  RES3                      
000004eb  RES3_H                    
000004ea  RES3_L                    
000004cc  RESHI                     
000004cd  RESHI_H                   
000004cc  RESHI_L                   
000004ca  RESLO                     
000004cb  RESLO_H                   
000004ca  RESLO_L                   
000004ba  RTCADOWDAY                
000004bb  RTCADOWDAY_H              
000004ba  RTCADOWDAY_L              
000004b8  RTCAMINHR                 
000004b9  RTCAMINHR_H               
000004b8  RTCAMINHR_L               
000004a0  RTCCTL01                  
000004a1  RTCCTL01_H                
000004a0  RTCCTL01_L                
000004a2  RTCCTL23                  
000004a3  RTCCTL23_H                
000004a2  RTCCTL23_L                
000004b4  RTCDATE                   
000004b5  RTCDATE_H                 
000004b4  RTCDATE_L                 
000004ae  RTCIV                     
000004ac  RTCPS                     
000004a8  RTCPS0CTL                 
000004a9  RTCPS0CTL_H               
000004a8  RTCPS0CTL_L               
000004aa  RTCPS1CTL                 
000004ab  RTCPS1CTL_H               
000004aa  RTCPS1CTL_L               
000004ad  RTCPS_H                   
000004ac  RTCPS_L                   
000004b0  RTCTIM0                   
000004b1  RTCTIM0_H                 
000004b0  RTCTIM0_L                 
000004b2  RTCTIM1                   
000004b3  RTCTIM1_H                 
000004b2  RTCTIM1_L                 
000004b6  RTCYEAR                   
000004b7  RTCYEAR_H                 
000004b6  RTCYEAR_L                 
00001c00  RX_Buffer                 
00002044  RX_Buffer_Place           
00000100  SFRIE1                    
00000101  SFRIE1_H                  
00000100  SFRIE1_L                  
00000102  SFRIFG1                   
00000103  SFRIFG1_H                 
00000102  SFRIFG1_L                 
00000104  SFRRPCR                   
00000105  SFRRPCR_H                 
00000104  SFRRPCR_L                 
00002024  SMCLK_Freq                
00012d54  SPI_BusyB                 
0001276a  SPI_ModuleB               
00012728  SPI_ModuleInterruptsB     
0000204b  SPI_Receive_Available     
00011cae  SPI_SetParametersB        
00011ef6  SPI_WriteB                
000004ce  SUMEXT                    
000004cf  SUMEXT_H                  
000004ce  SUMEXT_L                  
00000180  SYSCTL                    
00000181  SYSCTL_H                  
00000180  SYSCTL_L                  
00000186  SYSJMBC                   
00000187  SYSJMBC_H                 
00000186  SYSJMBC_L                 
00000188  SYSJMBI0                  
00000189  SYSJMBI0_H                
00000188  SYSJMBI0_L                
0000018a  SYSJMBI1                  
0000018b  SYSJMBI1_H                
0000018a  SYSJMBI1_L                
0000018c  SYSJMBO0                  
0000018d  SYSJMBO0_H                
0000018c  SYSJMBO0_L                
0000018e  SYSJMBO1                  
0000018f  SYSJMBO1_H                
0000018e  SYSJMBO1_L                
0000019e  SYSRSTIV                  
0000019f  SYSRSTIV_H                
0000019e  SYSRSTIV_L                
0000019c  SYSSNIV                   
0000019d  SYSSNIV_H                 
0000019c  SYSSNIV_L                 
0000019a  SYSUNIV                   
0000019b  SYSUNIV_H                 
0000019a  SYSUNIV_L                 
00010000  SYS_CalculateClocks       
0001251e  SYS_ConfigureOscillator   
00012ee8  SYS_Unlock                
00000352  TA0CCR0                   
00000354  TA0CCR1                   
00000356  TA0CCR2                   
00000342  TA0CCTL0                  
00000344  TA0CCTL1                  
00000346  TA0CCTL2                  
00000340  TA0CTL                    
00000360  TA0EX0                    
0000036e  TA0IV                     
00000350  TA0R                      
00000392  TA1CCR0                   
00000394  TA1CCR1                   
00000396  TA1CCR2                   
00000382  TA1CCTL0                  
00000384  TA1CCTL1                  
00000386  TA1CCTL2                  
00000380  TA1CTL                    
000003a0  TA1EX0                    
000003ae  TA1IV                     
00000390  TA1R                      
00000412  TA2CCR0                   
00000414  TA2CCR1                   
00000402  TA2CCTL0                  
00000404  TA2CCTL1                  
00000400  TA2CTL                    
00000420  TA2EX0                    
0000042e  TA2IV                     
00000410  TA2R                      
00000452  TA3CCR0                   
00000454  TA3CCR1                   
00000442  TA3CCTL0                  
00000444  TA3CCTL1                  
00000440  TA3CTL                    
00000460  TA3EX0                    
0000046e  TA3IV                     
00000450  TA3R                      
000003d2  TB0CCR0                   
000003d4  TB0CCR1                   
000003d6  TB0CCR2                   
000003d8  TB0CCR3                   
000003da  TB0CCR4                   
000003dc  TB0CCR5                   
000003de  TB0CCR6                   
000003c2  TB0CCTL0                  
000003c4  TB0CCTL1                  
000003c6  TB0CCTL2                  
000003c8  TB0CCTL3                  
000003ca  TB0CCTL4                  
000003cc  TB0CCTL5                  
000003ce  TB0CCTL6                  
000003c0  TB0CTL                    
000003e0  TB0EX0                    
000003ee  TB0IV                     
000003d0  TB0R                      
000045b8  TIMER0_A0_ISR             
00004612  TIMER0_A1_ISR             
00004588  TIMER1_A0_ISR             
0000461e  TIMER1_A1_ISR             
00012db4  TLC_Blank                 
00012ad4  TLC_GSCLK                 
000126a0  TLC_SetLEDs               
00011948  TLC_SetLEDsLinear         
00011d7e  TLC_UpdateLEDs            
00012a0c  TLC_XERRInterrupt         
00012dce  TLC_XLAT                  
00012b5c  TMR_InterruptTimerA0      
00012b88  TMR_InterruptTimerA1      
00012bb4  TMR_InterruptTimerA2      
000120c0  TMR_ModeTimerA0           
0001213a  TMR_ModeTimerA1           
000121b4  TMR_ModeTimerA2           
00012ef6  TMR_ResetTimerA0          
00012efc  TMR_ResetTimerA1          
00012f02  TMR_ResetTimerA2          
00012eaa  TMR_SetTimerA0            
00012eb8  TMR_SetTimerA1            
00012ec6  TMR_SetTimerA2            
00001e00  TX_Buffer                 
00002048  TX_Buffer_Place_Add       
00002046  TX_Buffer_Place_Remove    
0000463c  Table_UCBRSx              
00004604  Timer2_A0_ISR             
0000462a  Timer2_A1_ISR             
00012e5a  UART_CleanBufferRX        
00012e02  UART_CleanBufferTX        
00011ada  UART_LookupUCBRSx         
00012be0  UART_Module               
000117a8  UART_Parameters           
00012460  UART_PrintBanner          
00012a3e  UART_ReceiveInterrupt     
00012c0c  UART_SendChar             
00012d0a  UART_SendString           
00012de8  UART_SendStringCRLN       
00012c38  UART_Sleep                
00012a70  UART_TransmitInterrupt    
000005d0  UCA0ABCTL                 
000005c6  UCA0BRW                   
000005c7  UCA0BRW_H                 
000005c6  UCA0BRW_L                 
000005c0  UCA0CTLW0                 
000005c1  UCA0CTLW0_H               
000005c0  UCA0CTLW0_L               
000005c2  UCA0CTLW1                 
000005c3  UCA0CTLW1_H               
000005c2  UCA0CTLW1_L               
000005da  UCA0IE                    
000005db  UCA0IE_H                  
000005da  UCA0IE_L                  
000005dc  UCA0IFG                   
000005dd  UCA0IFG_H                 
000005dc  UCA0IFG_L                 
000005d2  UCA0IRCTL                 
000005d3  UCA0IRCTL_H               
000005d2  UCA0IRCTL_L               
000005de  UCA0IV                    
000005c8  UCA0MCTLW                 
000005c9  UCA0MCTLW_H               
000005c8  UCA0MCTLW_L               
000005cc  UCA0RXBUF                 
000005cd  UCA0RXBUF_H               
000005cc  UCA0RXBUF_L               
000005ca  UCA0STATW                 
000005ce  UCA0TXBUF                 
000005cf  UCA0TXBUF_H               
000005ce  UCA0TXBUF_L               
000005f0  UCA1ABCTL                 
000005e6  UCA1BRW                   
000005e7  UCA1BRW_H                 
000005e6  UCA1BRW_L                 
000005e0  UCA1CTLW0                 
000005e1  UCA1CTLW0_H               
000005e0  UCA1CTLW0_L               
000005e2  UCA1CTLW1                 
000005e3  UCA1CTLW1_H               
000005e2  UCA1CTLW1_L               
000005fa  UCA1IE                    
000005fb  UCA1IE_H                  
000005fa  UCA1IE_L                  
000005fc  UCA1IFG                   
000005fd  UCA1IFG_H                 
000005fc  UCA1IFG_L                 
000005f2  UCA1IRCTL                 
000005f3  UCA1IRCTL_H               
000005f2  UCA1IRCTL_L               
000005fe  UCA1IV                    
000005e8  UCA1MCTLW                 
000005e9  UCA1MCTLW_H               
000005e8  UCA1MCTLW_L               
000005ec  UCA1RXBUF                 
000005ed  UCA1RXBUF_H               
000005ec  UCA1RXBUF_L               
000005ea  UCA1STATW                 
000005ee  UCA1TXBUF                 
000005ef  UCA1TXBUF_H               
000005ee  UCA1TXBUF_L               
0000065e  UCB0ADDMASK               
0000065f  UCB0ADDMASK_H             
0000065e  UCB0ADDMASK_L             
0000065c  UCB0ADDRX                 
0000065d  UCB0ADDRX_H               
0000065c  UCB0ADDRX_L               
00000646  UCB0BRW                   
00000647  UCB0BRW_H                 
00000646  UCB0BRW_L                 
00000640  UCB0CTLW0                 
00000641  UCB0CTLW0_H               
00000640  UCB0CTLW0_L               
00000642  UCB0CTLW1                 
00000643  UCB0CTLW1_H               
00000642  UCB0CTLW1_L               
00000654  UCB0I2COA0                
00000655  UCB0I2COA0_H              
00000654  UCB0I2COA0_L              
00000656  UCB0I2COA1                
00000657  UCB0I2COA1_H              
00000656  UCB0I2COA1_L              
00000658  UCB0I2COA2                
00000659  UCB0I2COA2_H              
00000658  UCB0I2COA2_L              
0000065a  UCB0I2COA3                
0000065b  UCB0I2COA3_H              
0000065a  UCB0I2COA3_L              
00000660  UCB0I2CSA                 
00000661  UCB0I2CSA_H               
00000660  UCB0I2CSA_L               
0000066a  UCB0IE                    
0000066b  UCB0IE_H                  
0000066a  UCB0IE_L                  
0000066c  UCB0IFG                   
0000066d  UCB0IFG_H                 
0000066c  UCB0IFG_L                 
0000066e  UCB0IV                    
0000064c  UCB0RXBUF                 
0000064d  UCB0RXBUF_H               
0000064c  UCB0RXBUF_L               
00000648  UCB0STATW                 
00000649  UCB0STATW_H               
00000648  UCB0STATW_L               
0000064a  UCB0TBCNT                 
0000064b  UCB0TBCNT_H               
0000064a  UCB0TBCNT_L               
0000064e  UCB0TXBUF                 
0000064f  UCB0TXBUF_H               
0000064e  UCB0TXBUF_L               
00004400  USCI_A1_ISR               
000044d2  USCI_B0_ISR               
00002030  VLOCLK_Freq               
0000015c  WDTCTL                    
0000015d  WDTCTL_H                  
0000015c  WDTCTL_L                  
00002400  __STACK_END               
000000a0  __STACK_SIZE              
00004910  __TI_CINIT_Base           
00004920  __TI_CINIT_Limit          
000048fe  __TI_Handler_Table_Base   
0000490a  __TI_Handler_Table_Limit  
UNDEFED   __TI_INITARRAY_Base       
UNDEFED   __TI_INITARRAY_Limit      
00004636  __TI_ISR_TRAP             
00012e18  __TI_decompress_none      
00012f08  __TI_decompress_rle24     
00011334  __TI_frcaddd              
000106a4  __TI_frcdivd              
00010af6  __TI_frcmpyd              
0000ffcc  __TI_int30                
0000ffce  __TI_int31                
0000ffd0  __TI_int32                
0000ffd2  __TI_int33                
0000ffd4  __TI_int34                
0000ffd6  __TI_int35                
0000ffd8  __TI_int36                
0000ffda  __TI_int37                
0000ffdc  __TI_int38                
0000ffde  __TI_int39                
0000ffe0  __TI_int40                
0000ffe2  __TI_int41                
0000ffe4  __TI_int42                
0000ffe6  __TI_int43                
0000ffe8  __TI_int44                
0000ffea  __TI_int45                
0000ffec  __TI_int46                
0000ffee  __TI_int47                
0000fff0  __TI_int48                
0000fff2  __TI_int49                
0000fff4  __TI_int50                
0000fff6  __TI_int51                
0000fff8  __TI_int52                
0000fffa  __TI_int53                
0000fffc  __TI_int54                
00011e44  __TI_renormd              
00012d30  __TI_zero_init            
ffffffff  __binit__                 
ffffffff  __c_args__                
00000001  __mpu_enable              
00012cba  __mpu_init                
00010dda  __mspabi_addd             
00011bd6  __mspabi_cmpd             
00011586  __mspabi_divd             
00012c64  __mspabi_divi             
00012e2e  __mspabi_divu             
00012ce2  __mspabi_fixdi            
000123fa  __mspabi_fixdli           
00012ed4  __mspabi_fltid            
00011f9a  __mspabi_fltlid           
0001231c  __mspabi_fltuld           
000110b2  __mspabi_mpyd             
00012e44  __mspabi_mpyi_f5hw        
00012d76  __mspabi_mpyl_f5hw        
00012c64  __mspabi_remi             
00012e2e  __mspabi_remu             
00012e7c  __mspabi_slll             
0001281e  __mspabi_slll_1           
000127fa  __mspabi_slll_10          
000127f6  __mspabi_slll_11          
000127f2  __mspabi_slll_12          
000127ee  __mspabi_slll_13          
000127ea  __mspabi_slll_14          
000127e6  __mspabi_slll_15          
0001281a  __mspabi_slll_2           
00012816  __mspabi_slll_3           
00012812  __mspabi_slll_4           
0001280e  __mspabi_slll_5           
0001280a  __mspabi_slll_6           
00012806  __mspabi_slll_7           
00012802  __mspabi_slll_8           
000127fe  __mspabi_slll_9           
00012e6c  __mspabi_sral             
000127e0  __mspabi_sral_1           
000127bc  __mspabi_sral_10          
000127b8  __mspabi_sral_11          
000127b4  __mspabi_sral_12          
000127b0  __mspabi_sral_13          
000127ac  __mspabi_sral_14          
000127a8  __mspabi_sral_15          
000127dc  __mspabi_sral_2           
000127d8  __mspabi_sral_3           
000127d4  __mspabi_sral_4           
000127d0  __mspabi_sral_5           
000127cc  __mspabi_sral_6           
000127c8  __mspabi_sral_7           
000127c4  __mspabi_sral_8           
000127c0  __mspabi_sral_9           
00012e8c  __mspabi_srll             
0001285c  __mspabi_srll_1           
00012838  __mspabi_srll_10          
00012834  __mspabi_srll_11          
00012830  __mspabi_srll_12          
0001282c  __mspabi_srll_13          
00012828  __mspabi_srll_14          
00012824  __mspabi_srll_15          
00012858  __mspabi_srll_2           
00012854  __mspabi_srll_3           
00012850  __mspabi_srll_4           
0001284c  __mspabi_srll_5           
00012848  __mspabi_srll_6           
00012844  __mspabi_srll_7           
00012840  __mspabi_srll_8           
0001283c  __mspabi_srll_9           
00012aa2  __mspabi_subd             
0001202e  _auto_init_hold_wdt       
000045e6  _c_int00_noargs_noexit_mpu
0000fffe  _reset_vector             
00002360  _stack                    
00012f0e  _system_pre_init          
00012f12  abort                     
ffffffff  binit                     
00004400  fram_ipe_end              
00004400  fram_ipe_start            
00004400  fram_rx_start             
00012658  main                      
00012c90  memcpy                    
0000a501  mpu_ctl0_value            
00001513  mpu_sam_value             
00000440  mpu_segment_border1       
00000440  mpu_segment_border2       


GLOBAL SYMBOLS: SORTED BY Symbol Address 

address   name                      
-------   ----                      
00000001  __mpu_enable              
000000a0  __STACK_SIZE              
00000100  SFRIE1                    
00000100  SFRIE1_L                  
00000101  SFRIE1_H                  
00000102  SFRIFG1                   
00000102  SFRIFG1_L                 
00000103  SFRIFG1_H                 
00000104  SFRRPCR                   
00000104  SFRRPCR_L                 
00000105  SFRRPCR_H                 
00000120  PMMCTL0                   
00000120  PMMCTL0_L                 
00000121  PMMCTL0_H                 
0000012a  PMMIFG                    
0000012a  PMMIFG_L                  
0000012b  PMMIFG_H                  
00000130  PM5CTL0                   
00000130  PM5CTL0_L                 
00000131  PM5CTL0_H                 
00000140  FRCTL0                    
00000140  FRCTL0_L                  
00000141  FRCTL0_H                  
00000144  GCCTL0                    
00000144  GCCTL0_L                  
00000145  GCCTL0_H                  
00000146  GCCTL1                    
00000146  GCCTL1_L                  
00000147  GCCTL1_H                  
00000150  CRCDI                     
00000150  CRCDI_L                   
00000151  CRCDI_H                   
00000152  CRCDIRB                   
00000152  CRCDIRB_L                 
00000153  CRCDIRB_H                 
00000154  CRCINIRES                 
00000154  CRCINIRES_L               
00000155  CRCINIRES_H               
00000156  CRCRESR                   
00000156  CRCRESR_L                 
00000157  CRCRESR_H                 
0000015c  WDTCTL                    
0000015c  WDTCTL_L                  
0000015d  WDTCTL_H                  
00000160  CSCTL0                    
00000160  CSCTL0_L                  
00000161  CSCTL0_H                  
00000162  CSCTL1                    
00000162  CSCTL1_L                  
00000163  CSCTL1_H                  
00000164  CSCTL2                    
00000164  CSCTL2_L                  
00000165  CSCTL2_H                  
00000166  CSCTL3                    
00000166  CSCTL3_L                  
00000167  CSCTL3_H                  
00000168  CSCTL4                    
00000168  CSCTL4_L                  
00000169  CSCTL4_H                  
0000016a  CSCTL5                    
0000016a  CSCTL5_L                  
0000016b  CSCTL5_H                  
0000016c  CSCTL6                    
0000016c  CSCTL6_L                  
0000016d  CSCTL6_H                  
00000180  SYSCTL                    
00000180  SYSCTL_L                  
00000181  SYSCTL_H                  
00000186  SYSJMBC                   
00000186  SYSJMBC_L                 
00000187  SYSJMBC_H                 
00000188  SYSJMBI0                  
00000188  SYSJMBI0_L                
00000189  SYSJMBI0_H                
0000018a  SYSJMBI1                  
0000018a  SYSJMBI1_L                
0000018b  SYSJMBI1_H                
0000018c  SYSJMBO0                  
0000018c  SYSJMBO0_L                
0000018d  SYSJMBO0_H                
0000018e  SYSJMBO1                  
0000018e  SYSJMBO1_L                
0000018f  SYSJMBO1_H                
0000019a  SYSUNIV                   
0000019a  SYSUNIV_L                 
0000019b  SYSUNIV_H                 
0000019c  SYSSNIV                   
0000019c  SYSSNIV_L                 
0000019d  SYSSNIV_H                 
0000019e  SYSRSTIV                  
0000019e  SYSRSTIV_L                
0000019f  SYSRSTIV_H                
000001b0  REFCTL0                   
000001b0  REFCTL0_L                 
000001b1  REFCTL0_H                 
00000200  PAIN                      
00000200  PAIN_L                    
00000201  PAIN_H                    
00000202  PAOUT                     
00000202  PAOUT_L                   
00000203  PAOUT_H                   
00000204  PADIR                     
00000204  PADIR_L                   
00000205  PADIR_H                   
00000206  PAREN                     
00000206  PAREN_L                   
00000207  PAREN_H                   
0000020a  PASEL0                    
0000020a  PASEL0_L                  
0000020b  PASEL0_H                  
0000020c  PASEL1                    
0000020c  PASEL1_L                  
0000020d  PASEL1_H                  
0000020e  P1IV                      
00000216  PASELC                    
00000216  PASELC_L                  
00000217  PASELC_H                  
00000218  PAIES                     
00000218  PAIES_L                   
00000219  PAIES_H                   
0000021a  PAIE                      
0000021a  PAIE_L                    
0000021b  PAIE_H                    
0000021c  PAIFG                     
0000021c  PAIFG_L                   
0000021d  PAIFG_H                   
0000021e  P2IV                      
00000220  PBIN                      
00000220  PBIN_L                    
00000221  PBIN_H                    
00000222  PBOUT                     
00000222  PBOUT_L                   
00000223  PBOUT_H                   
00000224  PBDIR                     
00000224  PBDIR_L                   
00000225  PBDIR_H                   
00000226  PBREN                     
00000226  PBREN_L                   
00000227  PBREN_H                   
0000022a  PBSEL0                    
0000022a  PBSEL0_L                  
0000022b  PBSEL0_H                  
0000022c  PBSEL1                    
0000022c  PBSEL1_L                  
0000022d  PBSEL1_H                  
0000022e  P3IV                      
00000236  PBSELC                    
00000236  PBSELC_L                  
00000237  PBSELC_H                  
00000238  PBIES                     
00000238  PBIES_L                   
00000239  PBIES_H                   
0000023a  PBIE                      
0000023a  PBIE_L                    
0000023b  PBIE_H                    
0000023c  PBIFG                     
0000023c  PBIFG_L                   
0000023d  PBIFG_H                   
0000023e  P4IV                      
00000320  PJIN                      
00000320  PJIN_L                    
00000321  PJIN_H                    
00000322  PJOUT                     
00000322  PJOUT_L                   
00000323  PJOUT_H                   
00000324  PJDIR                     
00000324  PJDIR_L                   
00000325  PJDIR_H                   
00000326  PJREN                     
00000326  PJREN_L                   
00000327  PJREN_H                   
0000032a  PJSEL0                    
0000032a  PJSEL0_L                  
0000032b  PJSEL0_H                  
0000032c  PJSEL1                    
0000032c  PJSEL1_L                  
0000032d  PJSEL1_H                  
00000336  PJSELC                    
00000336  PJSELC_L                  
00000337  PJSELC_H                  
00000340  TA0CTL                    
00000342  TA0CCTL0                  
00000344  TA0CCTL1                  
00000346  TA0CCTL2                  
00000350  TA0R                      
00000352  TA0CCR0                   
00000354  TA0CCR1                   
00000356  TA0CCR2                   
00000360  TA0EX0                    
0000036e  TA0IV                     
00000380  TA1CTL                    
00000382  TA1CCTL0                  
00000384  TA1CCTL1                  
00000386  TA1CCTL2                  
00000390  TA1R                      
00000392  TA1CCR0                   
00000394  TA1CCR1                   
00000396  TA1CCR2                   
000003a0  TA1EX0                    
000003ae  TA1IV                     
000003c0  TB0CTL                    
000003c2  TB0CCTL0                  
000003c4  TB0CCTL1                  
000003c6  TB0CCTL2                  
000003c8  TB0CCTL3                  
000003ca  TB0CCTL4                  
000003cc  TB0CCTL5                  
000003ce  TB0CCTL6                  
000003d0  TB0R                      
000003d2  TB0CCR0                   
000003d4  TB0CCR1                   
000003d6  TB0CCR2                   
000003d8  TB0CCR3                   
000003da  TB0CCR4                   
000003dc  TB0CCR5                   
000003de  TB0CCR6                   
000003e0  TB0EX0                    
000003ee  TB0IV                     
00000400  TA2CTL                    
00000402  TA2CCTL0                  
00000404  TA2CCTL1                  
00000410  TA2R                      
00000412  TA2CCR0                   
00000414  TA2CCR1                   
00000420  TA2EX0                    
0000042e  TA2IV                     
0000043e  CAPTIO0CTL                
0000043e  CAPTIO0CTL_L              
0000043f  CAPTIO0CTL_H              
00000440  TA3CTL                    
00000440  mpu_segment_border1       
00000440  mpu_segment_border2       
00000442  TA3CCTL0                  
00000444  TA3CCTL1                  
00000450  TA3R                      
00000452  TA3CCR0                   
00000454  TA3CCR1                   
00000460  TA3EX0                    
0000046e  TA3IV                     
0000047e  CAPTIO1CTL                
0000047e  CAPTIO1CTL_L              
0000047f  CAPTIO1CTL_H              
000004a0  RTCCTL01                  
000004a0  RTCCTL01_L                
000004a1  RTCCTL01_H                
000004a2  RTCCTL23                  
000004a2  RTCCTL23_L                
000004a3  RTCCTL23_H                
000004a8  RTCPS0CTL                 
000004a8  RTCPS0CTL_L               
000004a9  RTCPS0CTL_H               
000004aa  RTCPS1CTL                 
000004aa  RTCPS1CTL_L               
000004ab  RTCPS1CTL_H               
000004ac  RTCPS                     
000004ac  RTCPS_L                   
000004ad  RTCPS_H                   
000004ae  RTCIV                     
000004b0  RTCTIM0                   
000004b0  RTCTIM0_L                 
000004b1  RTCTIM0_H                 
000004b2  RTCTIM1                   
000004b2  RTCTIM1_L                 
000004b3  RTCTIM1_H                 
000004b4  RTCDATE                   
000004b4  RTCDATE_L                 
000004b5  RTCDATE_H                 
000004b6  RTCYEAR                   
000004b6  RTCYEAR_L                 
000004b7  RTCYEAR_H                 
000004b8  RTCAMINHR                 
000004b8  RTCAMINHR_L               
000004b9  RTCAMINHR_H               
000004ba  RTCADOWDAY                
000004ba  RTCADOWDAY_L              
000004bb  RTCADOWDAY_H              
000004bc  BIN2BCD                   
000004be  BCD2BIN                   
000004c0  MPY                       
000004c0  MPY_L                     
000004c1  MPY_H                     
000004c2  MPYS                      
000004c2  MPYS_L                    
000004c3  MPYS_H                    
000004c4  MAC                       
000004c4  MAC_L                     
000004c5  MAC_H                     
000004c6  MACS                      
000004c6  MACS_L                    
000004c7  MACS_H                    
000004c8  OP2                       
000004c8  OP2_L                     
000004c9  OP2_H                     
000004ca  RESLO                     
000004ca  RESLO_L                   
000004cb  RESLO_H                   
000004cc  RESHI                     
000004cc  RESHI_L                   
000004cd  RESHI_H                   
000004ce  SUMEXT                    
000004ce  SUMEXT_L                  
000004cf  SUMEXT_H                  
000004d0  MPY32L                    
000004d0  MPY32L_L                  
000004d1  MPY32L_H                  
000004d2  MPY32H                    
000004d2  MPY32H_L                  
000004d3  MPY32H_H                  
000004d4  MPYS32L                   
000004d4  MPYS32L_L                 
000004d5  MPYS32L_H                 
000004d6  MPYS32H                   
000004d6  MPYS32H_L                 
000004d7  MPYS32H_H                 
000004d8  MAC32L                    
000004d8  MAC32L_L                  
000004d9  MAC32L_H                  
000004da  MAC32H                    
000004da  MAC32H_L                  
000004db  MAC32H_H                  
000004dc  MACS32L                   
000004dc  MACS32L_L                 
000004dd  MACS32L_H                 
000004de  MACS32H                   
000004de  MACS32H_L                 
000004df  MACS32H_H                 
000004e0  OP2L                      
000004e0  OP2L_L                    
000004e1  OP2L_H                    
000004e2  OP2H                      
000004e2  OP2H_L                    
000004e3  OP2H_H                    
000004e4  RES0                      
000004e4  RES0_L                    
000004e5  RES0_H                    
000004e6  RES1                      
000004e6  RES1_L                    
000004e7  RES1_H                    
000004e8  RES2                      
000004e8  RES2_L                    
000004e9  RES2_H                    
000004ea  RES3                      
000004ea  RES3_L                    
000004eb  RES3_H                    
000004ec  MPY32CTL0                 
000004ec  MPY32CTL0_L               
000004ed  MPY32CTL0_H               
00000500  DMACTL0                   
00000500  DMACTL0_L                 
00000501  DMACTL0_H                 
00000502  DMACTL1                   
00000502  DMACTL1_L                 
00000503  DMACTL1_H                 
00000504  DMACTL2                   
00000504  DMACTL2_L                 
00000505  DMACTL2_H                 
00000506  DMACTL3                   
00000506  DMACTL3_L                 
00000507  DMACTL3_H                 
00000508  DMACTL4                   
00000508  DMACTL4_L                 
00000509  DMACTL4_H                 
0000050e  DMAIV                     
0000050e  DMAIV_L                   
0000050f  DMAIV_H                   
00000510  DMA0CTL                   
00000510  DMA0CTL_L                 
00000511  DMA0CTL_H                 
00000512  DMA0SA                    
00000512  DMA0SAL                   
00000514  DMA0SAH                   
00000516  DMA0DA                    
00000516  DMA0DAL                   
00000518  DMA0DAH                   
0000051a  DMA0SZ                    
00000520  DMA1CTL                   
00000520  DMA1CTL_L                 
00000521  DMA1CTL_H                 
00000522  DMA1SA                    
00000522  DMA1SAL                   
00000524  DMA1SAH                   
00000526  DMA1DA                    
00000526  DMA1DAL                   
00000528  DMA1DAH                   
0000052a  DMA1SZ                    
00000530  DMA2CTL                   
00000530  DMA2CTL_L                 
00000531  DMA2CTL_H                 
00000532  DMA2SA                    
00000532  DMA2SAL                   
00000534  DMA2SAH                   
00000536  DMA2DA                    
00000536  DMA2DAL                   
00000538  DMA2DAH                   
0000053a  DMA2SZ                    
000005a0  MPUCTL0                   
000005a0  MPUCTL0_L                 
000005a1  MPUCTL0_H                 
000005a2  MPUCTL1                   
000005a2  MPUCTL1_L                 
000005a3  MPUCTL1_H                 
000005a4  MPUSEGB2                  
000005a4  MPUSEGB2_L                
000005a5  MPUSEGB2_H                
000005a6  MPUSEGB1                  
000005a6  MPUSEGB1_L                
000005a7  MPUSEGB1_H                
000005a8  MPUSAM                    
000005a8  MPUSAM_L                  
000005a9  MPUSAM_H                  
000005aa  MPUIPC0                   
000005aa  MPUIPC0_L                 
000005ab  MPUIPC0_H                 
000005ac  MPUIPSEGB2                
000005ac  MPUIPSEGB2_L              
000005ad  MPUIPSEGB2_H              
000005ae  MPUIPSEGB1                
000005ae  MPUIPSEGB1_L              
000005af  MPUIPSEGB1_H              
000005c0  UCA0CTLW0                 
000005c0  UCA0CTLW0_L               
000005c1  UCA0CTLW0_H               
000005c2  UCA0CTLW1                 
000005c2  UCA0CTLW1_L               
000005c3  UCA0CTLW1_H               
000005c6  UCA0BRW                   
000005c6  UCA0BRW_L                 
000005c7  UCA0BRW_H                 
000005c8  UCA0MCTLW                 
000005c8  UCA0MCTLW_L               
000005c9  UCA0MCTLW_H               
000005ca  UCA0STATW                 
000005cc  UCA0RXBUF                 
000005cc  UCA0RXBUF_L               
000005cd  UCA0RXBUF_H               
000005ce  UCA0TXBUF                 
000005ce  UCA0TXBUF_L               
000005cf  UCA0TXBUF_H               
000005d0  UCA0ABCTL                 
000005d2  UCA0IRCTL                 
000005d2  UCA0IRCTL_L               
000005d3  UCA0IRCTL_H               
000005da  UCA0IE                    
000005da  UCA0IE_L                  
000005db  UCA0IE_H                  
000005dc  UCA0IFG                   
000005dc  UCA0IFG_L                 
000005dd  UCA0IFG_H                 
000005de  UCA0IV                    
000005e0  UCA1CTLW0                 
000005e0  UCA1CTLW0_L               
000005e1  UCA1CTLW0_H               
000005e2  UCA1CTLW1                 
000005e2  UCA1CTLW1_L               
000005e3  UCA1CTLW1_H               
000005e6  UCA1BRW                   
000005e6  UCA1BRW_L                 
000005e7  UCA1BRW_H                 
000005e8  UCA1MCTLW                 
000005e8  UCA1MCTLW_L               
000005e9  UCA1MCTLW_H               
000005ea  UCA1STATW                 
000005ec  UCA1RXBUF                 
000005ec  UCA1RXBUF_L               
000005ed  UCA1RXBUF_H               
000005ee  UCA1TXBUF                 
000005ee  UCA1TXBUF_L               
000005ef  UCA1TXBUF_H               
000005f0  UCA1ABCTL                 
000005f2  UCA1IRCTL                 
000005f2  UCA1IRCTL_L               
000005f3  UCA1IRCTL_H               
000005fa  UCA1IE                    
000005fa  UCA1IE_L                  
000005fb  UCA1IE_H                  
000005fc  UCA1IFG                   
000005fc  UCA1IFG_L                 
000005fd  UCA1IFG_H                 
000005fe  UCA1IV                    
00000640  UCB0CTLW0                 
00000640  UCB0CTLW0_L               
00000641  UCB0CTLW0_H               
00000642  UCB0CTLW1                 
00000642  UCB0CTLW1_L               
00000643  UCB0CTLW1_H               
00000646  UCB0BRW                   
00000646  UCB0BRW_L                 
00000647  UCB0BRW_H                 
00000648  UCB0STATW                 
00000648  UCB0STATW_L               
00000649  UCB0STATW_H               
0000064a  UCB0TBCNT                 
0000064a  UCB0TBCNT_L               
0000064b  UCB0TBCNT_H               
0000064c  UCB0RXBUF                 
0000064c  UCB0RXBUF_L               
0000064d  UCB0RXBUF_H               
0000064e  UCB0TXBUF                 
0000064e  UCB0TXBUF_L               
0000064f  UCB0TXBUF_H               
00000654  UCB0I2COA0                
00000654  UCB0I2COA0_L              
00000655  UCB0I2COA0_H              
00000656  UCB0I2COA1                
00000656  UCB0I2COA1_L              
00000657  UCB0I2COA1_H              
00000658  UCB0I2COA2                
00000658  UCB0I2COA2_L              
00000659  UCB0I2COA2_H              
0000065a  UCB0I2COA3                
0000065a  UCB0I2COA3_L              
0000065b  UCB0I2COA3_H              
0000065c  UCB0ADDRX                 
0000065c  UCB0ADDRX_L               
0000065d  UCB0ADDRX_H               
0000065e  UCB0ADDMASK               
0000065e  UCB0ADDMASK_L             
0000065f  UCB0ADDMASK_H             
00000660  UCB0I2CSA                 
00000660  UCB0I2CSA_L               
00000661  UCB0I2CSA_H               
0000066a  UCB0IE                    
0000066a  UCB0IE_L                  
0000066b  UCB0IE_H                  
0000066c  UCB0IFG                   
0000066c  UCB0IFG_L                 
0000066d  UCB0IFG_H                 
0000066e  UCB0IV                    
00000800  ADC12CTL0                 
00000800  ADC12CTL0_L               
00000801  ADC12CTL0_H               
00000802  ADC12CTL1                 
00000802  ADC12CTL1_L               
00000803  ADC12CTL1_H               
00000804  ADC12CTL2                 
00000804  ADC12CTL2_L               
00000805  ADC12CTL2_H               
00000806  ADC12CTL3                 
00000806  ADC12CTL3_L               
00000807  ADC12CTL3_H               
00000808  ADC12LO                   
00000808  ADC12LO_L                 
00000809  ADC12LO_H                 
0000080a  ADC12HI                   
0000080a  ADC12HI_L                 
0000080b  ADC12HI_H                 
0000080c  ADC12IFGR0                
0000080c  ADC12IFGR0_L              
0000080d  ADC12IFGR0_H              
0000080e  ADC12IFGR1                
0000080e  ADC12IFGR1_L              
0000080f  ADC12IFGR1_H              
00000810  ADC12IFGR2                
00000810  ADC12IFGR2_L              
00000811  ADC12IFGR2_H              
00000812  ADC12IER0                 
00000812  ADC12IER0_L               
00000813  ADC12IER0_H               
00000814  ADC12IER1                 
00000814  ADC12IER1_L               
00000815  ADC12IER1_H               
00000816  ADC12IER2                 
00000816  ADC12IER2_L               
00000817  ADC12IER2_H               
00000818  ADC12IV                   
00000818  ADC12IV_L                 
00000819  ADC12IV_H                 
00000820  ADC12MCTL0                
00000820  ADC12MCTL0_L              
00000821  ADC12MCTL0_H              
00000822  ADC12MCTL1                
00000822  ADC12MCTL1_L              
00000823  ADC12MCTL1_H              
00000824  ADC12MCTL2                
00000824  ADC12MCTL2_L              
00000825  ADC12MCTL2_H              
00000826  ADC12MCTL3                
00000826  ADC12MCTL3_L              
00000827  ADC12MCTL3_H              
00000828  ADC12MCTL4                
00000828  ADC12MCTL4_L              
00000829  ADC12MCTL4_H              
0000082a  ADC12MCTL5                
0000082a  ADC12MCTL5_L              
0000082b  ADC12MCTL5_H              
0000082c  ADC12MCTL6                
0000082c  ADC12MCTL6_L              
0000082d  ADC12MCTL6_H              
0000082e  ADC12MCTL7                
0000082e  ADC12MCTL7_L              
0000082f  ADC12MCTL7_H              
00000830  ADC12MCTL8                
00000830  ADC12MCTL8_L              
00000831  ADC12MCTL8_H              
00000832  ADC12MCTL9                
00000832  ADC12MCTL9_L              
00000833  ADC12MCTL9_H              
00000834  ADC12MCTL10               
00000834  ADC12MCTL10_L             
00000835  ADC12MCTL10_H             
00000836  ADC12MCTL11               
00000836  ADC12MCTL11_L             
00000837  ADC12MCTL11_H             
00000838  ADC12MCTL12               
00000838  ADC12MCTL12_L             
00000839  ADC12MCTL12_H             
0000083a  ADC12MCTL13               
0000083a  ADC12MCTL13_L             
0000083b  ADC12MCTL13_H             
0000083c  ADC12MCTL14               
0000083c  ADC12MCTL14_L             
0000083d  ADC12MCTL14_H             
0000083e  ADC12MCTL15               
0000083e  ADC12MCTL15_L             
0000083f  ADC12MCTL15_H             
00000840  ADC12MCTL16               
00000840  ADC12MCTL16_L             
00000841  ADC12MCTL16_H             
00000842  ADC12MCTL17               
00000842  ADC12MCTL17_L             
00000843  ADC12MCTL17_H             
00000844  ADC12MCTL18               
00000844  ADC12MCTL18_L             
00000845  ADC12MCTL18_H             
00000846  ADC12MCTL19               
00000846  ADC12MCTL19_L             
00000847  ADC12MCTL19_H             
00000848  ADC12MCTL20               
00000848  ADC12MCTL20_L             
00000849  ADC12MCTL20_H             
0000084a  ADC12MCTL21               
0000084a  ADC12MCTL21_L             
0000084b  ADC12MCTL21_H             
0000084c  ADC12MCTL22               
0000084c  ADC12MCTL22_L             
0000084d  ADC12MCTL22_H             
0000084e  ADC12MCTL23               
0000084e  ADC12MCTL23_L             
0000084f  ADC12MCTL23_H             
00000850  ADC12MCTL24               
00000850  ADC12MCTL24_L             
00000851  ADC12MCTL24_H             
00000852  ADC12MCTL25               
00000852  ADC12MCTL25_L             
00000853  ADC12MCTL25_H             
00000854  ADC12MCTL26               
00000854  ADC12MCTL26_L             
00000855  ADC12MCTL26_H             
00000856  ADC12MCTL27               
00000856  ADC12MCTL27_L             
00000857  ADC12MCTL27_H             
00000858  ADC12MCTL28               
00000858  ADC12MCTL28_L             
00000859  ADC12MCTL28_H             
0000085a  ADC12MCTL29               
0000085a  ADC12MCTL29_L             
0000085b  ADC12MCTL29_H             
0000085c  ADC12MCTL30               
0000085c  ADC12MCTL30_L             
0000085d  ADC12MCTL30_H             
0000085e  ADC12MCTL31               
0000085e  ADC12MCTL31_L             
0000085f  ADC12MCTL31_H             
00000860  ADC12MEM0                 
00000860  ADC12MEM0_L               
00000861  ADC12MEM0_H               
00000862  ADC12MEM1                 
00000862  ADC12MEM1_L               
00000863  ADC12MEM1_H               
00000864  ADC12MEM2                 
00000864  ADC12MEM2_L               
00000865  ADC12MEM2_H               
00000866  ADC12MEM3                 
00000866  ADC12MEM3_L               
00000867  ADC12MEM3_H               
00000868  ADC12MEM4                 
00000868  ADC12MEM4_L               
00000869  ADC12MEM4_H               
0000086a  ADC12MEM5                 
0000086a  ADC12MEM5_L               
0000086b  ADC12MEM5_H               
0000086c  ADC12MEM6                 
0000086c  ADC12MEM6_L               
0000086d  ADC12MEM6_H               
0000086e  ADC12MEM7                 
0000086e  ADC12MEM7_L               
0000086f  ADC12MEM7_H               
00000870  ADC12MEM8                 
00000870  ADC12MEM8_L               
00000871  ADC12MEM8_H               
00000872  ADC12MEM9                 
00000872  ADC12MEM9_L               
00000873  ADC12MEM9_H               
00000874  ADC12MEM10                
00000874  ADC12MEM10_L              
00000875  ADC12MEM10_H              
00000876  ADC12MEM11                
00000876  ADC12MEM11_L              
00000877  ADC12MEM11_H              
00000878  ADC12MEM12                
00000878  ADC12MEM12_L              
00000879  ADC12MEM12_H              
0000087a  ADC12MEM13                
0000087a  ADC12MEM13_L              
0000087b  ADC12MEM13_H              
0000087c  ADC12MEM14                
0000087c  ADC12MEM14_L              
0000087d  ADC12MEM14_H              
0000087e  ADC12MEM15                
0000087e  ADC12MEM15_L              
0000087f  ADC12MEM15_H              
00000880  ADC12MEM16                
00000880  ADC12MEM16_L              
00000881  ADC12MEM16_H              
00000882  ADC12MEM17                
00000882  ADC12MEM17_L              
00000883  ADC12MEM17_H              
00000884  ADC12MEM18                
00000884  ADC12MEM18_L              
00000885  ADC12MEM18_H              
00000886  ADC12MEM19                
00000886  ADC12MEM19_L              
00000887  ADC12MEM19_H              
00000888  ADC12MEM20                
00000888  ADC12MEM20_L              
00000889  ADC12MEM20_H              
0000088a  ADC12MEM21                
0000088a  ADC12MEM21_L              
0000088b  ADC12MEM21_H              
0000088c  ADC12MEM22                
0000088c  ADC12MEM22_L              
0000088d  ADC12MEM22_H              
0000088e  ADC12MEM23                
0000088e  ADC12MEM23_L              
0000088f  ADC12MEM23_H              
00000890  ADC12MEM24                
00000890  ADC12MEM24_L              
00000891  ADC12MEM24_H              
00000892  ADC12MEM25                
00000892  ADC12MEM25_L              
00000893  ADC12MEM25_H              
00000894  ADC12MEM26                
00000894  ADC12MEM26_L              
00000895  ADC12MEM26_H              
00000896  ADC12MEM27                
00000896  ADC12MEM27_L              
00000897  ADC12MEM27_H              
00000898  ADC12MEM28                
00000898  ADC12MEM28_L              
00000899  ADC12MEM28_H              
0000089a  ADC12MEM29                
0000089a  ADC12MEM29_L              
0000089b  ADC12MEM29_H              
0000089c  ADC12MEM30                
0000089c  ADC12MEM30_L              
0000089d  ADC12MEM30_H              
0000089e  ADC12MEM31                
0000089e  ADC12MEM31_L              
0000089f  ADC12MEM31_H              
000008c0  CECTL0                    
000008c0  CECTL0_L                  
000008c1  CECTL0_H                  
000008c2  CECTL1                    
000008c2  CECTL1_L                  
000008c3  CECTL1_H                  
000008c4  CECTL2                    
000008c4  CECTL2_L                  
000008c5  CECTL2_H                  
000008c6  CECTL3                    
000008c6  CECTL3_L                  
000008c7  CECTL3_H                  
000008cc  CEINT                     
000008cc  CEINT_L                   
000008cd  CEINT_H                   
000008ce  CEIV                      
000008ce  CEIV_L                    
000008cf  CEIV_H                    
000009c0  AESACTL0                  
000009c0  AESACTL0_L                
000009c1  AESACTL0_H                
000009c2  AESACTL1                  
000009c2  AESACTL1_L                
000009c3  AESACTL1_H                
000009c4  AESASTAT                  
000009c4  AESASTAT_L                
000009c5  AESASTAT_H                
000009c6  AESAKEY                   
000009c6  AESAKEY_L                 
000009c7  AESAKEY_H                 
000009c8  AESADIN                   
000009c8  AESADIN_L                 
000009c9  AESADIN_H                 
000009ca  AESADOUT                  
000009ca  AESADOUT_L                
000009cb  AESADOUT_H                
000009cc  AESAXDIN                  
000009cc  AESAXDIN_L                
000009cd  AESAXDIN_H                
000009ce  AESAXIN                   
000009ce  AESAXIN_L                 
000009cf  AESAXIN_H                 
00001513  mpu_sam_value             
00001c00  RX_Buffer                 
00001e00  TX_Buffer                 
00002000  LEDs                      
00002020  ACLK_Freq                 
00002024  SMCLK_Freq                
00002028  MCLK_Freq                 
0000202c  DCOCLK_Freq               
00002030  VLOCLK_Freq               
00002034  LFXTCLK_Freq              
00002038  MODCLK_Freq               
0000203c  LFMODCLK_Freq             
00002040  HFXTCLK_Freq              
00002044  RX_Buffer_Place           
00002046  TX_Buffer_Place_Remove    
00002048  TX_Buffer_Place_Add       
0000204a  BreakReceived             
0000204b  SPI_Receive_Available     
0000204c  FadeDirection             
00002360  _stack                    
00002400  __STACK_END               
00004400  USCI_A1_ISR               
00004400  fram_ipe_end              
00004400  fram_ipe_start            
00004400  fram_rx_start             
000044d2  USCI_B0_ISR               
00004514  Port4_ISR                 
00004550  Port1_ISR                 
00004588  TIMER1_A0_ISR             
000045b8  TIMER0_A0_ISR             
000045e6  _c_int00_noargs_noexit_mpu
00004604  Timer2_A0_ISR             
00004612  TIMER0_A1_ISR             
0000461e  TIMER1_A1_ISR             
0000462a  Timer2_A1_ISR             
00004636  __TI_ISR_TRAP             
0000463c  Table_UCBRSx              
000048fe  __TI_Handler_Table_Base   
0000490a  __TI_Handler_Table_Limit  
00004910  __TI_CINIT_Base           
00004920  __TI_CINIT_Limit          
0000a501  mpu_ctl0_value            
0000ffcc  __TI_int30                
0000ffce  __TI_int31                
0000ffd0  __TI_int32                
0000ffd2  __TI_int33                
0000ffd4  __TI_int34                
0000ffd6  __TI_int35                
0000ffd8  __TI_int36                
0000ffda  __TI_int37                
0000ffdc  __TI_int38                
0000ffde  __TI_int39                
0000ffe0  __TI_int40                
0000ffe2  __TI_int41                
0000ffe4  __TI_int42                
0000ffe6  __TI_int43                
0000ffe8  __TI_int44                
0000ffea  __TI_int45                
0000ffec  __TI_int46                
0000ffee  __TI_int47                
0000fff0  __TI_int48                
0000fff2  __TI_int49                
0000fff4  __TI_int50                
0000fff6  __TI_int51                
0000fff8  __TI_int52                
0000fffa  __TI_int53                
0000fffc  __TI_int54                
0000fffe  _reset_vector             
00010000  SYS_CalculateClocks       
000106a4  __TI_frcdivd              
00010af6  __TI_frcmpyd              
00010dda  __mspabi_addd             
000110b2  __mspabi_mpyd             
00011334  __TI_frcaddd              
00011586  __mspabi_divd             
000117a8  UART_Parameters           
00011948  TLC_SetLEDsLinear         
00011ada  UART_LookupUCBRSx         
00011bd6  __mspabi_cmpd             
00011cae  SPI_SetParametersB        
00011d7e  TLC_UpdateLEDs            
00011e44  __TI_renormd              
00011ef6  SPI_WriteB                
00011f9a  __mspabi_fltlid           
0001202e  _auto_init_hold_wdt       
000120c0  TMR_ModeTimerA0           
0001213a  TMR_ModeTimerA1           
000121b4  TMR_ModeTimerA2           
0001222e  Init_App                  
000122a6  MSC_ABS                   
0001231c  __mspabi_fltuld           
000123fa  __mspabi_fixdli           
00012460  UART_PrintBanner          
000124c2  Init_SPI                  
0001251e  SYS_ConfigureOscillator   
00012576  Init_UART                 
000125c4  MSC_Round                 
00012610  LED_DisplayShow           
00012658  main                      
000126a0  TLC_SetLEDs               
000126e6  MSC_DelayUS               
00012728  SPI_ModuleInterruptsB     
0001276a  SPI_ModuleB               
000127a8  __mspabi_sral_15          
000127ac  __mspabi_sral_14          
000127b0  __mspabi_sral_13          
000127b4  __mspabi_sral_12          
000127b8  __mspabi_sral_11          
000127bc  __mspabi_sral_10          
000127c0  __mspabi_sral_9           
000127c4  __mspabi_sral_8           
000127c8  __mspabi_sral_7           
000127cc  __mspabi_sral_6           
000127d0  __mspabi_sral_5           
000127d4  __mspabi_sral_4           
000127d8  __mspabi_sral_3           
000127dc  __mspabi_sral_2           
000127e0  __mspabi_sral_1           
000127e6  __mspabi_slll_15          
000127ea  __mspabi_slll_14          
000127ee  __mspabi_slll_13          
000127f2  __mspabi_slll_12          
000127f6  __mspabi_slll_11          
000127fa  __mspabi_slll_10          
000127fe  __mspabi_slll_9           
00012802  __mspabi_slll_8           
00012806  __mspabi_slll_7           
0001280a  __mspabi_slll_6           
0001280e  __mspabi_slll_5           
00012812  __mspabi_slll_4           
00012816  __mspabi_slll_3           
0001281a  __mspabi_slll_2           
0001281e  __mspabi_slll_1           
00012824  __mspabi_srll_15          
00012828  __mspabi_srll_14          
0001282c  __mspabi_srll_13          
00012830  __mspabi_srll_12          
00012834  __mspabi_srll_11          
00012838  __mspabi_srll_10          
0001283c  __mspabi_srll_9           
00012840  __mspabi_srll_8           
00012844  __mspabi_srll_7           
00012848  __mspabi_srll_6           
0001284c  __mspabi_srll_5           
00012850  __mspabi_srll_4           
00012854  __mspabi_srll_3           
00012858  __mspabi_srll_2           
0001285c  __mspabi_srll_1           
00012862  Init_TLC5940              
0001289a  Init_Buttons              
000128d0  Init_TimerA0              
00012906  Init_TimerA1              
0001293c  Init_TimerA2              
00012972  MSC_CleanBuffer           
000129a8  BUT_Button1Interrupt      
000129da  LED_Red                   
00012a0c  TLC_XERRInterrupt         
00012a3e  UART_ReceiveInterrupt     
00012a70  UART_TransmitInterrupt    
00012aa2  __mspabi_subd             
00012ad4  TLC_GSCLK                 
00012b04  BUT_Button2Interrupt      
00012b30  LED_Green                 
00012b5c  TMR_InterruptTimerA0      
00012b88  TMR_InterruptTimerA1      
00012bb4  TMR_InterruptTimerA2      
00012be0  UART_Module               
00012c0c  UART_SendChar             
00012c38  UART_Sleep                
00012c64  __mspabi_divi             
00012c64  __mspabi_remi             
00012c90  memcpy                    
00012cba  __mpu_init                
00012ce2  __mspabi_fixdi            
00012d0a  UART_SendString           
00012d30  __TI_zero_init            
00012d54  SPI_BusyB                 
00012d76  __mspabi_mpyl_f5hw        
00012d98  Init_System               
00012db4  TLC_Blank                 
00012dce  TLC_XLAT                  
00012de8  UART_SendStringCRLN       
00012e02  UART_CleanBufferTX        
00012e18  __TI_decompress_none      
00012e2e  __mspabi_divu             
00012e2e  __mspabi_remu             
00012e44  __mspabi_mpyi_f5hw        
00012e5a  UART_CleanBufferRX        
00012e6c  __mspabi_sral             
00012e7c  __mspabi_slll             
00012e8c  __mspabi_srll             
00012e9c  Init_Timers               
00012eaa  TMR_SetTimerA0            
00012eb8  TMR_SetTimerA1            
00012ec6  TMR_SetTimerA2            
00012ed4  __mspabi_fltid            
00012ee0  LED_RedToggle             
00012ee8  SYS_Unlock                
00012ef0  LED_GreenToggle           
00012ef6  TMR_ResetTimerA0          
00012efc  TMR_ResetTimerA1          
00012f02  TMR_ResetTimerA2          
00012f08  __TI_decompress_rle24     
00012f0e  _system_pre_init          
00012f12  C$$EXIT                   
00012f12  abort                     
ffffffff  __binit__                 
ffffffff  __c_args__                
ffffffff  binit                     
UNDEFED   __TI_INITARRAY_Base       
UNDEFED   __TI_INITARRAY_Limit      

[1012 symbols]
