<?xml version="1.0"?>
<link_info>
   <banner>MSP430 Linker PC v4.4.6</banner>
   <copyright>Copyright (c) 2003-2015 Texas Instruments Incorporated</copyright>
   <link_time>0x56460cb2</link_time>
   <link_errors>0x0</link_errors>
   <output_file>MSP_Launchpad_Booster_LED.out</output_file>
   <entry_point>
      <name>_c_int00_noargs_noexit_mpu</name>
      <address>0x61d0</address>
   </entry_point>
   <input_file_list>
      <input_file id="fl-2">
         <path>.\</path>
         <kind>object</kind>
         <file>ADC.obj</file>
         <name>ADC.obj</name>
      </input_file>
      <input_file id="fl-3">
         <path>.\</path>
         <kind>object</kind>
         <file>BUTTON.obj</file>
         <name>BUTTON.obj</name>
      </input_file>
      <input_file id="fl-4">
         <path>.\</path>
         <kind>object</kind>
         <file>FILTER.obj</file>
         <name>FILTER.obj</name>
      </input_file>
      <input_file id="fl-5">
         <path>.\</path>
         <kind>object</kind>
         <file>INTERRUPTS.obj</file>
         <name>INTERRUPTS.obj</name>
      </input_file>
      <input_file id="fl-6">
         <path>.\</path>
         <kind>object</kind>
         <file>LED.obj</file>
         <name>LED.obj</name>
      </input_file>
      <input_file id="fl-7">
         <path>.\</path>
         <kind>object</kind>
         <file>MISC.obj</file>
         <name>MISC.obj</name>
      </input_file>
      <input_file id="fl-8">
         <path>.\</path>
         <kind>object</kind>
         <file>PROCESSING.obj</file>
         <name>PROCESSING.obj</name>
      </input_file>
      <input_file id="fl-9">
         <path>.\</path>
         <kind>object</kind>
         <file>SPI.obj</file>
         <name>SPI.obj</name>
      </input_file>
      <input_file id="fl-a">
         <path>.\</path>
         <kind>object</kind>
         <file>SYSTEM.obj</file>
         <name>SYSTEM.obj</name>
      </input_file>
      <input_file id="fl-b">
         <path>.\</path>
         <kind>object</kind>
         <file>TIMERS.obj</file>
         <name>TIMERS.obj</name>
      </input_file>
      <input_file id="fl-c">
         <path>.\</path>
         <kind>object</kind>
         <file>TLC5940.obj</file>
         <name>TLC5940.obj</name>
      </input_file>
      <input_file id="fl-d">
         <path>.\</path>
         <kind>object</kind>
         <file>UART.obj</file>
         <name>UART.obj</name>
      </input_file>
      <input_file id="fl-e">
         <path>.\</path>
         <kind>object</kind>
         <file>USER.obj</file>
         <name>USER.obj</name>
      </input_file>
      <input_file id="fl-f">
         <path>.\</path>
         <kind>object</kind>
         <file>main.obj</file>
         <name>main.obj</name>
      </input_file>
      <input_file id="fl-4a">
         <path>C:\ti\ccsv6\tools\compiler\ti-cgt-msp430_4.4.6\lib\</path>
         <kind>archive</kind>
         <file>rts430x_lc_ld_eabi.lib</file>
         <name>copy_decompress_none.obj</name>
      </input_file>
      <input_file id="fl-4b">
         <path>C:\ti\ccsv6\tools\compiler\ti-cgt-msp430_4.4.6\lib\</path>
         <kind>archive</kind>
         <file>rts430x_lc_ld_eabi.lib</file>
         <name>copy_decompress_rle.obj</name>
      </input_file>
      <input_file id="fl-4c">
         <path>C:\ti\ccsv6\tools\compiler\ti-cgt-msp430_4.4.6\lib\</path>
         <kind>archive</kind>
         <file>rts430x_lc_ld_eabi.lib</file>
         <name>int30.obj</name>
      </input_file>
      <input_file id="fl-4d">
         <path>C:\ti\ccsv6\tools\compiler\ti-cgt-msp430_4.4.6\lib\</path>
         <kind>archive</kind>
         <file>rts430x_lc_ld_eabi.lib</file>
         <name>isr_trap.obj</name>
      </input_file>
      <input_file id="fl-4e">
         <path>C:\ti\ccsv6\tools\compiler\ti-cgt-msp430_4.4.6\lib\</path>
         <kind>archive</kind>
         <file>rts430x_lc_ld_eabi.lib</file>
         <name>int31.obj</name>
      </input_file>
      <input_file id="fl-4f">
         <path>C:\ti\ccsv6\tools\compiler\ti-cgt-msp430_4.4.6\lib\</path>
         <kind>archive</kind>
         <file>rts430x_lc_ld_eabi.lib</file>
         <name>int33.obj</name>
      </input_file>
      <input_file id="fl-50">
         <path>C:\ti\ccsv6\tools\compiler\ti-cgt-msp430_4.4.6\lib\</path>
         <kind>archive</kind>
         <file>rts430x_lc_ld_eabi.lib</file>
         <name>int34.obj</name>
      </input_file>
      <input_file id="fl-51">
         <path>C:\ti\ccsv6\tools\compiler\ti-cgt-msp430_4.4.6\lib\</path>
         <kind>archive</kind>
         <file>rts430x_lc_ld_eabi.lib</file>
         <name>int35.obj</name>
      </input_file>
      <input_file id="fl-52">
         <path>C:\ti\ccsv6\tools\compiler\ti-cgt-msp430_4.4.6\lib\</path>
         <kind>archive</kind>
         <file>rts430x_lc_ld_eabi.lib</file>
         <name>int36.obj</name>
      </input_file>
      <input_file id="fl-53">
         <path>C:\ti\ccsv6\tools\compiler\ti-cgt-msp430_4.4.6\lib\</path>
         <kind>archive</kind>
         <file>rts430x_lc_ld_eabi.lib</file>
         <name>int42.obj</name>
      </input_file>
      <input_file id="fl-54">
         <path>C:\ti\ccsv6\tools\compiler\ti-cgt-msp430_4.4.6\lib\</path>
         <kind>archive</kind>
         <file>rts430x_lc_ld_eabi.lib</file>
         <name>int48.obj</name>
      </input_file>
      <input_file id="fl-55">
         <path>C:\ti\ccsv6\tools\compiler\ti-cgt-msp430_4.4.6\lib\</path>
         <kind>archive</kind>
         <file>rts430x_lc_ld_eabi.lib</file>
         <name>int49.obj</name>
      </input_file>
      <input_file id="fl-56">
         <path>C:\ti\ccsv6\tools\compiler\ti-cgt-msp430_4.4.6\lib\</path>
         <kind>archive</kind>
         <file>rts430x_lc_ld_eabi.lib</file>
         <name>int52.obj</name>
      </input_file>
      <input_file id="fl-57">
         <path>C:\ti\ccsv6\tools\compiler\ti-cgt-msp430_4.4.6\lib\</path>
         <kind>archive</kind>
         <file>rts430x_lc_ld_eabi.lib</file>
         <name>int53.obj</name>
      </input_file>
      <input_file id="fl-58">
         <path>C:\ti\ccsv6\tools\compiler\ti-cgt-msp430_4.4.6\lib\</path>
         <kind>archive</kind>
         <file>rts430x_lc_ld_eabi.lib</file>
         <name>int54.obj</name>
      </input_file>
      <input_file id="fl-59">
         <path>C:\ti\ccsv6\tools\compiler\ti-cgt-msp430_4.4.6\lib\</path>
         <kind>archive</kind>
         <file>rts430x_lc_ld_eabi.lib</file>
         <name>copy_zero_init.obj</name>
      </input_file>
      <input_file id="fl-5a">
         <path>C:\ti\ccsv6\tools\compiler\ti-cgt-msp430_4.4.6\lib\</path>
         <kind>archive</kind>
         <file>rts430x_lc_ld_eabi.lib</file>
         <name>addd.obj</name>
      </input_file>
      <input_file id="fl-5b">
         <path>C:\ti\ccsv6\tools\compiler\ti-cgt-msp430_4.4.6\lib\</path>
         <kind>archive</kind>
         <file>rts430x_lc_ld_eabi.lib</file>
         <name>frcaddd.obj</name>
      </input_file>
      <input_file id="fl-5c">
         <path>C:\ti\ccsv6\tools\compiler\ti-cgt-msp430_4.4.6\lib\</path>
         <kind>archive</kind>
         <file>rts430x_lc_ld_eabi.lib</file>
         <name>renormd.obj</name>
      </input_file>
      <input_file id="fl-5d">
         <path>C:\ti\ccsv6\tools\compiler\ti-cgt-msp430_4.4.6\lib\</path>
         <kind>archive</kind>
         <file>rts430x_lc_ld_eabi.lib</file>
         <name>cmpd.obj</name>
      </input_file>
      <input_file id="fl-5e">
         <path>C:\ti\ccsv6\tools\compiler\ti-cgt-msp430_4.4.6\lib\</path>
         <kind>archive</kind>
         <file>rts430x_lc_ld_eabi.lib</file>
         <name>divd.obj</name>
      </input_file>
      <input_file id="fl-5f">
         <path>C:\ti\ccsv6\tools\compiler\ti-cgt-msp430_4.4.6\lib\</path>
         <kind>archive</kind>
         <file>rts430x_lc_ld_eabi.lib</file>
         <name>frcdivd.obj</name>
      </input_file>
      <input_file id="fl-60">
         <path>C:\ti\ccsv6\tools\compiler\ti-cgt-msp430_4.4.6\lib\</path>
         <kind>archive</kind>
         <file>rts430x_lc_ld_eabi.lib</file>
         <name>div16s.obj</name>
      </input_file>
      <input_file id="fl-61">
         <path>C:\ti\ccsv6\tools\compiler\ti-cgt-msp430_4.4.6\lib\</path>
         <kind>archive</kind>
         <file>rts430x_lc_ld_eabi.lib</file>
         <name>div16u.obj</name>
      </input_file>
      <input_file id="fl-62">
         <path>C:\ti\ccsv6\tools\compiler\ti-cgt-msp430_4.4.6\lib\</path>
         <kind>archive</kind>
         <file>rts430x_lc_ld_eabi.lib</file>
         <name>div32u.obj</name>
      </input_file>
      <input_file id="fl-63">
         <path>C:\ti\ccsv6\tools\compiler\ti-cgt-msp430_4.4.6\lib\</path>
         <kind>archive</kind>
         <file>rts430x_lc_ld_eabi.lib</file>
         <name>fixdi.obj</name>
      </input_file>
      <input_file id="fl-64">
         <path>C:\ti\ccsv6\tools\compiler\ti-cgt-msp430_4.4.6\lib\</path>
         <kind>archive</kind>
         <file>rts430x_lc_ld_eabi.lib</file>
         <name>fixdli.obj</name>
      </input_file>
      <input_file id="fl-65">
         <path>C:\ti\ccsv6\tools\compiler\ti-cgt-msp430_4.4.6\lib\</path>
         <kind>archive</kind>
         <file>rts430x_lc_ld_eabi.lib</file>
         <name>fixdul.obj</name>
      </input_file>
      <input_file id="fl-66">
         <path>C:\ti\ccsv6\tools\compiler\ti-cgt-msp430_4.4.6\lib\</path>
         <kind>archive</kind>
         <file>rts430x_lc_ld_eabi.lib</file>
         <name>fltid.obj</name>
      </input_file>
      <input_file id="fl-67">
         <path>C:\ti\ccsv6\tools\compiler\ti-cgt-msp430_4.4.6\lib\</path>
         <kind>archive</kind>
         <file>rts430x_lc_ld_eabi.lib</file>
         <name>fltlid.obj</name>
      </input_file>
      <input_file id="fl-68">
         <path>C:\ti\ccsv6\tools\compiler\ti-cgt-msp430_4.4.6\lib\</path>
         <kind>archive</kind>
         <file>rts430x_lc_ld_eabi.lib</file>
         <name>fltuld.obj</name>
      </input_file>
      <input_file id="fl-69">
         <path>C:\ti\ccsv6\tools\compiler\ti-cgt-msp430_4.4.6\lib\</path>
         <kind>archive</kind>
         <file>rts430x_lc_ld_eabi.lib</file>
         <name>mpyd.obj</name>
      </input_file>
      <input_file id="fl-6a">
         <path>C:\ti\ccsv6\tools\compiler\ti-cgt-msp430_4.4.6\lib\</path>
         <kind>archive</kind>
         <file>rts430x_lc_ld_eabi.lib</file>
         <name>frcmpyd.obj</name>
      </input_file>
      <input_file id="fl-6b">
         <path>C:\ti\ccsv6\tools\compiler\ti-cgt-msp430_4.4.6\lib\</path>
         <kind>archive</kind>
         <file>rts430x_lc_ld_eabi.lib</file>
         <name>mult16.obj</name>
      </input_file>
      <input_file id="fl-6c">
         <path>C:\ti\ccsv6\tools\compiler\ti-cgt-msp430_4.4.6\lib\</path>
         <kind>archive</kind>
         <file>rts430x_lc_ld_eabi.lib</file>
         <name>mult16_f5hw.obj</name>
      </input_file>
      <input_file id="fl-6d">
         <path>C:\ti\ccsv6\tools\compiler\ti-cgt-msp430_4.4.6\lib\</path>
         <kind>archive</kind>
         <file>rts430x_lc_ld_eabi.lib</file>
         <name>mult32.obj</name>
      </input_file>
      <input_file id="fl-6e">
         <path>C:\ti\ccsv6\tools\compiler\ti-cgt-msp430_4.4.6\lib\</path>
         <kind>archive</kind>
         <file>rts430x_lc_ld_eabi.lib</file>
         <name>mult32_f5hw.obj</name>
      </input_file>
      <input_file id="fl-6f">
         <path>C:\ti\ccsv6\tools\compiler\ti-cgt-msp430_4.4.6\lib\</path>
         <kind>archive</kind>
         <file>rts430x_lc_ld_eabi.lib</file>
         <name>mult64_f5hw.obj</name>
      </input_file>
      <input_file id="fl-70">
         <path>C:\ti\ccsv6\tools\compiler\ti-cgt-msp430_4.4.6\lib\</path>
         <kind>archive</kind>
         <file>rts430x_lc_ld_eabi.lib</file>
         <name>mult1632_f5hw.obj</name>
      </input_file>
      <input_file id="fl-71">
         <path>C:\ti\ccsv6\tools\compiler\ti-cgt-msp430_4.4.6\lib\</path>
         <kind>archive</kind>
         <file>rts430x_lc_ld_eabi.lib</file>
         <name>mult3264_f5hw.obj</name>
      </input_file>
      <input_file id="fl-72">
         <path>C:\ti\ccsv6\tools\compiler\ti-cgt-msp430_4.4.6\lib\</path>
         <kind>archive</kind>
         <file>rts430x_lc_ld_eabi.lib</file>
         <name>lsl32.obj</name>
      </input_file>
      <input_file id="fl-73">
         <path>C:\ti\ccsv6\tools\compiler\ti-cgt-msp430_4.4.6\lib\</path>
         <kind>archive</kind>
         <file>rts430x_lc_ld_eabi.lib</file>
         <name>asr32.obj</name>
      </input_file>
      <input_file id="fl-74">
         <path>C:\ti\ccsv6\tools\compiler\ti-cgt-msp430_4.4.6\lib\</path>
         <kind>archive</kind>
         <file>rts430x_lc_ld_eabi.lib</file>
         <name>lsr32.obj</name>
      </input_file>
      <input_file id="fl-75">
         <path>C:\ti\ccsv6\tools\compiler\ti-cgt-msp430_4.4.6\lib\</path>
         <kind>archive</kind>
         <file>rts430x_lc_ld_eabi.lib</file>
         <name>subd.obj</name>
      </input_file>
      <input_file id="fl-76">
         <path>C:\ti\ccsv6\tools\compiler\ti-cgt-msp430_4.4.6\lib\</path>
         <kind>archive</kind>
         <file>rts430x_lc_ld_eabi.lib</file>
         <name>boot.obj</name>
      </input_file>
      <input_file id="fl-77">
         <path>C:\ti\ccsv6\tools\compiler\ti-cgt-msp430_4.4.6\lib\</path>
         <kind>archive</kind>
         <file>rts430x_lc_ld_eabi.lib</file>
         <name>args_main.obj</name>
      </input_file>
      <input_file id="fl-78">
         <path>C:\ti\ccsv6\tools\compiler\ti-cgt-msp430_4.4.6\lib\</path>
         <kind>archive</kind>
         <file>rts430x_lc_ld_eabi.lib</file>
         <name>autoinit_wdt.obj</name>
      </input_file>
      <input_file id="fl-79">
         <path>C:\ti\ccsv6\tools\compiler\ti-cgt-msp430_4.4.6\lib\</path>
         <kind>archive</kind>
         <file>rts430x_lc_ld_eabi.lib</file>
         <name>boot_special.obj</name>
      </input_file>
      <input_file id="fl-7a">
         <path>C:\ti\ccsv6\ccs_base\msp430\lib\FR59xx\</path>
         <kind>archive</kind>
         <file>MSPMPU_INIT_LIB_CCS_msp430_large_code_large_data.lib</file>
         <name>mpu_init.o</name>
      </input_file>
      <input_file id="fl-7b">
         <path>C:\ti\ccsv6\tools\compiler\ti-cgt-msp430_4.4.6\lib\</path>
         <kind>archive</kind>
         <file>rts430x_lc_ld_eabi.lib</file>
         <name>pre_init.obj</name>
      </input_file>
      <input_file id="fl-7c">
         <path>C:\ti\ccsv6\tools\compiler\ti-cgt-msp430_4.4.6\lib\</path>
         <kind>archive</kind>
         <file>rts430x_lc_ld_eabi.lib</file>
         <name>exit.obj</name>
      </input_file>
      <input_file id="fl-7d">
         <path>C:\ti\ccsv6\tools\compiler\ti-cgt-msp430_4.4.6\lib\</path>
         <kind>archive</kind>
         <file>rts430x_lc_ld_eabi.lib</file>
         <name>exit_gvars.obj</name>
      </input_file>
      <input_file id="fl-7e">
         <path>C:\ti\ccsv6\tools\compiler\ti-cgt-msp430_4.4.6\lib\</path>
         <kind>archive</kind>
         <file>rts430x_lc_ld_eabi.lib</file>
         <name>_lock.obj</name>
      </input_file>
      <input_file id="fl-7f">
         <path>C:\ti\ccsv6\tools\compiler\ti-cgt-msp430_4.4.6\lib\</path>
         <kind>archive</kind>
         <file>rts430x_lc_ld_eabi.lib</file>
         <name>memcpy.obj</name>
      </input_file>
      <input_file id="fl-80">
         <path>C:\ti\ccsv6\tools\compiler\ti-cgt-msp430_4.4.6\lib\</path>
         <kind>archive</kind>
         <file>rts430x_lc_ld_eabi.lib</file>
         <name>sqrt.obj</name>
      </input_file>
      <input_file id="fl-81">
         <path>C:\ti\ccsv6\tools\compiler\ti-cgt-msp430_4.4.6\lib\</path>
         <kind>archive</kind>
         <file>rts430x_lc_ld_eabi.lib</file>
         <name>xdscale.obj</name>
      </input_file>
      <input_file id="fl-82">
         <path>C:\ti\ccsv6\tools\compiler\ti-cgt-msp430_4.4.6\lib\</path>
         <kind>archive</kind>
         <file>rts430x_lc_ld_eabi.lib</file>
         <name>xdnorm.obj</name>
      </input_file>
      <input_file id="fl-83">
         <path>C:\ti\ccsv6\tools\compiler\ti-cgt-msp430_4.4.6\lib\</path>
         <kind>archive</kind>
         <file>rts430x_lc_ld_eabi.lib</file>
         <name>xdunscal.obj</name>
      </input_file>
      <input_file id="fl-84">
         <path>C:\ti\ccsv6\tools\compiler\ti-cgt-msp430_4.4.6\lib\</path>
         <kind>archive</kind>
         <file>rts430x_lc_ld_eabi.lib</file>
         <name>xferaise.obj</name>
      </input_file>
      <input_file id="fl-85">
         <path>C:\ti\ccsv6\tools\compiler\ti-cgt-msp430_4.4.6\lib\</path>
         <kind>archive</kind>
         <file>rts430x_lc_ld_eabi.lib</file>
         <name>errno.obj</name>
      </input_file>
      <input_file id="fl-86">
         <path>C:\ti\ccsv6\tools\compiler\ti-cgt-msp430_4.4.6\lib\</path>
         <kind>archive</kind>
         <file>rts430x_lc_ld_eabi.lib</file>
         <name>xvalues.obj</name>
      </input_file>
      <input_file id="fl-87">
         <path>C:\ti\ccsv6\tools\compiler\ti-cgt-msp430_4.4.6\lib\</path>
         <kind>archive</kind>
         <file>rts430x_lc_ld_eabi.lib</file>
         <name>negd.obj</name>
      </input_file>
      <input_file id="fl-88">
         <path>C:\ti\ccsv6\tools\compiler\ti-cgt-msp430_4.4.6\lib\</path>
         <kind>archive</kind>
         <file>rts430x_lc_ld_eabi.lib</file>
         <name>lsl16.obj</name>
      </input_file>
      <input_file id="fl-89">
         <path>C:\ti\ccsv6\tools\compiler\ti-cgt-msp430_4.4.6\lib\</path>
         <kind>archive</kind>
         <file>rts430x_lc_ld_eabi.lib</file>
         <name>lsr16.obj</name>
      </input_file>
      <input_file id="fl-8a">
         <path>C:\ti\ccsv6\tools\compiler\ti-cgt-msp430_4.4.6\lib\</path>
         <kind>archive</kind>
         <file>rts430x_lc_ld_eabi.lib</file>
         <name>feraiseexcept.obj</name>
      </input_file>
      <input_file id="fl-8b">
         <path>C:\ti\ccsv6\tools\compiler\ti-cgt-msp430_4.4.6\lib\</path>
         <kind>archive</kind>
         <file>rts430x_lc_ld_eabi.lib</file>
         <name>raise.obj</name>
      </input_file>
      <input_file id="fl-8c">
         <path>C:\ti\ccsv6\tools\compiler\ti-cgt-msp430_4.4.6\lib\</path>
         <kind>archive</kind>
         <file>rts430x_lc_ld_eabi.lib</file>
         <name>signal.obj</name>
      </input_file>
   </input_file_list>
   <object_component_list>
      <object_component id="oc-327">
         <name>.fram_vars</name>
         <uninitialized>true</uninitialized>
         <run_address>0x4400</run_address>
         <size>0x7d0</size>
         <input_file_ref idref="fl-8"/>
      </object_component>
      <object_component id="oc-632">
         <name>.cinit..data.load</name>
         <load_address>0x6ac6</load_address>
         <run_address>0x6ac6</run_address>
         <size>0x55</size>
      </object_component>
      <object_component id="oc-62f">
         <name>__TI_handler_table</name>
         <load_address>0x6b1c</load_address>
         <run_address>0x6b1c</run_address>
         <size>0xc</size>
      </object_component>
      <object_component id="oc-631">
         <name>.cinit..bss.load</name>
         <load_address>0x6b28</load_address>
         <run_address>0x6b28</run_address>
         <size>0x6</size>
      </object_component>
      <object_component id="oc-630">
         <name>__TI_cinit_table</name>
         <load_address>0x6b2e</load_address>
         <run_address>0x6b2e</run_address>
         <size>0x10</size>
      </object_component>
      <object_component id="oc-559">
         <name>.const:Table_UCBRSx</name>
         <load_address>0x681c</load_address>
         <run_address>0x681c</run_address>
         <size>0x240</size>
         <input_file_ref idref="fl-d"/>
      </object_component>
      <object_component id="oc-2fc">
         <name>.const:.string</name>
         <load_address>0x6a5c</load_address>
         <run_address>0x6a5c</run_address>
         <size>0x6a</size>
         <input_file_ref idref="fl-d"/>
      </object_component>
      <object_component id="oc-121">
         <name>.text:_isr:USCI_A1_ISR</name>
         <load_address>0x6000</load_address>
         <run_address>0x6000</run_address>
         <size>0xd2</size>
         <input_file_ref idref="fl-5"/>
      </object_component>
      <object_component id="oc-10f">
         <name>.text:_isr:Port1_ISR</name>
         <load_address>0x60d2</load_address>
         <run_address>0x60d2</run_address>
         <size>0x42</size>
         <input_file_ref idref="fl-5"/>
      </object_component>
      <object_component id="oc-139">
         <name>.text:_isr:USCI_B0_ISR</name>
         <load_address>0x6114</load_address>
         <run_address>0x6114</run_address>
         <size>0x42</size>
         <input_file_ref idref="fl-5"/>
      </object_component>
      <object_component id="oc-fd">
         <name>.text:_isr:Port4_ISR</name>
         <load_address>0x6156</load_address>
         <run_address>0x6156</run_address>
         <size>0x38</size>
         <input_file_ref idref="fl-5"/>
      </object_component>
      <object_component id="oc-11b">
         <name>.text:_isr:TIMER1_A0_ISR</name>
         <load_address>0x618e</load_address>
         <run_address>0x618e</run_address>
         <size>0x22</size>
         <input_file_ref idref="fl-5"/>
      </object_component>
      <object_component id="oc-12d">
         <name>.text:_isr:TIMER0_A0_ISR</name>
         <load_address>0x61b0</load_address>
         <run_address>0x61b0</run_address>
         <size>0x20</size>
         <input_file_ref idref="fl-5"/>
      </object_component>
      <object_component id="oc-bc">
         <name>.text:_isr:_c_int00_noargs_noexit_mpu</name>
         <load_address>0x61d0</load_address>
         <run_address>0x61d0</run_address>
         <size>0x1e</size>
         <input_file_ref idref="fl-79"/>
      </object_component>
      <object_component id="oc-133">
         <name>.text:_isr:ADC12_ISR</name>
         <load_address>0x61ee</load_address>
         <run_address>0x61ee</run_address>
         <size>0x1c</size>
         <input_file_ref idref="fl-5"/>
      </object_component>
      <object_component id="oc-109">
         <name>.text:_isr:Timer2_A0_ISR</name>
         <load_address>0x620a</load_address>
         <run_address>0x620a</run_address>
         <size>0xe</size>
         <input_file_ref idref="fl-5"/>
      </object_component>
      <object_component id="oc-127">
         <name>.text:_isr:TIMER0_A1_ISR</name>
         <load_address>0x6218</load_address>
         <run_address>0x6218</run_address>
         <size>0xc</size>
         <input_file_ref idref="fl-5"/>
      </object_component>
      <object_component id="oc-115">
         <name>.text:_isr:TIMER1_A1_ISR</name>
         <load_address>0x6224</load_address>
         <run_address>0x6224</run_address>
         <size>0xc</size>
         <input_file_ref idref="fl-5"/>
      </object_component>
      <object_component id="oc-13f">
         <name>.text:_isr:Timer0_B1_ISR</name>
         <load_address>0x6230</load_address>
         <run_address>0x6230</run_address>
         <size>0xc</size>
         <input_file_ref idref="fl-5"/>
      </object_component>
      <object_component id="oc-103">
         <name>.text:_isr:Timer2_A1_ISR</name>
         <load_address>0x623c</load_address>
         <run_address>0x623c</run_address>
         <size>0xc</size>
         <input_file_ref idref="fl-5"/>
      </object_component>
      <object_component id="oc-145">
         <name>.text:_isr:Timer0_B0_ISR</name>
         <load_address>0x6248</load_address>
         <run_address>0x6248</run_address>
         <size>0x6</size>
         <input_file_ref idref="fl-5"/>
      </object_component>
      <object_component id="oc-f8">
         <name>.text:_isr:__TI_ISR_TRAP</name>
         <load_address>0x624e</load_address>
         <run_address>0x624e</run_address>
         <size>0x6</size>
         <input_file_ref idref="fl-4d"/>
      </object_component>
      <object_component id="oc-330">
         <name>.text:MSC_ABSL</name>
         <load_address>0x6254</load_address>
         <run_address>0x6254</run_address>
         <size>0x2e</size>
         <input_file_ref idref="fl-7"/>
      </object_component>
      <object_component id="oc-521">
         <name>.text:__mspabi_negd</name>
         <load_address>0x6282</load_address>
         <run_address>0x6282</run_address>
         <size>0x2e</size>
         <input_file_ref idref="fl-87"/>
      </object_component>
      <object_component id="oc-3ee">
         <name>.text:ADC_Interrupt</name>
         <load_address>0x62b0</load_address>
         <run_address>0x62b0</run_address>
         <size>0x2c</size>
         <input_file_ref idref="fl-2"/>
      </object_component>
      <object_component id="oc-1d5">
         <name>.text:BUT_Button2Interrupt</name>
         <load_address>0x62dc</load_address>
         <run_address>0x62dc</run_address>
         <size>0x2c</size>
         <input_file_ref idref="fl-3"/>
      </object_component>
      <object_component id="oc-230">
         <name>.text:Init_System</name>
         <load_address>0x6308</load_address>
         <run_address>0x6308</run_address>
         <size>0x2c</size>
         <input_file_ref idref="fl-e"/>
      </object_component>
      <object_component id="oc-1c3">
         <name>.text:LED_Green</name>
         <load_address>0x6334</load_address>
         <run_address>0x6334</run_address>
         <size>0x2c</size>
         <input_file_ref idref="fl-6"/>
      </object_component>
      <object_component id="oc-468">
         <name>.text:TMR_InterruptTimerA0</name>
         <load_address>0x6360</load_address>
         <run_address>0x6360</run_address>
         <size>0x2c</size>
         <input_file_ref idref="fl-b"/>
      </object_component>
      <object_component id="oc-475">
         <name>.text:TMR_InterruptTimerA1</name>
         <load_address>0x638c</load_address>
         <run_address>0x638c</run_address>
         <size>0x2c</size>
         <input_file_ref idref="fl-b"/>
      </object_component>
      <object_component id="oc-488">
         <name>.text:TMR_InterruptTimerA2</name>
         <load_address>0x63b8</load_address>
         <run_address>0x63b8</run_address>
         <size>0x2c</size>
         <input_file_ref idref="fl-b"/>
      </object_component>
      <object_component id="oc-49b">
         <name>.text:TMR_InterruptTimerB0</name>
         <load_address>0x63e4</load_address>
         <run_address>0x63e4</run_address>
         <size>0x2c</size>
         <input_file_ref idref="fl-b"/>
      </object_component>
      <object_component id="oc-3c9">
         <name>.text:UART_Module</name>
         <load_address>0x6410</load_address>
         <run_address>0x6410</run_address>
         <size>0x2c</size>
         <input_file_ref idref="fl-d"/>
      </object_component>
      <object_component id="oc-1e1">
         <name>.text:UART_SendChar</name>
         <load_address>0x643c</load_address>
         <run_address>0x643c</run_address>
         <size>0x2c</size>
         <input_file_ref idref="fl-d"/>
      </object_component>
      <object_component id="oc-3d5">
         <name>.text:UART_Sleep</name>
         <load_address>0x6468</load_address>
         <run_address>0x6468</run_address>
         <size>0x2c</size>
         <input_file_ref idref="fl-d"/>
      </object_component>
      <object_component id="oc-34d">
         <name>.text</name>
         <load_address>0x6494</load_address>
         <run_address>0x6494</run_address>
         <size>0x2c</size>
         <input_file_ref idref="fl-60"/>
      </object_component>
      <object_component id="oc-2f5">
         <name>.text:Init_Filter</name>
         <load_address>0x64c0</load_address>
         <run_address>0x64c0</run_address>
         <size>0x2a</size>
         <input_file_ref idref="fl-4"/>
      </object_component>
      <object_component id="oc-de">
         <name>.text:memcpy</name>
         <load_address>0x64ea</load_address>
         <run_address>0x64ea</run_address>
         <size>0x2a</size>
         <input_file_ref idref="fl-7f"/>
      </object_component>
      <object_component id="oc-16b">
         <name>.text:__mpu_init</name>
         <load_address>0x6514</load_address>
         <run_address>0x6514</run_address>
         <size>0x28</size>
         <input_file_ref idref="fl-7a"/>
      </object_component>
      <object_component id="oc-4aa">
         <name>.text:__mspabi_fixdi</name>
         <load_address>0x653c</load_address>
         <run_address>0x653c</run_address>
         <size>0x28</size>
         <input_file_ref idref="fl-63"/>
      </object_component>
      <object_component id="oc-303">
         <name>.text:UART_SendString</name>
         <load_address>0x6564</load_address>
         <run_address>0x6564</run_address>
         <size>0x26</size>
         <input_file_ref idref="fl-d"/>
      </object_component>
      <object_component id="oc-98">
         <name>.text:decompress:ZI:__TI_zero_init</name>
         <load_address>0x658a</load_address>
         <run_address>0x658a</run_address>
         <size>0x24</size>
         <input_file_ref idref="fl-59"/>
      </object_component>
      <object_component id="oc-1f7">
         <name>.text:ADC_Read</name>
         <load_address>0x65ae</load_address>
         <run_address>0x65ae</run_address>
         <size>0x22</size>
         <input_file_ref idref="fl-2"/>
      </object_component>
      <object_component id="oc-35f">
         <name>.text:SPI_BusyB</name>
         <load_address>0x65d0</load_address>
         <run_address>0x65d0</run_address>
         <size>0x22</size>
         <input_file_ref idref="fl-9"/>
      </object_component>
      <object_component id="oc-4de">
         <name>.text</name>
         <load_address>0x65f2</load_address>
         <run_address>0x65f2</run_address>
         <size>0x22</size>
         <input_file_ref idref="fl-6e"/>
      </object_component>
      <object_component id="oc-242">
         <name>.text:ADC_SetMidpointOffset</name>
         <load_address>0x6614</load_address>
         <run_address>0x6614</run_address>
         <size>0x1e</size>
         <input_file_ref idref="fl-2"/>
      </object_component>
      <object_component id="oc-248">
         <name>.text:ADC_SampleWait</name>
         <load_address>0x6632</load_address>
         <run_address>0x6632</run_address>
         <size>0x1c</size>
         <input_file_ref idref="fl-2"/>
      </object_component>
      <object_component id="oc-408">
         <name>.text:FTR_Shutdown</name>
         <load_address>0x664e</load_address>
         <run_address>0x664e</run_address>
         <size>0x1a</size>
         <input_file_ref idref="fl-4"/>
      </object_component>
      <object_component id="oc-27f">
         <name>.text:TLC_Blank</name>
         <load_address>0x6668</load_address>
         <run_address>0x6668</run_address>
         <size>0x1a</size>
         <input_file_ref idref="fl-c"/>
      </object_component>
      <object_component id="oc-285">
         <name>.text:TLC_XLAT</name>
         <load_address>0x6682</load_address>
         <run_address>0x6682</run_address>
         <size>0x1a</size>
         <input_file_ref idref="fl-c"/>
      </object_component>
      <object_component id="oc-2fd">
         <name>.text:UART_SendStringCRLN</name>
         <load_address>0x669c</load_address>
         <run_address>0x669c</run_address>
         <size>0x1a</size>
         <input_file_ref idref="fl-d"/>
      </object_component>
      <object_component id="oc-3bd">
         <name>.text:UART_CleanBufferTX</name>
         <load_address>0x66b6</load_address>
         <run_address>0x66b6</run_address>
         <size>0x16</size>
         <input_file_ref idref="fl-d"/>
      </object_component>
      <object_component id="oc-73">
         <name>.text:decompress:none:__TI_decompress_none</name>
         <load_address>0x66cc</load_address>
         <run_address>0x66cc</run_address>
         <size>0x16</size>
         <input_file_ref idref="fl-4a"/>
      </object_component>
      <object_component id="oc-457">
         <name>.text</name>
         <load_address>0x66e2</load_address>
         <run_address>0x66e2</run_address>
         <size>0x16</size>
         <input_file_ref idref="fl-61"/>
      </object_component>
      <object_component id="oc-336">
         <name>.text</name>
         <load_address>0x66f8</load_address>
         <run_address>0x66f8</run_address>
         <size>0x16</size>
         <input_file_ref idref="fl-6c"/>
      </object_component>
      <object_component id="oc-2d1">
         <name>.text:Init_Timers</name>
         <load_address>0x670e</load_address>
         <run_address>0x670e</run_address>
         <size>0x12</size>
         <input_file_ref idref="fl-b"/>
      </object_component>
      <object_component id="oc-3b7">
         <name>.text:UART_CleanBufferRX</name>
         <load_address>0x6720</load_address>
         <run_address>0x6720</run_address>
         <size>0x12</size>
         <input_file_ref idref="fl-d"/>
      </object_component>
      <object_component id="oc-4d5">
         <name>.text:ADC_ReferenceBusy</name>
         <load_address>0x6732</load_address>
         <run_address>0x6732</run_address>
         <size>0x10</size>
         <input_file_ref idref="fl-2"/>
      </object_component>
      <object_component id="oc-569">
         <name>.text:l_asr</name>
         <load_address>0x6742</load_address>
         <run_address>0x6742</run_address>
         <size>0x10</size>
         <input_file_ref idref="fl-73"/>
      </object_component>
      <object_component id="oc-564">
         <name>.text:l_lsl</name>
         <load_address>0x6752</load_address>
         <run_address>0x6752</run_address>
         <size>0x10</size>
         <input_file_ref idref="fl-72"/>
      </object_component>
      <object_component id="oc-451">
         <name>.text:l_lsr</name>
         <load_address>0x6762</load_address>
         <run_address>0x6762</run_address>
         <size>0x10</size>
         <input_file_ref idref="fl-74"/>
      </object_component>
      <object_component id="oc-3f5">
         <name>.text:PRO_ClearProcessBuffer</name>
         <load_address>0x6772</load_address>
         <run_address>0x6772</run_address>
         <size>0xe</size>
         <input_file_ref idref="fl-8"/>
      </object_component>
      <object_component id="oc-462">
         <name>.text:TMR_SetTimerA0</name>
         <load_address>0x6780</load_address>
         <run_address>0x6780</run_address>
         <size>0xe</size>
         <input_file_ref idref="fl-b"/>
      </object_component>
      <object_component id="oc-46f">
         <name>.text:TMR_SetTimerA1</name>
         <load_address>0x678e</load_address>
         <run_address>0x678e</run_address>
         <size>0xe</size>
         <input_file_ref idref="fl-b"/>
      </object_component>
      <object_component id="oc-47c">
         <name>.text:TMR_SetTimerA2</name>
         <load_address>0x679c</load_address>
         <run_address>0x679c</run_address>
         <size>0xe</size>
         <input_file_ref idref="fl-b"/>
      </object_component>
      <object_component id="oc-48f">
         <name>.text:TMR_SetTimerB0</name>
         <load_address>0x67aa</load_address>
         <run_address>0x67aa</run_address>
         <size>0xe</size>
         <input_file_ref idref="fl-b"/>
      </object_component>
      <object_component id="oc-4b9">
         <name>.text:__mspabi_fltid</name>
         <load_address>0x67b8</load_address>
         <run_address>0x67b8</run_address>
         <size>0xc</size>
         <input_file_ref idref="fl-66"/>
      </object_component>
      <object_component id="oc-51c">
         <name>.text</name>
         <load_address>0x67c4</load_address>
         <run_address>0x67c4</run_address>
         <size>0xa</size>
         <input_file_ref idref="fl-88"/>
      </object_component>
      <object_component id="oc-517">
         <name>.text</name>
         <load_address>0x67ce</load_address>
         <run_address>0x67ce</run_address>
         <size>0xa</size>
         <input_file_ref idref="fl-89"/>
      </object_component>
      <object_component id="oc-310">
         <name>.text:LED_RedToggle</name>
         <load_address>0x67d8</load_address>
         <run_address>0x67d8</run_address>
         <size>0x8</size>
         <input_file_ref idref="fl-6"/>
      </object_component>
      <object_component id="oc-2bd">
         <name>.text:SYS_Unlock</name>
         <load_address>0x67e0</load_address>
         <run_address>0x67e0</run_address>
         <size>0x8</size>
         <input_file_ref idref="fl-a"/>
      </object_component>
      <object_component id="oc-2ef">
         <name>.text:Init_Processing</name>
         <load_address>0x67e8</load_address>
         <run_address>0x67e8</run_address>
         <size>0x6</size>
         <input_file_ref idref="fl-8"/>
      </object_component>
      <object_component id="oc-30a">
         <name>.text:LED_GreenToggle</name>
         <load_address>0x67ee</load_address>
         <run_address>0x67ee</run_address>
         <size>0x6</size>
         <input_file_ref idref="fl-6"/>
      </object_component>
      <object_component id="oc-1c9">
         <name>.text:TMR_ResetTimerA0</name>
         <load_address>0x67f4</load_address>
         <run_address>0x67f4</run_address>
         <size>0x6</size>
         <input_file_ref idref="fl-b"/>
      </object_component>
      <object_component id="oc-1a8">
         <name>.text:TMR_ResetTimerA1</name>
         <load_address>0x67fa</load_address>
         <run_address>0x67fa</run_address>
         <size>0x6</size>
         <input_file_ref idref="fl-b"/>
      </object_component>
      <object_component id="oc-482">
         <name>.text:TMR_ResetTimerA2</name>
         <load_address>0x6800</load_address>
         <run_address>0x6800</run_address>
         <size>0x6</size>
         <input_file_ref idref="fl-b"/>
      </object_component>
      <object_component id="oc-495">
         <name>.text:TMR_ResetTimerB0</name>
         <load_address>0x6806</load_address>
         <run_address>0x6806</run_address>
         <size>0x6</size>
         <input_file_ref idref="fl-b"/>
      </object_component>
      <object_component id="oc-79">
         <name>.text:decompress:rle24:__TI_decompress_rle24</name>
         <load_address>0x680c</load_address>
         <run_address>0x680c</run_address>
         <size>0x6</size>
         <input_file_ref idref="fl-4b"/>
      </object_component>
      <object_component id="oc-152">
         <name>.text:_system_pre_init</name>
         <load_address>0x6812</load_address>
         <run_address>0x6812</run_address>
         <size>0x4</size>
         <input_file_ref idref="fl-7b"/>
      </object_component>
      <object_component id="oc-17a">
         <name>.text:abort</name>
         <load_address>0x6816</load_address>
         <run_address>0x6816</run_address>
         <size>0x4</size>
         <input_file_ref idref="fl-7c"/>
      </object_component>
      <object_component id="oc-2ab">
         <name>.text:_nop</name>
         <load_address>0x681a</load_address>
         <run_address>0x681a</run_address>
         <size>0x2</size>
         <input_file_ref idref="fl-7e"/>
      </object_component>
      <object_component id="oc-257">
         <name>.text:PRO_ProcessData</name>
         <load_address>0x10000</load_address>
         <run_address>0x10000</run_address>
         <size>0x9e4</size>
         <input_file_ref idref="fl-8"/>
      </object_component>
      <object_component id="oc-2c3">
         <name>.text:SYS_CalculateClocks</name>
         <load_address>0x109e4</load_address>
         <run_address>0x109e4</run_address>
         <size>0x6a4</size>
         <input_file_ref idref="fl-a"/>
      </object_component>
      <object_component id="oc-50f">
         <name>.text:__TI_frcdivd</name>
         <load_address>0x11088</load_address>
         <run_address>0x11088</run_address>
         <size>0x452</size>
         <input_file_ref idref="fl-5f"/>
      </object_component>
      <object_component id="oc-507">
         <name>.text:__TI_frcmpyd</name>
         <load_address>0x114da</load_address>
         <run_address>0x114da</run_address>
         <size>0x2e4</size>
         <input_file_ref idref="fl-6a"/>
      </object_component>
      <object_component id="oc-42f">
         <name>.text:__mspabi_addd</name>
         <load_address>0x117be</load_address>
         <run_address>0x117be</run_address>
         <size>0x2d8</size>
         <input_file_ref idref="fl-5a"/>
      </object_component>
      <object_component id="oc-435">
         <name>.text:__mspabi_mpyd</name>
         <load_address>0x11a96</load_address>
         <run_address>0x11a96</run_address>
         <size>0x282</size>
         <input_file_ref idref="fl-69"/>
      </object_component>
      <object_component id="oc-4fa">
         <name>.text:__TI_frcaddd</name>
         <load_address>0x11d18</load_address>
         <run_address>0x11d18</run_address>
         <size>0x252</size>
         <input_file_ref idref="fl-5b"/>
      </object_component>
      <object_component id="oc-43b">
         <name>.text:__mspabi_divd</name>
         <load_address>0x11f6a</load_address>
         <run_address>0x11f6a</run_address>
         <size>0x222</size>
         <input_file_ref idref="fl-5e"/>
      </object_component>
      <object_component id="oc-341">
         <name>.text:sqrt</name>
         <load_address>0x1218c</load_address>
         <run_address>0x1218c</run_address>
         <size>0x1f0</size>
         <input_file_ref idref="fl-80"/>
      </object_component>
      <object_component id="oc-3cf">
         <name>.text:UART_Parameters</name>
         <load_address>0x1237c</load_address>
         <run_address>0x1237c</run_address>
         <size>0x1a0</size>
         <input_file_ref idref="fl-d"/>
      </object_component>
      <object_component id="oc-441">
         <name>.text:_Dscale</name>
         <load_address>0x1251c</load_address>
         <run_address>0x1251c</run_address>
         <size>0x19e</size>
         <input_file_ref idref="fl-81"/>
      </object_component>
      <object_component id="oc-260">
         <name>.text:TLC_SetLEDsLinear</name>
         <load_address>0x126ba</load_address>
         <run_address>0x126ba</run_address>
         <size>0x184</size>
         <input_file_ref idref="fl-c"/>
      </object_component>
      <object_component id="oc-4f2">
         <name>.text:_Dnorm</name>
         <load_address>0x1283e</load_address>
         <run_address>0x1283e</run_address>
         <size>0x100</size>
         <input_file_ref idref="fl-82"/>
      </object_component>
      <object_component id="oc-4cb">
         <name>.text:UART_LookupUCBRSx</name>
         <load_address>0x1293e</load_address>
         <run_address>0x1293e</run_address>
         <size>0xfc</size>
         <input_file_ref idref="fl-d"/>
      </object_component>
      <object_component id="oc-3e8">
         <name>.text:ADC_SetReference</name>
         <load_address>0x12a3a</load_address>
         <run_address>0x12a3a</run_address>
         <size>0xf0</size>
         <input_file_ref idref="fl-2"/>
      </object_component>
      <object_component id="oc-1bc">
         <name>.text:TLC_UpdateLEDs</name>
         <load_address>0x12b2a</load_address>
         <run_address>0x12b2a</run_address>
         <size>0xda</size>
         <input_file_ref idref="fl-c"/>
      </object_component>
      <object_component id="oc-552">
         <name>.text:__mspabi_cmpd</name>
         <load_address>0x12c04</load_address>
         <run_address>0x12c04</run_address>
         <size>0xd8</size>
         <input_file_ref idref="fl-5d"/>
      </object_component>
      <object_component id="oc-39d">
         <name>.text:SPI_SetParametersB</name>
         <load_address>0x12cdc</load_address>
         <run_address>0x12cdc</run_address>
         <size>0xd0</size>
         <input_file_ref idref="fl-9"/>
      </object_component>
      <object_component id="oc-3fc">
         <name>.text:FTR_SetCutoff</name>
         <load_address>0x12dac</load_address>
         <run_address>0x12dac</run_address>
         <size>0xc2</size>
         <input_file_ref idref="fl-4"/>
      </object_component>
      <object_component id="oc-56e">
         <name>.text:__TI_renormd</name>
         <load_address>0x12e6e</load_address>
         <run_address>0x12e6e</run_address>
         <size>0xb2</size>
         <input_file_ref idref="fl-5c"/>
      </object_component>
      <object_component id="oc-279">
         <name>.text:SPI_WriteB</name>
         <load_address>0x12f20</load_address>
         <run_address>0x12f20</run_address>
         <size>0xa4</size>
         <input_file_ref idref="fl-9"/>
      </object_component>
      <object_component id="oc-22a">
         <name>.text:Init_App</name>
         <load_address>0x12fc4</load_address>
         <run_address>0x12fc4</run_address>
         <size>0xa0</size>
         <input_file_ref idref="fl-e"/>
      </object_component>
      <object_component id="oc-2e9">
         <name>.text:Init_ADC</name>
         <load_address>0x13064</load_address>
         <run_address>0x13064</run_address>
         <size>0x94</size>
         <input_file_ref idref="fl-2"/>
      </object_component>
      <object_component id="oc-546">
         <name>.text:__mspabi_fltlid</name>
         <load_address>0x130f8</load_address>
         <run_address>0x130f8</run_address>
         <size>0x94</size>
         <input_file_ref idref="fl-67"/>
      </object_component>
      <object_component id="oc-158">
         <name>.text:_auto_init_hold_wdt</name>
         <load_address>0x1318c</load_address>
         <run_address>0x1318c</run_address>
         <size>0x92</size>
         <input_file_ref idref="fl-78"/>
      </object_component>
      <object_component id="oc-1cf">
         <name>.text:TMR_ModeTimerA0</name>
         <load_address>0x1321e</load_address>
         <run_address>0x1321e</run_address>
         <size>0x7a</size>
         <input_file_ref idref="fl-b"/>
      </object_component>
      <object_component id="oc-1ae">
         <name>.text:TMR_ModeTimerA1</name>
         <load_address>0x13298</load_address>
         <run_address>0x13298</run_address>
         <size>0x7a</size>
         <input_file_ref idref="fl-b"/>
      </object_component>
      <object_component id="oc-3b0">
         <name>.text:TMR_ModeTimerA2</name>
         <load_address>0x13312</load_address>
         <run_address>0x13312</run_address>
         <size>0x7a</size>
         <input_file_ref idref="fl-b"/>
      </object_component>
      <object_component id="oc-402">
         <name>.text:TMR_ModeTimerB0</name>
         <load_address>0x1338c</load_address>
         <run_address>0x1338c</run_address>
         <size>0x7a</size>
         <input_file_ref idref="fl-b"/>
      </object_component>
      <object_component id="oc-4c5">
         <name>.text:MSC_ABS</name>
         <load_address>0x13406</load_address>
         <run_address>0x13406</run_address>
         <size>0x76</size>
         <input_file_ref idref="fl-7"/>
      </object_component>
      <object_component id="oc-33b">
         <name>.text:__mspabi_fltuld</name>
         <load_address>0x1347c</load_address>
         <run_address>0x1347c</run_address>
         <size>0x76</size>
         <input_file_ref idref="fl-68"/>
      </object_component>
      <object_component id="oc-429">
         <name>.text:_Dunscale</name>
         <load_address>0x134f2</load_address>
         <run_address>0x134f2</run_address>
         <size>0x72</size>
         <input_file_ref idref="fl-83"/>
      </object_component>
      <object_component id="oc-eb">
         <name>.text:__TI_decompress_rle_core</name>
         <load_address>0x13564</load_address>
         <run_address>0x13564</run_address>
         <size>0x68</size>
         <input_file_ref idref="fl-4b"/>
      </object_component>
      <object_component id="oc-4e3">
         <name>.text:__mspabi_fixdul</name>
         <load_address>0x135cc</load_address>
         <run_address>0x135cc</run_address>
         <size>0x68</size>
         <input_file_ref idref="fl-65"/>
      </object_component>
      <object_component id="oc-347">
         <name>.text:__mspabi_fixdli</name>
         <load_address>0x13634</load_address>
         <run_address>0x13634</run_address>
         <size>0x66</size>
         <input_file_ref idref="fl-64"/>
      </object_component>
      <object_component id="oc-172">
         <name>.text:main</name>
         <load_address>0x1369a</load_address>
         <run_address>0x1369a</run_address>
         <size>0x64</size>
         <input_file_ref idref="fl-f"/>
      </object_component>
      <object_component id="oc-236">
         <name>.text:UART_PrintBanner</name>
         <load_address>0x136fe</load_address>
         <run_address>0x136fe</run_address>
         <size>0x62</size>
         <input_file_ref idref="fl-d"/>
      </object_component>
      <object_component id="oc-2d7">
         <name>.text:Init_SPI</name>
         <load_address>0x13760</load_address>
         <run_address>0x13760</run_address>
         <size>0x5c</size>
         <input_file_ref idref="fl-9"/>
      </object_component>
      <object_component id="oc-31e">
         <name>.text:ADC_Sample</name>
         <load_address>0x137bc</load_address>
         <run_address>0x137bc</run_address>
         <size>0x58</size>
         <input_file_ref idref="fl-2"/>
      </object_component>
      <object_component id="oc-224">
         <name>.text:SYS_ConfigureOscillator</name>
         <load_address>0x13814</load_address>
         <run_address>0x13814</run_address>
         <size>0x58</size>
         <input_file_ref idref="fl-a"/>
      </object_component>
      <object_component id="oc-32b">
         <name>.text</name>
         <load_address>0x1386c</load_address>
         <run_address>0x1386c</run_address>
         <size>0x58</size>
         <input_file_ref idref="fl-62"/>
      </object_component>
      <object_component id="oc-2e3">
         <name>.text:Init_UART</name>
         <load_address>0x138c4</load_address>
         <run_address>0x138c4</run_address>
         <size>0x4e</size>
         <input_file_ref idref="fl-d"/>
      </object_component>
      <object_component id="oc-3e2">
         <name>.text:ADC_Module</name>
         <load_address>0x13912</load_address>
         <run_address>0x13912</run_address>
         <size>0x4c</size>
         <input_file_ref idref="fl-2"/>
      </object_component>
      <object_component id="oc-4a4">
         <name>.text:MSC_Round</name>
         <load_address>0x1395e</load_address>
         <run_address>0x1395e</run_address>
         <size>0x4c</size>
         <input_file_ref idref="fl-7"/>
      </object_component>
      <object_component id="oc-23c">
         <name>.text:LED_DisplayShow</name>
         <load_address>0x139aa</load_address>
         <run_address>0x139aa</run_address>
         <size>0x48</size>
         <input_file_ref idref="fl-6"/>
      </object_component>
      <object_component id="oc-355">
         <name>.text:TLC_SetLEDs</name>
         <load_address>0x139f2</load_address>
         <run_address>0x139f2</run_address>
         <size>0x46</size>
         <input_file_ref idref="fl-c"/>
      </object_component>
      <object_component id="oc-316">
         <name>.text:MSC_DelayUS</name>
         <load_address>0x13a38</load_address>
         <run_address>0x13a38</run_address>
         <size>0x42</size>
         <input_file_ref idref="fl-7"/>
      </object_component>
      <object_component id="oc-391">
         <name>.text:SPI_ModuleInterruptsB</name>
         <load_address>0x13a7a</load_address>
         <run_address>0x13a7a</run_address>
         <size>0x42</size>
         <input_file_ref idref="fl-9"/>
      </object_component>
      <object_component id="oc-251">
         <name>.text:PRO_AddToProcessBuffer</name>
         <load_address>0x13abc</load_address>
         <run_address>0x13abc</run_address>
         <size>0x40</size>
         <input_file_ref idref="fl-8"/>
      </object_component>
      <object_component id="oc-397">
         <name>.text:SPI_ModuleB</name>
         <load_address>0x13afc</load_address>
         <run_address>0x13afc</run_address>
         <size>0x3e</size>
         <input_file_ref idref="fl-9"/>
      </object_component>
      <object_component id="oc-207">
         <name>.text:l_asr_const</name>
         <load_address>0x13b3a</load_address>
         <run_address>0x13b3a</run_address>
         <size>0x3e</size>
         <input_file_ref idref="fl-73"/>
      </object_component>
      <object_component id="oc-422">
         <name>.text:l_lsl_const</name>
         <load_address>0x13b78</load_address>
         <run_address>0x13b78</run_address>
         <size>0x3e</size>
         <input_file_ref idref="fl-72"/>
      </object_component>
      <object_component id="oc-371">
         <name>.text:l_lsr_const</name>
         <load_address>0x13bb6</load_address>
         <run_address>0x13bb6</run_address>
         <size>0x3e</size>
         <input_file_ref idref="fl-74"/>
      </object_component>
      <object_component id="oc-38a">
         <name>.text:Init_TimerB0</name>
         <load_address>0x13bf4</load_address>
         <run_address>0x13bf4</run_address>
         <size>0x3a</size>
         <input_file_ref idref="fl-b"/>
      </object_component>
      <object_component id="oc-2dd">
         <name>.text:Init_TLC5940</name>
         <load_address>0x13c2e</load_address>
         <run_address>0x13c2e</run_address>
         <size>0x38</size>
         <input_file_ref idref="fl-c"/>
      </object_component>
      <object_component id="oc-5ab">
         <name>.text:signal</name>
         <load_address>0x13c66</load_address>
         <run_address>0x13c66</run_address>
         <size>0x38</size>
         <input_file_ref idref="fl-8c"/>
      </object_component>
      <object_component id="oc-2cb">
         <name>.text:Init_Buttons</name>
         <load_address>0x13c9e</load_address>
         <run_address>0x13c9e</run_address>
         <size>0x36</size>
         <input_file_ref idref="fl-3"/>
      </object_component>
      <object_component id="oc-378">
         <name>.text:Init_TimerA0</name>
         <load_address>0x13cd4</load_address>
         <run_address>0x13cd4</run_address>
         <size>0x36</size>
         <input_file_ref idref="fl-b"/>
      </object_component>
      <object_component id="oc-37e">
         <name>.text:Init_TimerA1</name>
         <load_address>0x13d0a</load_address>
         <run_address>0x13d0a</run_address>
         <size>0x36</size>
         <input_file_ref idref="fl-b"/>
      </object_component>
      <object_component id="oc-384">
         <name>.text:Init_TimerA2</name>
         <load_address>0x13d40</load_address>
         <run_address>0x13d40</run_address>
         <size>0x36</size>
         <input_file_ref idref="fl-b"/>
      </object_component>
      <object_component id="oc-3a4">
         <name>.text:MSC_CleanBuffer</name>
         <load_address>0x13d76</load_address>
         <run_address>0x13d76</run_address>
         <size>0x36</size>
         <input_file_ref idref="fl-7"/>
      </object_component>
      <object_component id="oc-447">
         <name>.text:_Feraise</name>
         <load_address>0x13dac</load_address>
         <run_address>0x13dac</run_address>
         <size>0x36</size>
         <input_file_ref idref="fl-84"/>
      </object_component>
      <object_component id="oc-529">
         <name>.text:feraiseexcept</name>
         <load_address>0x13de2</load_address>
         <run_address>0x13de2</run_address>
         <size>0x34</size>
         <input_file_ref idref="fl-8a"/>
      </object_component>
      <object_component id="oc-1b4">
         <name>.text:BUT_Button1Interrupt</name>
         <load_address>0x13e16</load_address>
         <run_address>0x13e16</run_address>
         <size>0x32</size>
         <input_file_ref idref="fl-3"/>
      </object_component>
      <object_component id="oc-19f">
         <name>.text:LED_Red</name>
         <load_address>0x13e48</load_address>
         <run_address>0x13e48</run_address>
         <size>0x32</size>
         <input_file_ref idref="fl-6"/>
      </object_component>
      <object_component id="oc-3aa">
         <name>.text:TLC_XERRInterrupt</name>
         <load_address>0x13e7a</load_address>
         <run_address>0x13e7a</run_address>
         <size>0x32</size>
         <input_file_ref idref="fl-c"/>
      </object_component>
      <object_component id="oc-3c3">
         <name>.text:UART_ReceiveInterrupt</name>
         <load_address>0x13eac</load_address>
         <run_address>0x13eac</run_address>
         <size>0x32</size>
         <input_file_ref idref="fl-d"/>
      </object_component>
      <object_component id="oc-1eb">
         <name>.text:UART_TransmitInterrupt</name>
         <load_address>0x13ede</load_address>
         <run_address>0x13ede</run_address>
         <size>0x32</size>
         <input_file_ref idref="fl-d"/>
      </object_component>
      <object_component id="oc-4bf">
         <name>.text:__mspabi_subd</name>
         <load_address>0x13f10</load_address>
         <run_address>0x13f10</run_address>
         <size>0x32</size>
         <input_file_ref idref="fl-75"/>
      </object_component>
      <object_component id="oc-588">
         <name>.text:raise</name>
         <load_address>0x13f42</load_address>
         <run_address>0x13f42</run_address>
         <size>0x32</size>
         <input_file_ref idref="fl-8b"/>
      </object_component>
      <object_component id="oc-40e">
         <name>.text:FTR_CLK</name>
         <load_address>0x13f74</load_address>
         <run_address>0x13f74</run_address>
         <size>0x30</size>
         <input_file_ref idref="fl-4"/>
      </object_component>
      <object_component id="oc-270">
         <name>.text:TLC_GSCLK</name>
         <load_address>0x13fa4</load_address>
         <run_address>0x13fa4</run_address>
         <size>0x30</size>
         <input_file_ref idref="fl-c"/>
      </object_component>
      <object_component id="oc-3dc">
         <name>.text:ADC_EnableConversion</name>
         <load_address>0x13fd4</load_address>
         <run_address>0x13fd4</run_address>
         <size>0x2c</size>
         <input_file_ref idref="fl-2"/>
      </object_component>
      <object_component id="oc-24e">
         <name>.common:ADC_Midpoint_Offset</name>
         <uninitialized>true</uninitialized>
         <run_address>0x2026</run_address>
         <size>0x6</size>
      </object_component>
      <object_component id="oc-298">
         <name>.common:ADC_Counts</name>
         <uninitialized>true</uninitialized>
         <run_address>0x2020</run_address>
         <size>0x6</size>
      </object_component>
      <object_component id="oc-276">
         <name>.common:LEDs</name>
         <uninitialized>true</uninitialized>
         <run_address>0x2000</run_address>
         <size>0x20</size>
      </object_component>
      <object_component id="oc-1e7">
         <name>.common:RX_Buffer</name>
         <uninitialized>true</uninitialized>
         <run_address>0x1c00</run_address>
         <size>0x200</size>
      </object_component>
      <object_component id="oc-1ea">
         <name>.common:TX_Buffer</name>
         <uninitialized>true</uninitialized>
         <run_address>0x1e00</run_address>
         <size>0x200</size>
      </object_component>
      <object_component id="oc-1f4">
         <name>.data</name>
         <load_address>0x2198</load_address>
         <run_address>0x2198</run_address>
         <size>0x3</size>
         <input_file_ref idref="fl-2"/>
      </object_component>
      <object_component id="oc-1a5">
         <name>.data</name>
         <load_address>0x219c</load_address>
         <run_address>0x219c</run_address>
         <size>0x2</size>
         <input_file_ref idref="fl-8"/>
      </object_component>
      <object_component id="oc-1fe">
         <name>.data</name>
         <load_address>0x218f</load_address>
         <run_address>0x218f</run_address>
         <size>0x1</size>
         <input_file_ref idref="fl-9"/>
      </object_component>
      <object_component id="oc-36e">
         <name>.data</name>
         <load_address>0x215c</load_address>
         <run_address>0x215c</run_address>
         <size>0x24</size>
         <input_file_ref idref="fl-a"/>
      </object_component>
      <object_component id="oc-25d">
         <name>.data</name>
         <load_address>0x219b</load_address>
         <run_address>0x219b</run_address>
         <size>0x1</size>
         <input_file_ref idref="fl-c"/>
      </object_component>
      <object_component id="oc-1de">
         <name>.data</name>
         <load_address>0x2188</load_address>
         <run_address>0x2188</run_address>
         <size>0x7</size>
         <input_file_ref idref="fl-d"/>
      </object_component>
      <object_component id="oc-215">
         <name>.data:_lock</name>
         <load_address>0x2190</load_address>
         <run_address>0x2190</run_address>
         <size>0x4</size>
         <input_file_ref idref="fl-7e"/>
      </object_component>
      <object_component id="oc-21e">
         <name>.data:_unlock</name>
         <load_address>0x2194</load_address>
         <run_address>0x2194</run_address>
         <size>0x4</size>
         <input_file_ref idref="fl-7e"/>
      </object_component>
      <object_component id="oc-52f">
         <name>.data</name>
         <load_address>0x219e</load_address>
         <run_address>0x219e</run_address>
         <size>0x2</size>
         <input_file_ref idref="fl-85"/>
      </object_component>
      <object_component id="oc-44d">
         <name>.data</name>
         <load_address>0x20dc</load_address>
         <run_address>0x20dc</run_address>
         <size>0x80</size>
         <input_file_ref idref="fl-86"/>
      </object_component>
      <object_component id="oc-585">
         <name>.data</name>
         <load_address>0x2180</load_address>
         <run_address>0x2180</run_address>
         <size>0x8</size>
         <input_file_ref idref="fl-8a"/>
      </object_component>
      <object_component id="oc-5bb">
         <name>.data:sigtable</name>
         <load_address>0x202c</load_address>
         <run_address>0x202c</run_address>
         <size>0xb0</size>
         <input_file_ref idref="fl-8c"/>
      </object_component>
      <object_component id="oc-da">
         <name>.stack</name>
         <uninitialized>true</uninitialized>
         <run_address>0x2360</run_address>
         <size>0x4</size>
         <input_file_ref idref="fl-76"/>
      </object_component>
      <object_component id="oc-633">
         <name>.stack</name>
         <uninitialized>true</uninitialized>
         <run_address>0x2360</run_address>
         <size>0x0</size>
      </object_component>
      <object_component id="oc-7f">
         <name>.int30</name>
         <load_address>0xffcc</load_address>
         <run_address>0xffcc</run_address>
         <size>0x2</size>
         <input_file_ref idref="fl-4c"/>
      </object_component>
      <object_component id="oc-80">
         <name>.int31</name>
         <load_address>0xffce</load_address>
         <run_address>0xffce</run_address>
         <size>0x2</size>
         <input_file_ref idref="fl-4e"/>
      </object_component>
      <object_component id="oc-81">
         <name>.int32</name>
         <load_address>0xffd0</load_address>
         <run_address>0xffd0</run_address>
         <size>0x2</size>
         <input_file_ref idref="fl-5"/>
      </object_component>
      <object_component id="oc-82">
         <name>.int33</name>
         <load_address>0xffd2</load_address>
         <run_address>0xffd2</run_address>
         <size>0x2</size>
         <input_file_ref idref="fl-4f"/>
      </object_component>
      <object_component id="oc-83">
         <name>.int34</name>
         <load_address>0xffd4</load_address>
         <run_address>0xffd4</run_address>
         <size>0x2</size>
         <input_file_ref idref="fl-50"/>
      </object_component>
      <object_component id="oc-84">
         <name>.int35</name>
         <load_address>0xffd6</load_address>
         <run_address>0xffd6</run_address>
         <size>0x2</size>
         <input_file_ref idref="fl-51"/>
      </object_component>
      <object_component id="oc-85">
         <name>.int36</name>
         <load_address>0xffd8</load_address>
         <run_address>0xffd8</run_address>
         <size>0x2</size>
         <input_file_ref idref="fl-52"/>
      </object_component>
      <object_component id="oc-86">
         <name>.int37</name>
         <load_address>0xffda</load_address>
         <run_address>0xffda</run_address>
         <size>0x2</size>
         <input_file_ref idref="fl-5"/>
      </object_component>
      <object_component id="oc-87">
         <name>.int38</name>
         <load_address>0xffdc</load_address>
         <run_address>0xffdc</run_address>
         <size>0x2</size>
         <input_file_ref idref="fl-5"/>
      </object_component>
      <object_component id="oc-88">
         <name>.int39</name>
         <load_address>0xffde</load_address>
         <run_address>0xffde</run_address>
         <size>0x2</size>
         <input_file_ref idref="fl-5"/>
      </object_component>
      <object_component id="oc-89">
         <name>.int40</name>
         <load_address>0xffe0</load_address>
         <run_address>0xffe0</run_address>
         <size>0x2</size>
         <input_file_ref idref="fl-5"/>
      </object_component>
      <object_component id="oc-8a">
         <name>.int41</name>
         <load_address>0xffe2</load_address>
         <run_address>0xffe2</run_address>
         <size>0x2</size>
         <input_file_ref idref="fl-5"/>
      </object_component>
      <object_component id="oc-8b">
         <name>.int42</name>
         <load_address>0xffe4</load_address>
         <run_address>0xffe4</run_address>
         <size>0x2</size>
         <input_file_ref idref="fl-53"/>
      </object_component>
      <object_component id="oc-8c">
         <name>.int43</name>
         <load_address>0xffe6</load_address>
         <run_address>0xffe6</run_address>
         <size>0x2</size>
         <input_file_ref idref="fl-5"/>
      </object_component>
      <object_component id="oc-8d">
         <name>.int44</name>
         <load_address>0xffe8</load_address>
         <run_address>0xffe8</run_address>
         <size>0x2</size>
         <input_file_ref idref="fl-5"/>
      </object_component>
      <object_component id="oc-8e">
         <name>.int45</name>
         <load_address>0xffea</load_address>
         <run_address>0xffea</run_address>
         <size>0x2</size>
         <input_file_ref idref="fl-5"/>
      </object_component>
      <object_component id="oc-8f">
         <name>.int46</name>
         <load_address>0xffec</load_address>
         <run_address>0xffec</run_address>
         <size>0x2</size>
         <input_file_ref idref="fl-5"/>
      </object_component>
      <object_component id="oc-90">
         <name>.int47</name>
         <load_address>0xffee</load_address>
         <run_address>0xffee</run_address>
         <size>0x2</size>
         <input_file_ref idref="fl-5"/>
      </object_component>
      <object_component id="oc-91">
         <name>.int48</name>
         <load_address>0xfff0</load_address>
         <run_address>0xfff0</run_address>
         <size>0x2</size>
         <input_file_ref idref="fl-54"/>
      </object_component>
      <object_component id="oc-92">
         <name>.int49</name>
         <load_address>0xfff2</load_address>
         <run_address>0xfff2</run_address>
         <size>0x2</size>
         <input_file_ref idref="fl-55"/>
      </object_component>
      <object_component id="oc-93">
         <name>.int50</name>
         <load_address>0xfff4</load_address>
         <run_address>0xfff4</run_address>
         <size>0x2</size>
         <input_file_ref idref="fl-5"/>
      </object_component>
      <object_component id="oc-94">
         <name>.int51</name>
         <load_address>0xfff6</load_address>
         <run_address>0xfff6</run_address>
         <size>0x2</size>
         <input_file_ref idref="fl-5"/>
      </object_component>
      <object_component id="oc-95">
         <name>.int52</name>
         <load_address>0xfff8</load_address>
         <run_address>0xfff8</run_address>
         <size>0x2</size>
         <input_file_ref idref="fl-56"/>
      </object_component>
      <object_component id="oc-96">
         <name>.int53</name>
         <load_address>0xfffa</load_address>
         <run_address>0xfffa</run_address>
         <size>0x2</size>
         <input_file_ref idref="fl-57"/>
      </object_component>
      <object_component id="oc-97">
         <name>.int54</name>
         <load_address>0xfffc</load_address>
         <run_address>0xfffc</run_address>
         <size>0x2</size>
         <input_file_ref idref="fl-58"/>
      </object_component>
      <object_component id="oc-dd">
         <name>.reset</name>
         <load_address>0xfffe</load_address>
         <run_address>0xfffe</run_address>
         <size>0x2</size>
         <input_file_ref idref="fl-76"/>
      </object_component>
      <object_component id="oc-24f">
         <name>.debug_info</name>
         <load_address>0x0</load_address>
         <run_address>0x0</run_address>
         <size>0x34c</size>
         <input_file_ref idref="fl-2"/>
      </object_component>
      <object_component id="oc-1f5">
         <name>.debug_info</name>
         <load_address>0x34c</load_address>
         <run_address>0x34c</run_address>
         <size>0x137</size>
         <input_file_ref idref="fl-2"/>
      </object_component>
      <object_component id="oc-2ea">
         <name>.debug_info</name>
         <load_address>0x483</load_address>
         <run_address>0x483</run_address>
         <size>0x19a</size>
         <input_file_ref idref="fl-2"/>
      </object_component>
      <object_component id="oc-3e9">
         <name>.debug_info</name>
         <load_address>0x61d</load_address>
         <run_address>0x61d</run_address>
         <size>0x1bd</size>
         <input_file_ref idref="fl-2"/>
      </object_component>
      <object_component id="oc-4d6">
         <name>.debug_info</name>
         <load_address>0x7da</load_address>
         <run_address>0x7da</run_address>
         <size>0x12d</size>
         <input_file_ref idref="fl-2"/>
      </object_component>
      <object_component id="oc-243">
         <name>.debug_info</name>
         <load_address>0x907</load_address>
         <run_address>0x907</run_address>
         <size>0x179</size>
         <input_file_ref idref="fl-2"/>
      </object_component>
      <object_component id="oc-3ef">
         <name>.debug_info</name>
         <load_address>0xa80</load_address>
         <run_address>0xa80</run_address>
         <size>0x162</size>
         <input_file_ref idref="fl-2"/>
      </object_component>
      <object_component id="oc-3e3">
         <name>.debug_info</name>
         <load_address>0xbe2</load_address>
         <run_address>0xbe2</run_address>
         <size>0x1bd</size>
         <input_file_ref idref="fl-2"/>
      </object_component>
      <object_component id="oc-3dd">
         <name>.debug_info</name>
         <load_address>0xd9f</load_address>
         <run_address>0xd9f</run_address>
         <size>0x173</size>
         <input_file_ref idref="fl-2"/>
      </object_component>
      <object_component id="oc-31f">
         <name>.debug_info</name>
         <load_address>0xf12</load_address>
         <run_address>0xf12</run_address>
         <size>0x199</size>
         <input_file_ref idref="fl-2"/>
      </object_component>
      <object_component id="oc-249">
         <name>.debug_info</name>
         <load_address>0x10ab</load_address>
         <run_address>0x10ab</run_address>
         <size>0x16a</size>
         <input_file_ref idref="fl-2"/>
      </object_component>
      <object_component id="oc-1f8">
         <name>.debug_info</name>
         <load_address>0x1215</load_address>
         <run_address>0x1215</run_address>
         <size>0x15f</size>
         <input_file_ref idref="fl-2"/>
      </object_component>
      <object_component id="oc-188">
         <name>.debug_info</name>
         <load_address>0x1374</load_address>
         <run_address>0x1374</run_address>
         <size>0x84</size>
         <input_file_ref idref="fl-2"/>
      </object_component>
      <object_component id="oc-2cc">
         <name>.debug_info</name>
         <load_address>0x13f8</load_address>
         <run_address>0x13f8</run_address>
         <size>0x15e</size>
         <input_file_ref idref="fl-3"/>
      </object_component>
      <object_component id="oc-1b6">
         <name>.debug_info</name>
         <load_address>0x1556</load_address>
         <run_address>0x1556</run_address>
         <size>0x179</size>
         <input_file_ref idref="fl-3"/>
      </object_component>
      <object_component id="oc-1d8">
         <name>.debug_info</name>
         <load_address>0x16cf</load_address>
         <run_address>0x16cf</run_address>
         <size>0x179</size>
         <input_file_ref idref="fl-3"/>
      </object_component>
      <object_component id="oc-2f6">
         <name>.debug_info</name>
         <load_address>0x1848</load_address>
         <run_address>0x1848</run_address>
         <size>0x171</size>
         <input_file_ref idref="fl-4"/>
      </object_component>
      <object_component id="oc-3fe">
         <name>.debug_info</name>
         <load_address>0x19b9</load_address>
         <run_address>0x19b9</run_address>
         <size>0x260</size>
         <input_file_ref idref="fl-4"/>
      </object_component>
      <object_component id="oc-40f">
         <name>.debug_info</name>
         <load_address>0x1c19</load_address>
         <run_address>0x1c19</run_address>
         <size>0x145</size>
         <input_file_ref idref="fl-4"/>
      </object_component>
      <object_component id="oc-409">
         <name>.debug_info</name>
         <load_address>0x1d5e</load_address>
         <run_address>0x1d5e</run_address>
         <size>0x14f</size>
         <input_file_ref idref="fl-4"/>
      </object_component>
      <object_component id="oc-134">
         <name>.debug_info</name>
         <load_address>0x1ead</load_address>
         <run_address>0x1ead</run_address>
         <size>0x13e</size>
         <input_file_ref idref="fl-5"/>
      </object_component>
      <object_component id="oc-110">
         <name>.debug_info</name>
         <load_address>0x1feb</load_address>
         <run_address>0x1feb</run_address>
         <size>0x187</size>
         <input_file_ref idref="fl-5"/>
      </object_component>
      <object_component id="oc-fe">
         <name>.debug_info</name>
         <load_address>0x2172</load_address>
         <run_address>0x2172</run_address>
         <size>0x185</size>
         <input_file_ref idref="fl-5"/>
      </object_component>
      <object_component id="oc-12e">
         <name>.debug_info</name>
         <load_address>0x22f7</load_address>
         <run_address>0x22f7</run_address>
         <size>0x178</size>
         <input_file_ref idref="fl-5"/>
      </object_component>
      <object_component id="oc-128">
         <name>.debug_info</name>
         <load_address>0x246f</load_address>
         <run_address>0x246f</run_address>
         <size>0x14d</size>
         <input_file_ref idref="fl-5"/>
      </object_component>
      <object_component id="oc-11c">
         <name>.debug_info</name>
         <load_address>0x25bc</load_address>
         <run_address>0x25bc</run_address>
         <size>0x176</size>
         <input_file_ref idref="fl-5"/>
      </object_component>
      <object_component id="oc-116">
         <name>.debug_info</name>
         <load_address>0x2732</load_address>
         <run_address>0x2732</run_address>
         <size>0x14d</size>
         <input_file_ref idref="fl-5"/>
      </object_component>
      <object_component id="oc-10a">
         <name>.debug_info</name>
         <load_address>0x287f</load_address>
         <run_address>0x287f</run_address>
         <size>0x14c</size>
         <input_file_ref idref="fl-5"/>
      </object_component>
      <object_component id="oc-104">
         <name>.debug_info</name>
         <load_address>0x29cb</load_address>
         <run_address>0x29cb</run_address>
         <size>0x14d</size>
         <input_file_ref idref="fl-5"/>
      </object_component>
      <object_component id="oc-146">
         <name>.debug_info</name>
         <load_address>0x2b18</load_address>
         <run_address>0x2b18</run_address>
         <size>0x137</size>
         <input_file_ref idref="fl-5"/>
      </object_component>
      <object_component id="oc-140">
         <name>.debug_info</name>
         <load_address>0x2c4f</load_address>
         <run_address>0x2c4f</run_address>
         <size>0x14d</size>
         <input_file_ref idref="fl-5"/>
      </object_component>
      <object_component id="oc-13a">
         <name>.debug_info</name>
         <load_address>0x2d9c</load_address>
         <run_address>0x2d9c</run_address>
         <size>0x134</size>
         <input_file_ref idref="fl-5"/>
      </object_component>
      <object_component id="oc-122">
         <name>.debug_info</name>
         <load_address>0x2ed0</load_address>
         <run_address>0x2ed0</run_address>
         <size>0x18d</size>
         <input_file_ref idref="fl-5"/>
      </object_component>
      <object_component id="oc-30d">
         <name>.debug_info</name>
         <load_address>0x305d</load_address>
         <run_address>0x305d</run_address>
         <size>0x125</size>
         <input_file_ref idref="fl-6"/>
      </object_component>
      <object_component id="oc-313">
         <name>.debug_info</name>
         <load_address>0x3182</load_address>
         <run_address>0x3182</run_address>
         <size>0x121</size>
         <input_file_ref idref="fl-6"/>
      </object_component>
      <object_component id="oc-1c6">
         <name>.debug_info</name>
         <load_address>0x32a3</load_address>
         <run_address>0x32a3</run_address>
         <size>0x15a</size>
         <input_file_ref idref="fl-6"/>
      </object_component>
      <object_component id="oc-1a2">
         <name>.debug_info</name>
         <load_address>0x33fd</load_address>
         <run_address>0x33fd</run_address>
         <size>0x156</size>
         <input_file_ref idref="fl-6"/>
      </object_component>
      <object_component id="oc-23d">
         <name>.debug_info</name>
         <load_address>0x3553</load_address>
         <run_address>0x3553</run_address>
         <size>0x1a9</size>
         <input_file_ref idref="fl-6"/>
      </object_component>
      <object_component id="oc-4b2">
         <name>.debug_info</name>
         <load_address>0x36fc</load_address>
         <run_address>0x36fc</run_address>
         <size>0x17f</size>
         <input_file_ref idref="fl-7"/>
      </object_component>
      <object_component id="oc-317">
         <name>.debug_info</name>
         <load_address>0x387b</load_address>
         <run_address>0x387b</run_address>
         <size>0x14c</size>
         <input_file_ref idref="fl-7"/>
      </object_component>
      <object_component id="oc-332">
         <name>.debug_info</name>
         <load_address>0x39c7</load_address>
         <run_address>0x39c7</run_address>
         <size>0x14a</size>
         <input_file_ref idref="fl-7"/>
      </object_component>
      <object_component id="oc-4c7">
         <name>.debug_info</name>
         <load_address>0x3b11</load_address>
         <run_address>0x3b11</run_address>
         <size>0x176</size>
         <input_file_ref idref="fl-7"/>
[...]
         <name>Init_App</name>
         <value>0x12fc4</value>
         <object_component_ref idref="oc-22a"/>
      </symbol>
      <symbol id="sm-89d">
         <name>Init_System</name>
         <value>0x6308</value>
         <object_component_ref idref="oc-230"/>
      </symbol>
      <symbol id="sm-8a7">
         <name>main</name>
         <value>0x1369a</value>
         <object_component_ref idref="oc-172"/>
      </symbol>
      <symbol id="sm-8bd">
         <name>__TI_decompress_none</name>
         <value>0x66cc</value>
         <object_component_ref idref="oc-73"/>
      </symbol>
      <symbol id="sm-8df">
         <name>__TI_decompress_rle24</name>
         <value>0x680c</value>
         <object_component_ref idref="oc-79"/>
      </symbol>
      <symbol id="sm-8e2">
         <name>__TI_int30</name>
         <value>0xffcc</value>
         <object_component_ref idref="oc-7f"/>
      </symbol>
      <symbol id="sm-8ea">
         <name>__TI_ISR_TRAP</name>
         <value>0x624e</value>
         <object_component_ref idref="oc-f8"/>
      </symbol>
      <symbol id="sm-8ed">
         <name>__TI_int31</name>
         <value>0xffce</value>
         <object_component_ref idref="oc-80"/>
      </symbol>
      <symbol id="sm-8f0">
         <name>__TI_int33</name>
         <value>0xffd2</value>
         <object_component_ref idref="oc-82"/>
      </symbol>
      <symbol id="sm-8f3">
         <name>__TI_int34</name>
         <value>0xffd4</value>
         <object_component_ref idref="oc-83"/>
      </symbol>
      <symbol id="sm-8f6">
         <name>__TI_int35</name>
         <value>0xffd6</value>
         <object_component_ref idref="oc-84"/>
      </symbol>
      <symbol id="sm-8f9">
         <name>__TI_int36</name>
         <value>0xffd8</value>
         <object_component_ref idref="oc-85"/>
      </symbol>
      <symbol id="sm-8fc">
         <name>__TI_int42</name>
         <value>0xffe4</value>
         <object_component_ref idref="oc-8b"/>
      </symbol>
      <symbol id="sm-8ff">
         <name>__TI_int48</name>
         <value>0xfff0</value>
         <object_component_ref idref="oc-91"/>
      </symbol>
      <symbol id="sm-902">
         <name>__TI_int49</name>
         <value>0xfff2</value>
         <object_component_ref idref="oc-92"/>
      </symbol>
      <symbol id="sm-905">
         <name>__TI_int52</name>
         <value>0xfff8</value>
         <object_component_ref idref="oc-95"/>
      </symbol>
      <symbol id="sm-908">
         <name>__TI_int53</name>
         <value>0xfffa</value>
         <object_component_ref idref="oc-96"/>
      </symbol>
      <symbol id="sm-90b">
         <name>__TI_int54</name>
         <value>0xfffc</value>
         <object_component_ref idref="oc-97"/>
      </symbol>
      <symbol id="sm-91e">
         <name>__TI_zero_init</name>
         <value>0x658a</value>
         <object_component_ref idref="oc-98"/>
      </symbol>
      <symbol id="sm-945">
         <name>__mspabi_addd</name>
         <value>0x117be</value>
         <object_component_ref idref="oc-42f"/>
      </symbol>
      <symbol id="sm-966">
         <name>__TI_frcaddd</name>
         <value>0x11d18</value>
         <object_component_ref idref="oc-4fa"/>
      </symbol>
      <symbol id="sm-97a">
         <name>__TI_renormd</name>
         <value>0x12e6e</value>
         <object_component_ref idref="oc-56e"/>
      </symbol>
      <symbol id="sm-994">
         <name>__mspabi_cmpd</name>
         <value>0x12c04</value>
         <object_component_ref idref="oc-552"/>
      </symbol>
      <symbol id="sm-9b5">
         <name>__mspabi_divd</name>
         <value>0x11f6a</value>
         <object_component_ref idref="oc-43b"/>
      </symbol>
      <symbol id="sm-9d0">
         <name>__TI_frcdivd</name>
         <value>0x11088</value>
         <object_component_ref idref="oc-50f"/>
      </symbol>
      <symbol id="sm-9dc">
         <name>__mspabi_remi</name>
         <value>0x6494</value>
         <object_component_ref idref="oc-34d"/>
      </symbol>
      <symbol id="sm-9dd">
         <name>__mspabi_divi</name>
         <value>0x6494</value>
         <object_component_ref idref="oc-34d"/>
      </symbol>
      <symbol id="sm-9e7">
         <name>__mspabi_remu</name>
         <value>0x66e2</value>
         <object_component_ref idref="oc-457"/>
      </symbol>
      <symbol id="sm-9e8">
         <name>__mspabi_divu</name>
         <value>0x66e2</value>
         <object_component_ref idref="oc-457"/>
      </symbol>
      <symbol id="sm-9f7">
         <name>__mspabi_remul</name>
         <value>0x1386c</value>
         <object_component_ref idref="oc-32b"/>
      </symbol>
      <symbol id="sm-9f8">
         <name>__mspabi_divul</name>
         <value>0x1386c</value>
         <object_component_ref idref="oc-32b"/>
      </symbol>
      <symbol id="sm-a05">
         <name>__mspabi_fixdi</name>
         <value>0x653c</value>
         <object_component_ref idref="oc-4aa"/>
      </symbol>
      <symbol id="sm-a14">
         <name>__mspabi_fixdli</name>
         <value>0x13634</value>
         <object_component_ref idref="oc-347"/>
      </symbol>
      <symbol id="sm-a24">
         <name>__mspabi_fixdul</name>
         <value>0x135cc</value>
         <object_component_ref idref="oc-4e3"/>
      </symbol>
      <symbol id="sm-a2d">
         <name>__mspabi_fltid</name>
         <value>0x67b8</value>
         <object_component_ref idref="oc-4b9"/>
      </symbol>
      <symbol id="sm-a45">
         <name>__mspabi_fltlid</name>
         <value>0x130f8</value>
         <object_component_ref idref="oc-546"/>
      </symbol>
      <symbol id="sm-a5a">
         <name>__mspabi_fltuld</name>
         <value>0x1347c</value>
         <object_component_ref idref="oc-33b"/>
      </symbol>
      <symbol id="sm-a7a">
         <name>__mspabi_mpyd</name>
         <value>0x11a96</value>
         <object_component_ref idref="oc-435"/>
      </symbol>
      <symbol id="sm-a8b">
         <name>__TI_frcmpyd</name>
         <value>0x114da</value>
         <object_component_ref idref="oc-507"/>
      </symbol>
      <symbol id="sm-a99">
         <name>__mspabi_mpyi_f5hw</name>
         <value>0x66f8</value>
         <object_component_ref idref="oc-336"/>
      </symbol>
      <symbol id="sm-aac">
         <name>__mspabi_mpyl_f5hw</name>
         <value>0x65f2</value>
         <object_component_ref idref="oc-4de"/>
      </symbol>
      <symbol id="sm-ae0">
         <name>__mspabi_slll_9</name>
         <value>0x13b90</value>
         <object_component_ref idref="oc-422"/>
      </symbol>
      <symbol id="sm-ae1">
         <name>__mspabi_slll_8</name>
         <value>0x13b94</value>
         <object_component_ref idref="oc-422"/>
      </symbol>
      <symbol id="sm-ae2">
         <name>__mspabi_slll_7</name>
         <value>0x13b98</value>
         <object_component_ref idref="oc-422"/>
      </symbol>
      <symbol id="sm-ae3">
         <name>__mspabi_slll_6</name>
         <value>0x13b9c</value>
         <object_component_ref idref="oc-422"/>
      </symbol>
      <symbol id="sm-ae4">
         <name>__mspabi_slll_5</name>
         <value>0x13ba0</value>
         <object_component_ref idref="oc-422"/>
      </symbol>
      <symbol id="sm-ae5">
         <name>__mspabi_slll_4</name>
         <value>0x13ba4</value>
         <object_component_ref idref="oc-422"/>
      </symbol>
      <symbol id="sm-ae6">
         <name>__mspabi_slll_3</name>
         <value>0x13ba8</value>
         <object_component_ref idref="oc-422"/>
      </symbol>
      <symbol id="sm-ae7">
         <name>__mspabi_slll_2</name>
         <value>0x13bac</value>
         <object_component_ref idref="oc-422"/>
      </symbol>
      <symbol id="sm-ae8">
         <name>__mspabi_slll_1</name>
         <value>0x13bb0</value>
         <object_component_ref idref="oc-422"/>
      </symbol>
      <symbol id="sm-ae9">
         <name>__mspabi_slll</name>
         <value>0x6752</value>
         <object_component_ref idref="oc-564"/>
      </symbol>
      <symbol id="sm-aea">
         <name>__mspabi_slll_15</name>
         <value>0x13b78</value>
         <object_component_ref idref="oc-422"/>
      </symbol>
      <symbol id="sm-aeb">
         <name>__mspabi_slll_14</name>
         <value>0x13b7c</value>
         <object_component_ref idref="oc-422"/>
      </symbol>
      <symbol id="sm-aec">
         <name>__mspabi_slll_13</name>
         <value>0x13b80</value>
         <object_component_ref idref="oc-422"/>
      </symbol>
      <symbol id="sm-aed">
         <name>__mspabi_slll_12</name>
         <value>0x13b84</value>
         <object_component_ref idref="oc-422"/>
      </symbol>
      <symbol id="sm-aee">
         <name>__mspabi_slll_11</name>
         <value>0x13b88</value>
         <object_component_ref idref="oc-422"/>
      </symbol>
      <symbol id="sm-aef">
         <name>__mspabi_slll_10</name>
         <value>0x13b8c</value>
         <object_component_ref idref="oc-422"/>
      </symbol>
      <symbol id="sm-aff">
         <name>__mspabi_sral</name>
         <value>0x6742</value>
         <object_component_ref idref="oc-569"/>
      </symbol>
      <symbol id="sm-b00">
         <name>__mspabi_sral_15</name>
         <value>0x13b3a</value>
         <object_component_ref idref="oc-207"/>
      </symbol>
      <symbol id="sm-b01">
         <name>__mspabi_sral_14</name>
         <value>0x13b3e</value>
         <object_component_ref idref="oc-207"/>
      </symbol>
      <symbol id="sm-b02">
         <name>__mspabi_sral_13</name>
         <value>0x13b42</value>
         <object_component_ref idref="oc-207"/>
      </symbol>
      <symbol id="sm-b03">
         <name>__mspabi_sral_12</name>
         <value>0x13b46</value>
         <object_component_ref idref="oc-207"/>
      </symbol>
      <symbol id="sm-b04">
         <name>__mspabi_sral_11</name>
         <value>0x13b4a</value>
         <object_component_ref idref="oc-207"/>
      </symbol>
      <symbol id="sm-b05">
         <name>__mspabi_sral_10</name>
         <value>0x13b4e</value>
         <object_component_ref idref="oc-207"/>
      </symbol>
      <symbol id="sm-b06">
         <name>__mspabi_sral_8</name>
         <value>0x13b56</value>
         <object_component_ref idref="oc-207"/>
      </symbol>
      <symbol id="sm-b07">
         <name>__mspabi_sral_9</name>
         <value>0x13b52</value>
         <object_component_ref idref="oc-207"/>
      </symbol>
      <symbol id="sm-b08">
         <name>__mspabi_sral_6</name>
         <value>0x13b5e</value>
         <object_component_ref idref="oc-207"/>
      </symbol>
      <symbol id="sm-b09">
         <name>__mspabi_sral_7</name>
         <value>0x13b5a</value>
         <object_component_ref idref="oc-207"/>
      </symbol>
      <symbol id="sm-b0a">
         <name>__mspabi_sral_4</name>
         <value>0x13b66</value>
         <object_component_ref idref="oc-207"/>
      </symbol>
      <symbol id="sm-b0b">
         <name>__mspabi_sral_5</name>
         <value>0x13b62</value>
         <object_component_ref idref="oc-207"/>
      </symbol>
      <symbol id="sm-b0c">
         <name>__mspabi_sral_2</name>
         <value>0x13b6e</value>
         <object_component_ref idref="oc-207"/>
      </symbol>
      <symbol id="sm-b0d">
         <name>__mspabi_sral_3</name>
         <value>0x13b6a</value>
         <object_component_ref idref="oc-207"/>
      </symbol>
      <symbol id="sm-b0e">
         <name>__mspabi_sral_1</name>
         <value>0x13b72</value>
         <object_component_ref idref="oc-207"/>
      </symbol>
      <symbol id="sm-b1e">
         <name>__mspabi_srll_8</name>
         <value>0x13bd2</value>
         <object_component_ref idref="oc-371"/>
      </symbol>
      <symbol id="sm-b1f">
         <name>__mspabi_srll_9</name>
         <value>0x13bce</value>
         <object_component_ref idref="oc-371"/>
      </symbol>
      <symbol id="sm-b20">
         <name>__mspabi_srll_6</name>
         <value>0x13bda</value>
         <object_component_ref idref="oc-371"/>
      </symbol>
      <symbol id="sm-b21">
         <name>__mspabi_srll_7</name>
         <value>0x13bd6</value>
         <object_component_ref idref="oc-371"/>
      </symbol>
      <symbol id="sm-b22">
         <name>__mspabi_srll_4</name>
         <value>0x13be2</value>
         <object_component_ref idref="oc-371"/>
      </symbol>
      <symbol id="sm-b23">
         <name>__mspabi_srll_5</name>
         <value>0x13bde</value>
         <object_component_ref idref="oc-371"/>
      </symbol>
      <symbol id="sm-b24">
         <name>__mspabi_srll_2</name>
         <value>0x13bea</value>
         <object_component_ref idref="oc-371"/>
      </symbol>
      <symbol id="sm-b25">
         <name>__mspabi_srll_3</name>
         <value>0x13be6</value>
         <object_component_ref idref="oc-371"/>
      </symbol>
      <symbol id="sm-b26">
         <name>__mspabi_srll_1</name>
         <value>0x13bee</value>
         <object_component_ref idref="oc-371"/>
      </symbol>
      <symbol id="sm-b27">
         <name>__mspabi_srll_15</name>
         <value>0x13bb6</value>
         <object_component_ref idref="oc-371"/>
      </symbol>
      <symbol id="sm-b28">
         <name>__mspabi_srll_14</name>
         <value>0x13bba</value>
         <object_component_ref idref="oc-371"/>
      </symbol>
      <symbol id="sm-b29">
         <name>__mspabi_srll_13</name>
         <value>0x13bbe</value>
         <object_component_ref idref="oc-371"/>
      </symbol>
      <symbol id="sm-b2a">
         <name>__mspabi_srll_12</name>
         <value>0x13bc2</value>
         <object_component_ref idref="oc-371"/>
      </symbol>
      <symbol id="sm-b2b">
         <name>__mspabi_srll_11</name>
         <value>0x13bc6</value>
         <object_component_ref idref="oc-371"/>
      </symbol>
      <symbol id="sm-b2c">
         <name>__mspabi_srll_10</name>
         <value>0x13bca</value>
         <object_component_ref idref="oc-371"/>
      </symbol>
      <symbol id="sm-b2d">
         <name>__mspabi_srll</name>
         <value>0x6762</value>
         <object_component_ref idref="oc-451"/>
      </symbol>
      <symbol id="sm-b36">
         <name>__mspabi_subd</name>
         <value>0x13f10</value>
         <object_component_ref idref="oc-4bf"/>
      </symbol>
      <symbol id="sm-b3f">
         <name>_stack</name>
         <value>0x2360</value>
         <object_component_ref idref="oc-da"/>
      </symbol>
      <symbol id="sm-b40">
         <name>_reset_vector</name>
         <value>0xfffe</value>
         <object_component_ref idref="oc-dd"/>
      </symbol>
      <symbol id="sm-b5d">
         <name>_auto_init_hold_wdt</name>
         <value>0x1318c</value>
         <object_component_ref idref="oc-158"/>
      </symbol>
      <symbol id="sm-b68">
         <name>_c_int00_noargs_noexit_mpu</name>
         <value>0x61d0</value>
         <object_component_ref idref="oc-bc"/>
      </symbol>
      <symbol id="sm-b71">
         <name>__mpu_init</name>
         <value>0x6514</value>
         <object_component_ref idref="oc-16b"/>
      </symbol>
      <symbol id="sm-b7a">
         <name>_system_pre_init</name>
         <value>0x6812</value>
         <object_component_ref idref="oc-152"/>
      </symbol>
      <symbol id="sm-b85">
         <name>C$$EXIT</name>
         <value>0x6816</value>
         <object_component_ref idref="oc-17a"/>
      </symbol>
      <symbol id="sm-b86">
         <name>abort</name>
         <value>0x6816</value>
         <object_component_ref idref="oc-17a"/>
      </symbol>
      <symbol id="sm-b9d">
         <name>_nop</name>
         <value>0x681a</value>
         <object_component_ref idref="oc-2ab"/>
      </symbol>
      <symbol id="sm-b9e">
         <name>_lock</name>
         <value>0x2190</value>
         <object_component_ref idref="oc-215"/>
      </symbol>
      <symbol id="sm-b9f">
         <name>_unlock</name>
         <value>0x2194</value>
         <object_component_ref idref="oc-21e"/>
      </symbol>
      <symbol id="sm-bb3">
         <name>memcpy</name>
         <value>0x64ea</value>
         <object_component_ref idref="oc-de"/>
      </symbol>
      <symbol id="sm-bcb">
         <name>sqrt</name>
         <value>0x1218c</value>
         <object_component_ref idref="oc-341"/>
      </symbol>
      <symbol id="sm-bea">
         <name>_Dscale</name>
         <value>0x1251c</value>
         <object_component_ref idref="oc-441"/>
      </symbol>
      <symbol id="sm-bfd">
         <name>_Dnorm</name>
         <value>0x1283e</value>
         <object_component_ref idref="oc-4f2"/>
      </symbol>
      <symbol id="sm-c0f">
         <name>_Dunscale</name>
         <value>0x134f2</value>
         <object_component_ref idref="oc-429"/>
      </symbol>
      <symbol id="sm-c1b">
         <name>_Feraise</name>
         <value>0x13dac</value>
         <object_component_ref idref="oc-447"/>
      </symbol>
      <symbol id="sm-c22">
         <name>_Errno</name>
         <value>0x219e</value>
         <object_component_ref idref="oc-52f"/>
      </symbol>
      <symbol id="sm-c29">
         <name>_Rteps</name>
         <value>0x213c</value>
         <object_component_ref idref="oc-44d"/>
      </symbol>
      <symbol id="sm-c2a">
         <name>_Zero</name>
         <value>0x2154</value>
         <object_component_ref idref="oc-44d"/>
      </symbol>
      <symbol id="sm-c2b">
         <name>_Hugeval</name>
         <value>0x20fc</value>
         <object_component_ref idref="oc-44d"/>
      </symbol>
      <symbol id="sm-c2c">
         <name>_Snan</name>
         <value>0x212c</value>
         <object_component_ref idref="oc-44d"/>
      </symbol>
      <symbol id="sm-c2d">
         <name>_Nan</name>
         <value>0x211c</value>
         <object_component_ref idref="oc-44d"/>
      </symbol>
      <symbol id="sm-c2e">
         <name>_Inf</name>
         <value>0x210c</value>
         <object_component_ref idref="oc-44d"/>
      </symbol>
      <symbol id="sm-c2f">
         <name>_Xbig</name>
         <value>0x214c</value>
         <object_component_ref idref="oc-44d"/>
      </symbol>
      <symbol id="sm-c30">
         <name>_Eps</name>
         <value>0x20ec</value>
         <object_component_ref idref="oc-44d"/>
      </symbol>
      <symbol id="sm-c31">
         <name>_Denorm</name>
         <value>0x20dc</value>
         <object_component_ref idref="oc-44d"/>
      </symbol>
      <symbol id="sm-c3a">
         <name>__mspabi_negd</name>
         <value>0x6282</value>
         <object_component_ref idref="oc-521"/>
      </symbol>
      <symbol id="sm-c43">
         <name>__mspabi_slli</name>
         <value>0x67c4</value>
         <object_component_ref idref="oc-51c"/>
      </symbol>
      <symbol id="sm-c4c">
         <name>__mspabi_srli</name>
         <value>0x67ce</value>
         <object_component_ref idref="oc-517"/>
      </symbol>
      <symbol id="sm-c64">
         <name>feraiseexcept</name>
         <value>0x13de2</value>
         <object_component_ref idref="oc-529"/>
      </symbol>
      <symbol id="sm-c65">
         <name>_Tls_setup__Fenv</name>
         <value>0x2184</value>
         <object_component_ref idref="oc-585"/>
      </symbol>
      <symbol id="sm-c66">
         <name>_Fenv</name>
         <value>0x2180</value>
         <object_component_ref idref="oc-585"/>
      </symbol>
      <symbol id="sm-c7a">
         <name>raise</name>
         <value>0x13f42</value>
         <object_component_ref idref="oc-588"/>
      </symbol>
      <symbol id="sm-c8f">
         <name>signal</name>
         <value>0x13c66</value>
         <object_component_ref idref="oc-5ab"/>
      </symbol>
      <symbol id="sm-c94">
         <name>__TI_INITARRAY_Base</name>
         <value>0x0</value>
      </symbol>
      <symbol id="sm-c95">
         <name>__TI_INITARRAY_Limit</name>
         <value>0x0</value>
      </symbol>
   </symbol_table>
   <title>Link successful</title>
</link_info>
