******************************************************************************
                  MSP430 Linker PC v4.4.6                      
******************************************************************************
>> Linked Thu Nov 19 19:59:39 2015

OUTPUT FILE NAME:   <MSP_Launchpad_Booster_LED.out>
ENTRY POINT SYMBOL: "_c_int00_noargs_noexit_mpu"  address: 000061bc


MEMORY CONFIGURATION

         name            origin    length      used     unused   attr    fill
----------------------  --------  ---------  --------  --------  ----  --------
  SFR                   00000000   00000010  00000000  00000010  RWIX
  PERIPHERALS_8BIT      00000010   000000f0  00000000  000000f0  RWIX
  PERIPHERALS_16BIT     00000100   00000100  00000000  00000100  RWIX
  INFOD                 00001800   00000080  00000000  00000080  RWIX
  INFOC                 00001880   00000080  00000000  00000080  RWIX
  INFOB                 00001900   00000080  00000000  00000080  RWIX
  INFOA                 00001980   00000080  00000000  00000080  RWIX
  RAM                   00001c00   00000800  00000640  000001c0  RWIX
  FRAM_VARS             00004400   00001c00  00000fa0  00000c60  RWIX
  FRAM                  00006000   00009f80  0000056a  00009a16  RWIX
  JTAGSIGNATURE         0000ff80   00000004  00000004  00000000  RWIX  ffff 
  BSLSIGNATURE          0000ff84   00000004  00000004  00000000  RWIX  ffff 
  IPESIGNATURE          0000ff88   00000008  00000008  00000000  RWIX  ffff 
  INT00                 0000ff90   00000002  00000000  00000002  RWIX
  INT01                 0000ff92   00000002  00000000  00000002  RWIX
  INT02                 0000ff94   00000002  00000000  00000002  RWIX
  INT03                 0000ff96   00000002  00000000  00000002  RWIX
  INT04                 0000ff98   00000002  00000000  00000002  RWIX
  INT05                 0000ff9a   00000002  00000000  00000002  RWIX
  INT06                 0000ff9c   00000002  00000000  00000002  RWIX
  INT07                 0000ff9e   00000002  00000000  00000002  RWIX
  INT08                 0000ffa0   00000002  00000000  00000002  RWIX
  INT09                 0000ffa2   00000002  00000000  00000002  RWIX
  INT10                 0000ffa4   00000002  00000000  00000002  RWIX
  INT11                 0000ffa6   00000002  00000000  00000002  RWIX
  INT12                 0000ffa8   00000002  00000000  00000002  RWIX
  INT13                 0000ffaa   00000002  00000000  00000002  RWIX
  INT14                 0000ffac   00000002  00000000  00000002  RWIX
  INT15                 0000ffae   00000002  00000000  00000002  RWIX
  INT16                 0000ffb0   00000002  00000000  00000002  RWIX
  INT17                 0000ffb2   00000002  00000000  00000002  RWIX
  INT18                 0000ffb4   00000002  00000000  00000002  RWIX
  INT19                 0000ffb6   00000002  00000000  00000002  RWIX
  INT20                 0000ffb8   00000002  00000000  00000002  RWIX
  INT21                 0000ffba   00000002  00000000  00000002  RWIX
  INT22                 0000ffbc   00000002  00000000  00000002  RWIX
  INT23                 0000ffbe   00000002  00000000  00000002  RWIX
  INT24                 0000ffc0   00000002  00000000  00000002  RWIX
  INT25                 0000ffc2   00000002  00000000  00000002  RWIX
  INT26                 0000ffc4   00000002  00000000  00000002  RWIX
  INT27                 0000ffc6   00000002  00000000  00000002  RWIX
  INT28                 0000ffc8   00000002  00000000  00000002  RWIX
  INT29                 0000ffca   00000002  00000000  00000002  RWIX
  INT30                 0000ffcc   00000002  00000002  00000000  RWIX
  INT31                 0000ffce   00000002  00000002  00000000  RWIX
  INT32                 0000ffd0   00000002  00000002  00000000  RWIX
  INT33                 0000ffd2   00000002  00000002  00000000  RWIX
  INT34                 0000ffd4   00000002  00000002  00000000  RWIX
  INT35                 0000ffd6   00000002  00000002  00000000  RWIX
  INT36                 0000ffd8   00000002  00000002  00000000  RWIX
  INT37                 0000ffda   00000002  00000002  00000000  RWIX
  INT38                 0000ffdc   00000002  00000002  00000000  RWIX
  INT39                 0000ffde   00000002  00000002  00000000  RWIX
  INT40                 0000ffe0   00000002  00000002  00000000  RWIX
  INT41                 0000ffe2   00000002  00000002  00000000  RWIX
  INT42                 0000ffe4   00000002  00000002  00000000  RWIX
  INT43                 0000ffe6   00000002  00000002  00000000  RWIX
  INT44                 0000ffe8   00000002  00000002  00000000  RWIX
  INT45                 0000ffea   00000002  00000002  00000000  RWIX
  INT46                 0000ffec   00000002  00000002  00000000  RWIX
  INT47                 0000ffee   00000002  00000002  00000000  RWIX
  INT48                 0000fff0   00000002  00000002  00000000  RWIX
  INT49                 0000fff2   00000002  00000002  00000000  RWIX
  INT50                 0000fff4   00000002  00000002  00000000  RWIX
  INT51                 0000fff6   00000002  00000002  00000000  RWIX
  INT52                 0000fff8   00000002  00000002  00000000  RWIX
  INT53                 0000fffa   00000002  00000002  00000000  RWIX
  INT54                 0000fffc   00000002  00000002  00000000  RWIX
  RESET                 0000fffe   00000002  00000002  00000000  RWIX
  FRAM2                 00010000   00004000  00003f5e  000000a2  RWIX


SECTION ALLOCATION MAP

 output                                  attributes/
section   page    origin      length       input sections
--------  ----  ----------  ----------   ----------------
.bss       0    00001c00    0000042c     UNINITIALIZED
                  00001c00    00000200     (.common:RX_Buffer)
                  00001e00    00000200     (.common:TX_Buffer)
                  00002000    00000020     (.common:LEDs)
                  00002020    00000006     (.common:ADC_Counts)
                  00002026    00000006     (.common:ADC_Midpoint_Offset)

.data      0    0000202c    00000174     UNINITIALIZED
                  0000202c    000000b0     rts430x_lc_ld_eabi.lib : signal.obj (.data:sigtable)
                  000020dc    00000080                            : xvalues.obj (.data)
                  0000215c    00000024     SYSTEM.obj (.data)
                  00002180    00000008     rts430x_lc_ld_eabi.lib : feraiseexcept.obj (.data)
                  00002188    00000007     UART.obj (.data)
                  0000218f    00000001     SPI.obj (.data)
                  00002190    00000004     rts430x_lc_ld_eabi.lib : _lock.obj (.data:_lock)
                  00002194    00000004                            : _lock.obj (.data:_unlock)
                  00002198    00000003     ADC.obj (.data)
                  0000219b    00000001     TLC5940.obj (.data)
                  0000219c    00000002     PROCESSING.obj (.data)
                  0000219e    00000002     rts430x_lc_ld_eabi.lib : errno.obj (.data)

.stack     0    00002360    000000a0     UNINITIALIZED
                  00002360    00000004     rts430x_lc_ld_eabi.lib : boot.obj (.stack)
                  00002364    0000009c     --HOLE--

.fram_vars 
*          0    00004400    00000fa0     UNINITIALIZED
                  00004400    00000fa0     PROCESSING.obj (.fram_vars)

.TI.persistent 
*          0    00006000    00000000     UNINITIALIZED

.cio       0    00006000    00000000     UNINITIALIZED

.sysmem    0    00006000    00000000     UNINITIALIZED

.text:_isr 
*          0    00006000    00000248     
                  00006000    000000be     INTERRUPTS.obj (.text:_isr:USCI_A1_ISR)
                  000060be    00000042     INTERRUPTS.obj (.text:_isr:Port1_ISR)
                  00006100    00000042     INTERRUPTS.obj (.text:_isr:USCI_B0_ISR)
                  00006142    00000038     INTERRUPTS.obj (.text:_isr:Port4_ISR)
                  0000617a    00000022     INTERRUPTS.obj (.text:_isr:TIMER1_A0_ISR)
                  0000619c    00000020     INTERRUPTS.obj (.text:_isr:TIMER0_A0_ISR)
                  000061bc    0000001e     rts430x_lc_ld_eabi.lib : boot_special.obj (.text:_isr:_c_int00_noargs_noexit_mpu)
                  000061da    0000001c     INTERRUPTS.obj (.text:_isr:ADC12_ISR)
                  000061f6    0000000e     INTERRUPTS.obj (.text:_isr:TIMER0_A1_ISR)
                  00006204    0000000e     INTERRUPTS.obj (.text:_isr:TIMER1_A1_ISR)
                  00006212    0000000e     INTERRUPTS.obj (.text:_isr:Timer0_B1_ISR)
                  00006220    0000000e     INTERRUPTS.obj (.text:_isr:Timer2_A0_ISR)
                  0000622e    0000000e     INTERRUPTS.obj (.text:_isr:Timer2_A1_ISR)
                  0000623c    00000006     INTERRUPTS.obj (.text:_isr:Timer0_B0_ISR)
                  00006242    00000006     rts430x_lc_ld_eabi.lib : isr_trap.obj (.text:_isr:__TI_ISR_TRAP)

.ipestruct 
*          0    00006000    00000000     UNINITIALIZED

.ipe       0    00006000    00000000     UNINITIALIZED

.ipe:_isr 
*          0    00006000    00000000     UNINITIALIZED

.ipe_vars 
*          0    00006000    00000000     UNINITIALIZED

.cinit     0    000064f2    00000078     
                  000064f2    00000056     (.cinit..data.load) [load image, compression = rle]
                  00006548    0000000c     (__TI_handler_table)
                  00006554    00000006     (.cinit..bss.load) [load image, compression = zero_init]
                  0000655a    00000010     (__TI_cinit_table)

.init_array 
*          0    00006000    00000000     UNINITIALIZED

.const     0    00006248    000002aa     
                  00006248    00000240     UART.obj (.const:Table_UCBRSx)
                  00006488    0000006a     UART.obj (.const:.string)

$fill000   0    0000ff80    00000004     
                  0000ff80    00000004     --HOLE-- [fill = ffff]

$fill001   0    0000ff84    00000004     
                  0000ff84    00000004     --HOLE-- [fill = ffff]

$fill002   0    0000ff88    00000008     
                  0000ff88    00000008     --HOLE-- [fill = ffff]

AES256     0    0000ffcc    00000002     
                  0000ffcc    00000002     rts430x_lc_ld_eabi.lib : int30.obj (.int30)

RTC        0    0000ffce    00000002     
                  0000ffce    00000002     rts430x_lc_ld_eabi.lib : int31.obj (.int31)

PORT4      0    0000ffd0    00000002     
                  0000ffd0    00000002     INTERRUPTS.obj (.int32)

PORT3      0    0000ffd2    00000002     
                  0000ffd2    00000002     rts430x_lc_ld_eabi.lib : int33.obj (.int33)

TIMER3_A1 
*          0    0000ffd4    00000002     
                  0000ffd4    00000002     rts430x_lc_ld_eabi.lib : int34.obj (.int34)

TIMER3_A0 
*          0    0000ffd6    00000002     
                  0000ffd6    00000002     rts430x_lc_ld_eabi.lib : int35.obj (.int35)

PORT2      0    0000ffd8    00000002     
                  0000ffd8    00000002     rts430x_lc_ld_eabi.lib : int36.obj (.int36)

TIMER2_A1 
*          0    0000ffda    00000002     
                  0000ffda    00000002     INTERRUPTS.obj (.int37)

TIMER2_A0 
*          0    0000ffdc    00000002     
                  0000ffdc    00000002     INTERRUPTS.obj (.int38)

PORT1      0    0000ffde    00000002     
                  0000ffde    00000002     INTERRUPTS.obj (.int39)

TIMER1_A1 
*          0    0000ffe0    00000002     
                  0000ffe0    00000002     INTERRUPTS.obj (.int40)

TIMER1_A0 
*          0    0000ffe2    00000002     
                  0000ffe2    00000002     INTERRUPTS.obj (.int41)

DMA        0    0000ffe4    00000002     
                  0000ffe4    00000002     rts430x_lc_ld_eabi.lib : int42.obj (.int42)

USCI_A1    0    0000ffe6    00000002     
                  0000ffe6    00000002     INTERRUPTS.obj (.int43)

TIMER0_A1 
*          0    0000ffe8    00000002     
                  0000ffe8    00000002     INTERRUPTS.obj (.int44)

TIMER0_A0 
*          0    0000ffea    00000002     
                  0000ffea    00000002     INTERRUPTS.obj (.int45)

ADC12      0    0000ffec    00000002     
                  0000ffec    00000002     INTERRUPTS.obj (.int46)

USCI_B0    0    0000ffee    00000002     
                  0000ffee    00000002     INTERRUPTS.obj (.int47)

USCI_A0    0    0000fff0    00000002     
                  0000fff0    00000002     rts430x_lc_ld_eabi.lib : int48.obj (.int48)

WDT        0    0000fff2    00000002     
                  0000fff2    00000002     rts430x_lc_ld_eabi.lib : int49.obj (.int49)

TIMER0_B1 
*          0    0000fff4    00000002     
                  0000fff4    00000002     INTERRUPTS.obj (.int50)

TIMER0_B0 
*          0    0000fff6    00000002     
                  0000fff6    00000002     INTERRUPTS.obj (.int51)

COMP_E     0    0000fff8    00000002     
                  0000fff8    00000002     rts430x_lc_ld_eabi.lib : int52.obj (.int52)

UNMI       0    0000fffa    00000002     
                  0000fffa    00000002     rts430x_lc_ld_eabi.lib : int53.obj (.int53)

SYSNMI     0    0000fffc    00000002     
                  0000fffc    00000002     rts430x_lc_ld_eabi.lib : int54.obj (.int54)

.reset     0    0000fffe    00000002     
                  0000fffe    00000002     rts430x_lc_ld_eabi.lib : boot.obj (.reset)

.text      0    00010000    00003f5e     
                  00010000    000009e0     PROCESSING.obj (.text:PRO_ProcessData)
                  000109e0    00000452     rts430x_lc_ld_eabi.lib : frcdivd.obj (.text:__TI_frcdivd)
                  00010e32    000003c8     SYSTEM.obj (.text:SYS_CalculateClocks)
                  000111fa    000002e4     rts430x_lc_ld_eabi.lib : frcmpyd.obj (.text:__TI_frcmpyd)
                  000114de    000002d8                            : addd.obj (.text:__mspabi_addd)
                  000117b6    00000282                            : mpyd.obj (.text:__mspabi_mpyd)
                  00011a38    00000252                            : frcaddd.obj (.text:__TI_frcaddd)
                  00011c8a    00000222                            : divd.obj (.text:__mspabi_divd)
                  00011eac    000001f0                            : sqrt.obj (.text:sqrt)
                  0001209c    000001de     TLC5940.obj (.text:TLC_UpdateLEDs)
                  0001227a    0000019e     rts430x_lc_ld_eabi.lib : xdscale.obj (.text:_Dscale)
                  00012418    00000156     UART.obj (.text:UART_Parameters)
                  0001256e    00000100     rts430x_lc_ld_eabi.lib : xdnorm.obj (.text:_Dnorm)
                  0001266e    000000e0     LED.obj (.text:LED_DisplayShow)
                  0001274e    000000e0     TLC5940.obj (.text:TLC_SetLEDsLinear)
                  0001282e    000000d8     rts430x_lc_ld_eabi.lib : cmpd.obj (.text:__mspabi_cmpd)
                  00012906    000000d2     UART.obj (.text:UART_LookupUCBRSx)
                  000129d8    000000cc     UART.obj (.text:UART_PrintBanner)
                  00012aa4    000000b2     rts430x_lc_ld_eabi.lib : renormd.obj (.text:__TI_renormd)
                  00012b56    000000a6     USER.obj (.text:Init_App)
                  00012bfc    000000a4     SPI.obj (.text:SPI_SetParametersB)
                  00012ca0    00000096     PROCESSING.obj (.text:PRO_AddToProcessBuffer)
                  00012d36    00000094     FILTER.obj (.text:FTR_SetCutoff)
                  00012dca    00000094     rts430x_lc_ld_eabi.lib : fltlid.obj (.text:__mspabi_fltlid)
                  00012e5e    00000092     ADC.obj (.text:Init_ADC)
                  00012ef0    00000092     rts430x_lc_ld_eabi.lib : autoinit_wdt.obj (.text:_auto_init_hold_wdt)
                  00012f82    0000008e     ADC.obj (.text:ADC_SetReference)
                  00013010    00000086     main.obj (.text:main)
                  00013096    00000076     rts430x_lc_ld_eabi.lib : fltuld.obj (.text:__mspabi_fltuld)
                  0001310c    00000072                            : xdunscal.obj (.text:_Dunscale)
                  0001317e    00000068     UART.obj (.text:Init_UART)
                  000131e6    00000068     rts430x_lc_ld_eabi.lib : copy_decompress_rle.obj (.text:__TI_decompress_rle_core)
                  0001324e    00000068                            : fixdul.obj (.text:__mspabi_fixdul)
                  000132b6    00000066                            : fixdli.obj (.text:__mspabi_fixdli)
                  0001331c    00000064     TLC5940.obj (.text:TLC_SetLEDs)
                  00013380    0000005c     SYSTEM.obj (.text:SYS_ConfigureOscillator)
                  000133dc    00000058     rts430x_lc_ld_eabi.lib : div32u.obj (.text)
                  00013434    00000054     SPI.obj (.text:Init_SPI)
                  00013488    0000004e     TIMERS.obj (.text:TMR_ModeTimerA0)
                  000134d6    0000004e     TIMERS.obj (.text:TMR_ModeTimerA1)
                  00013524    0000004e     TIMERS.obj (.text:TMR_ModeTimerA2)
                  00013572    0000004e     TIMERS.obj (.text:TMR_ModeTimerB0)
                  000135c0    00000048     ADC.obj (.text:ADC_Sample)
                  00013608    00000044     MISC.obj (.text:MSC_ABS)
                  0001364c    0000003e     rts430x_lc_ld_eabi.lib : asr32.obj (.text:l_asr_const)
                  0001368a    0000003e                            : lsl32.obj (.text:l_lsl_const)
                  000136c8    0000003e                            : lsr32.obj (.text:l_lsr_const)
                  00013706    0000003a     SPI.obj (.text:SPI_WriteB)
                  00013740    00000038     ADC.obj (.text:ADC_Module)
                  00013778    00000038     rts430x_lc_ld_eabi.lib : signal.obj (.text:signal)
                  000137b0    00000036     TIMERS.obj (.text:Init_TimerB0)
                  000137e6    00000036     rts430x_lc_ld_eabi.lib : xferaise.obj (.text:_Feraise)
                  0001381c    00000034     BUTTON.obj (.text:Init_Buttons)
                  00013850    00000034     rts430x_lc_ld_eabi.lib : feraiseexcept.obj (.text:feraiseexcept)
                  00013884    00000032     TLC5940.obj (.text:Init_TLC5940)
                  000138b6    00000032     TIMERS.obj (.text:Init_TimerA0)
                  000138e8    00000032     TIMERS.obj (.text:Init_TimerA1)
                  0001391a    00000032     TIMERS.obj (.text:Init_TimerA2)
                  0001394c    00000032     rts430x_lc_ld_eabi.lib : subd.obj (.text:__mspabi_subd)
                  0001397e    00000032                            : raise.obj (.text:raise)
                  000139b0    00000030     ADC.obj (.text:ADC_SetMidpointOffset)
                  000139e0    0000002e     rts430x_lc_ld_eabi.lib : negd.obj (.text:__mspabi_negd)
                  00013a0e    0000002c     USER.obj (.text:Init_System)
                  00013a3a    0000002c     rts430x_lc_ld_eabi.lib : div16s.obj (.text)
                  00013a66    0000002a                            : memcpy.obj (.text:memcpy)
                  00013a90    00000028     MSPMPU_INIT_LIB_CCS_msp430_large_code_large_data.lib : mpu_init.o (.text:__mpu_init)
                  00013ab8    00000028     rts430x_lc_ld_eabi.lib : fixdi.obj (.text:__mspabi_fixdi)
                  00013ae0    00000026     FILTER.obj (.text:FTR_CLK)
                  00013b06    00000026     FILTER.obj (.text:Init_Filter)
                  00013b2c    00000026     TLC5940.obj (.text:TLC_GSCLK)
                  00013b52    00000024     BUTTON.obj (.text:BUT_Button1Interrupt)
                  00013b76    00000024     LED.obj (.text:LED_Red)
                  00013b9a    00000024     MISC.obj (.text:MSC_Round)
                  00013bbe    00000024     TLC5940.obj (.text:TLC_XERRInterrupt)
                  00013be2    00000024     rts430x_lc_ld_eabi.lib : copy_zero_init.obj (.text:decompress:ZI:__TI_zero_init)
                  00013c06    00000022     SPI.obj (.text:SPI_ModuleB)
                  00013c28    00000022     SPI.obj (.text:SPI_ModuleInterruptsB)
                  00013c4a    00000022     UART.obj (.text:UART_ReceiveInterrupt)
                  00013c6c    00000022     UART.obj (.text:UART_TransmitInterrupt)
                  00013c8e    00000022     rts430x_lc_ld_eabi.lib : mult32_f5hw.obj (.text)
                  00013cb0    0000001e     ADC.obj (.text:ADC_EnableConversion)
                  00013cce    0000001e     ADC.obj (.text:ADC_Interrupt)
                  00013cec    0000001e     BUTTON.obj (.text:BUT_Button2Interrupt)
                  00013d0a    0000001e     LED.obj (.text:LED_Green)
                  00013d28    0000001e     TIMERS.obj (.text:TMR_InterruptTimerA0)
                  00013d46    0000001e     TIMERS.obj (.text:TMR_InterruptTimerA1)
                  00013d64    0000001e     TIMERS.obj (.text:TMR_InterruptTimerA2)
                  00013d82    0000001e     TIMERS.obj (.text:TMR_InterruptTimerB0)
                  00013da0    0000001e     UART.obj (.text:UART_Module)
                  00013dbe    0000001e     UART.obj (.text:UART_SendChar)
                  00013ddc    0000001e     UART.obj (.text:UART_Sleep)
                  00013dfa    0000001c     MISC.obj (.text:MSC_DelayUS)
                  00013e16    00000018     ADC.obj (.text:ADC_SampleWait)
                  00013e2e    00000016     rts430x_lc_ld_eabi.lib : copy_decompress_none.obj (.text:decompress:none:__TI_decompress_none)
                  00013e44    00000016                            : div16u.obj (.text)
                  00013e5a    00000016                            : mult16_f5hw.obj (.text)
                  00013e70    00000012     ADC.obj (.text:ADC_Read)
                  00013e82    00000012     MISC.obj (.text:MSC_CleanBuffer)
                  00013e94    00000010     TIMERS.obj (.text:Init_Timers)
                  00013ea4    00000010     TLC5940.obj (.text:TLC_Blank)
                  00013eb4    00000010     TLC5940.obj (.text:TLC_XLAT)
                  00013ec4    00000010     rts430x_lc_ld_eabi.lib : asr32.obj (.text:l_asr)
                  00013ed4    00000010                            : lsl32.obj (.text:l_lsl)
                  00013ee4    00000010                            : lsr32.obj (.text:l_lsr)
                  00013ef4    0000000e     MISC.obj (.text:MSC_ABSL)
                  00013f02    0000000c     PROCESSING.obj (.text:PRO_ClearProcessBuffer)
                  00013f0e    0000000c     rts430x_lc_ld_eabi.lib : fltid.obj (.text:__mspabi_fltid)
                  00013f1a    0000000a                            : lsl16.obj (.text)
                  00013f24    0000000a                            : lsr16.obj (.text)
                  00013f2e    00000008     MISC.obj (.text:MSC_Test0Toggle)
                  00013f36    00000006     TIMERS.obj (.text:TMR_ResetTimerA0)
                  00013f3c    00000006     TIMERS.obj (.text:TMR_ResetTimerA1)
                  00013f42    00000006     TIMERS.obj (.text:TMR_ResetTimerB0)
                  00013f48    00000006     TIMERS.obj (.text:TMR_SetTimerB0)
                  00013f4e    00000006     rts430x_lc_ld_eabi.lib : copy_decompress_rle.obj (.text:decompress:rle24:__TI_decompress_rle24)
                  00013f54    00000004                            : pre_init.obj (.text:_system_pre_init)
                  00013f58    00000004                            : exit.obj (.text:abort)
                  00013f5c    00000002                            : _lock.obj (.text:_nop)


LINKER GENERATED COPY TABLES

__TI_cinit_table @ 0000655a records: 2, size/record: 8, table size: 16
	.data: load addr=000064f2, load size=00000056 bytes, run addr=0000202c, run size=00000174 bytes, compression=rle
	.bss: load addr=00006554, load size=00000006 bytes, run addr=00001c00, run size=0000042c bytes, compression=zero_init


LINKER GENERATED HANDLER TABLE

__TI_handler_table @ 00006548 records: 3, size/record: 4, table size: 12
	index: 0, handler: __TI_zero_init
	index: 1, handler: __TI_decompress_rle24
	index: 2, handler: __TI_decompress_none


GLOBAL SYMBOLS: SORTED ALPHABETICALLY BY Name 

address   name                      
-------   ----                      
0000215c  ACLK_Freq                 
00000800  ADC12CTL0                 
00000801  ADC12CTL0_H               
00000800  ADC12CTL0_L               
00000802  ADC12CTL1                 
00000803  ADC12CTL1_H               
00000802  ADC12CTL1_L               
00000804  ADC12CTL2                 
00000805  ADC12CTL2_H               
00000804  ADC12CTL2_L               
00000806  ADC12CTL3                 
00000807  ADC12CTL3_H               
00000806  ADC12CTL3_L               
0000080a  ADC12HI                   
0000080b  ADC12HI_H                 
0000080a  ADC12HI_L                 
00000812  ADC12IER0                 
00000813  ADC12IER0_H               
00000812  ADC12IER0_L               
00000814  ADC12IER1                 
00000815  ADC12IER1_H               
00000814  ADC12IER1_L               
00000816  ADC12IER2                 
00000817  ADC12IER2_H               
00000816  ADC12IER2_L               
0000080c  ADC12IFGR0                
0000080d  ADC12IFGR0_H              
0000080c  ADC12IFGR0_L              
0000080e  ADC12IFGR1                
0000080f  ADC12IFGR1_H              
0000080e  ADC12IFGR1_L              
00000810  ADC12IFGR2                
00000811  ADC12IFGR2_H              
00000810  ADC12IFGR2_L              
00000818  ADC12IV                   
00000819  ADC12IV_H                 
00000818  ADC12IV_L                 
00000808  ADC12LO                   
00000809  ADC12LO_H                 
00000808  ADC12LO_L                 
00000820  ADC12MCTL0                
00000821  ADC12MCTL0_H              
00000820  ADC12MCTL0_L              
00000822  ADC12MCTL1                
00000834  ADC12MCTL10               
00000835  ADC12MCTL10_H             
00000834  ADC12MCTL10_L             
00000836  ADC12MCTL11               
00000837  ADC12MCTL11_H             
00000836  ADC12MCTL11_L             
00000838  ADC12MCTL12               
00000839  ADC12MCTL12_H             
00000838  ADC12MCTL12_L             
0000083a  ADC12MCTL13               
0000083b  ADC12MCTL13_H             
0000083a  ADC12MCTL13_L             
0000083c  ADC12MCTL14               
0000083d  ADC12MCTL14_H             
0000083c  ADC12MCTL14_L             
0000083e  ADC12MCTL15               
0000083f  ADC12MCTL15_H             
0000083e  ADC12MCTL15_L             
00000840  ADC12MCTL16               
00000841  ADC12MCTL16_H             
00000840  ADC12MCTL16_L             
00000842  ADC12MCTL17               
00000843  ADC12MCTL17_H             
00000842  ADC12MCTL17_L             
00000844  ADC12MCTL18               
00000845  ADC12MCTL18_H             
00000844  ADC12MCTL18_L             
00000846  ADC12MCTL19               
00000847  ADC12MCTL19_H             
00000846  ADC12MCTL19_L             
00000823  ADC12MCTL1_H              
00000822  ADC12MCTL1_L              
00000824  ADC12MCTL2                
00000848  ADC12MCTL20               
00000849  ADC12MCTL20_H             
00000848  ADC12MCTL20_L             
0000084a  ADC12MCTL21               
0000084b  ADC12MCTL21_H             
0000084a  ADC12MCTL21_L             
0000084c  ADC12MCTL22               
0000084d  ADC12MCTL22_H             
0000084c  ADC12MCTL22_L             
0000084e  ADC12MCTL23               
0000084f  ADC12MCTL23_H             
0000084e  ADC12MCTL23_L             
00000850  ADC12MCTL24               
00000851  ADC12MCTL24_H             
00000850  ADC12MCTL24_L             
00000852  ADC12MCTL25               
00000853  ADC12MCTL25_H             
00000852  ADC12MCTL25_L             
00000854  ADC12MCTL26               
00000855  ADC12MCTL26_H             
00000854  ADC12MCTL26_L             
00000856  ADC12MCTL27               
00000857  ADC12MCTL27_H             
00000856  ADC12MCTL27_L             
00000858  ADC12MCTL28               
00000859  ADC12MCTL28_H             
00000858  ADC12MCTL28_L             
0000085a  ADC12MCTL29               
0000085b  ADC12MCTL29_H             
0000085a  ADC12MCTL29_L             
00000825  ADC12MCTL2_H              
00000824  ADC12MCTL2_L              
00000826  ADC12MCTL3                
0000085c  ADC12MCTL30               
0000085d  ADC12MCTL30_H             
0000085c  ADC12MCTL30_L             
0000085e  ADC12MCTL31               
0000085f  ADC12MCTL31_H             
0000085e  ADC12MCTL31_L             
00000827  ADC12MCTL3_H              
00000826  ADC12MCTL3_L              
00000828  ADC12MCTL4                
00000829  ADC12MCTL4_H              
00000828  ADC12MCTL4_L              
0000082a  ADC12MCTL5                
0000082b  ADC12MCTL5_H              
0000082a  ADC12MCTL5_L              
0000082c  ADC12MCTL6                
0000082d  ADC12MCTL6_H              
0000082c  ADC12MCTL6_L              
0000082e  ADC12MCTL7                
0000082f  ADC12MCTL7_H              
0000082e  ADC12MCTL7_L              
00000830  ADC12MCTL8                
00000831  ADC12MCTL8_H              
00000830  ADC12MCTL8_L              
00000832  ADC12MCTL9                
00000833  ADC12MCTL9_H              
00000832  ADC12MCTL9_L              
00000860  ADC12MEM0                 
00000861  ADC12MEM0_H               
00000860  ADC12MEM0_L               
00000862  ADC12MEM1                 
00000874  ADC12MEM10                
00000875  ADC12MEM10_H              
00000874  ADC12MEM10_L              
00000876  ADC12MEM11                
00000877  ADC12MEM11_H              
00000876  ADC12MEM11_L              
00000878  ADC12MEM12                
00000879  ADC12MEM12_H              
00000878  ADC12MEM12_L              
0000087a  ADC12MEM13                
0000087b  ADC12MEM13_H              
0000087a  ADC12MEM13_L              
0000087c  ADC12MEM14                
0000087d  ADC12MEM14_H              
0000087c  ADC12MEM14_L              
0000087e  ADC12MEM15                
0000087f  ADC12MEM15_H              
0000087e  ADC12MEM15_L              
00000880  ADC12MEM16                
00000881  ADC12MEM16_H              
00000880  ADC12MEM16_L              
00000882  ADC12MEM17                
00000883  ADC12MEM17_H              
00000882  ADC12MEM17_L              
00000884  ADC12MEM18                
00000885  ADC12MEM18_H              
00000884  ADC12MEM18_L              
00000886  ADC12MEM19                
00000887  ADC12MEM19_H              
00000886  ADC12MEM19_L              
00000863  ADC12MEM1_H               
00000862  ADC12MEM1_L               
00000864  ADC12MEM2                 
00000888  ADC12MEM20                
00000889  ADC12MEM20_H              
00000888  ADC12MEM20_L              
0000088a  ADC12MEM21                
0000088b  ADC12MEM21_H              
0000088a  ADC12MEM21_L              
0000088c  ADC12MEM22                
0000088d  ADC12MEM22_H              
0000088c  ADC12MEM22_L              
0000088e  ADC12MEM23                
0000088f  ADC12MEM23_H              
0000088e  ADC12MEM23_L              
00000890  ADC12MEM24                
00000891  ADC12MEM24_H              
00000890  ADC12MEM24_L              
00000892  ADC12MEM25                
00000893  ADC12MEM25_H              
00000892  ADC12MEM25_L              
00000894  ADC12MEM26                
00000895  ADC12MEM26_H              
00000894  ADC12MEM26_L              
00000896  ADC12MEM27                
00000897  ADC12MEM27_H              
00000896  ADC12MEM27_L              
00000898  ADC12MEM28                
00000899  ADC12MEM28_H              
00000898  ADC12MEM28_L              
0000089a  ADC12MEM29                
0000089b  ADC12MEM29_H              
0000089a  ADC12MEM29_L              
00000865  ADC12MEM2_H               
00000864  ADC12MEM2_L               
00000866  ADC12MEM3                 
0000089c  ADC12MEM30                
0000089d  ADC12MEM30_H              
0000089c  ADC12MEM30_L              
0000089e  ADC12MEM31                
0000089f  ADC12MEM31_H              
0000089e  ADC12MEM31_L              
00000867  ADC12MEM3_H               
00000866  ADC12MEM3_L               
00000868  ADC12MEM4                 
00000869  ADC12MEM4_H               
00000868  ADC12MEM4_L               
0000086a  ADC12MEM5                 
0000086b  ADC12MEM5_H               
0000086a  ADC12MEM5_L               
0000086c  ADC12MEM6                 
0000086d  ADC12MEM6_H               
0000086c  ADC12MEM6_L               
0000086e  ADC12MEM7                 
0000086f  ADC12MEM7_H               
0000086e  ADC12MEM7_L               
00000870  ADC12MEM8                 
00000871  ADC12MEM8_H               
00000870  ADC12MEM8_L               
00000872  ADC12MEM9                 
00000873  ADC12MEM9_H               
00000872  ADC12MEM9_L               
000061da  ADC12_ISR                 
00002020  ADC_Counts                
00013cb0  ADC_EnableConversion      
00013cce  ADC_Interrupt             
00002026  ADC_Midpoint_Offset       
00013740  ADC_Module                
00013e70  ADC_Read                  
00002198  ADC_Ready                 
000135c0  ADC_Sample                
00013e16  ADC_SampleWait            
000139b0  ADC_SetMidpointOffset     
00012f82  ADC_SetReference          
000009c0  AESACTL0                  
000009c1  AESACTL0_H                
000009c0  AESACTL0_L                
000009c2  AESACTL1                  
000009c3  AESACTL1_H                
000009c2  AESACTL1_L                
000009c8  AESADIN                   
000009c9  AESADIN_H                 
000009c8  AESADIN_L                 
000009ca  AESADOUT                  
000009cb  AESADOUT_H                
000009ca  AESADOUT_L                
000009c6  AESAKEY                   
000009c7  AESAKEY_H                 
000009c6  AESAKEY_L                 
000009c4  AESASTAT                  
000009c5  AESASTAT_H                
000009c4  AESASTAT_L                
000009cc  AESAXDIN                  
000009cd  AESAXDIN_H                
000009cc  AESAXDIN_L                
000009ce  AESAXIN                   
000009cf  AESAXIN_H                 
000009ce  AESAXIN_L                 
000004be  BCD2BIN                   
000004bc  BIN2BCD                   
00013b52  BUT_Button1Interrupt      
00013cec  BUT_Button2Interrupt      
0000218e  BreakReceived             
00013f58  C$$EXIT                   
0000043e  CAPTIO0CTL                
0000043f  CAPTIO0CTL_H              
0000043e  CAPTIO0CTL_L              
0000047e  CAPTIO1CTL                
0000047f  CAPTIO1CTL_H              
0000047e  CAPTIO1CTL_L              
000008c0  CECTL0                    
000008c1  CECTL0_H                  
000008c0  CECTL0_L                  
000008c2  CECTL1                    
000008c3  CECTL1_H                  
000008c2  CECTL1_L                  
000008c4  CECTL2                    
000008c5  CECTL2_H                  
000008c4  CECTL2_L                  
000008c6  CECTL3                    
000008c7  CECTL3_H                  
000008c6  CECTL3_L                  
000008cc  CEINT                     
000008cd  CEINT_H                   
000008cc  CEINT_L                   
000008ce  CEIV                      
000008cf  CEIV_H                    
000008ce  CEIV_L                    
00000150  CRCDI                     
00000152  CRCDIRB                   
00000153  CRCDIRB_H                 
00000152  CRCDIRB_L                 
00000151  CRCDI_H                   
00000150  CRCDI_L                   
00000154  CRCINIRES                 
00000155  CRCINIRES_H               
00000154  CRCINIRES_L               
00000156  CRCRESR                   
00000157  CRCRESR_H                 
00000156  CRCRESR_L                 
00000160  CSCTL0                    
00000161  CSCTL0_H                  
00000160  CSCTL0_L                  
00000162  CSCTL1                    
00000163  CSCTL1_H                  
00000162  CSCTL1_L                  
00000164  CSCTL2                    
00000165  CSCTL2_H                  
00000164  CSCTL2_L                  
00000166  CSCTL3                    
00000167  CSCTL3_H                  
00000166  CSCTL3_L                  
00000168  CSCTL4                    
00000169  CSCTL4_H                  
00000168  CSCTL4_L                  
0000016a  CSCTL5                    
0000016b  CSCTL5_H                  
0000016a  CSCTL5_L                  
0000016c  CSCTL6                    
0000016d  CSCTL6_H                  
0000016c  CSCTL6_L                  
00002199  CurrentChannel            
00002168  DCOCLK_Freq               
00000510  DMA0CTL                   
00000511  DMA0CTL_H                 
00000510  DMA0CTL_L                 
00000516  DMA0DA                    
00000518  DMA0DAH                   
00000516  DMA0DAL                   
00000512  DMA0SA                    
00000514  DMA0SAH                   
00000512  DMA0SAL                   
0000051a  DMA0SZ                    
00000520  DMA1CTL                   
00000521  DMA1CTL_H                 
00000520  DMA1CTL_L                 
00000526  DMA1DA                    
00000528  DMA1DAH                   
00000526  DMA1DAL                   
00000522  DMA1SA                    
00000524  DMA1SAH                   
00000522  DMA1SAL                   
0000052a  DMA1SZ                    
00000530  DMA2CTL                   
00000531  DMA2CTL_H                 
00000530  DMA2CTL_L                 
00000536  DMA2DA                    
00000538  DMA2DAH                   
00000536  DMA2DAL                   
00000532  DMA2SA                    
00000534  DMA2SAH                   
00000532  DMA2SAL                   
0000053a  DMA2SZ                    
00000500  DMACTL0                   
00000501  DMACTL0_H                 
00000500  DMACTL0_L                 
00000502  DMACTL1                   
00000503  DMACTL1_H                 
00000502  DMACTL1_L                 
00000504  DMACTL2                   
00000505  DMACTL2_H                 
00000504  DMACTL2_L                 
00000506  DMACTL3                   
00000507  DMACTL3_H                 
00000506  DMACTL3_L                 
00000508  DMACTL4                   
00000509  DMACTL4_H                 
00000508  DMACTL4_L                 
0000050e  DMAIV                     
0000050f  DMAIV_H                   
0000050e  DMAIV_L                   
00004400  DataBuffer                
00000140  FRCTL0                    
00000141  FRCTL0_H                  
00000140  FRCTL0_L                  
00013ae0  FTR_CLK                   
00012d36  FTR_SetCutoff             
0000219b  FadeDirection             
00000144  GCCTL0                    
00000145  GCCTL0_H                  
00000144  GCCTL0_L                  
00000146  GCCTL1                    
00000147  GCCTL1_H                  
00000146  GCCTL1_L                  
0000219c  GlobalVolume              
0000217c  HFXTCLK_Freq              
00012e5e  Init_ADC                  
00012b56  Init_App                  
0001381c  Init_Buttons              
00013b06  Init_Filter               
00013f02  Init_Processing           
00013434  Init_SPI                  
00013a0e  Init_System               
00013884  Init_TLC5940              
000138b6  Init_TimerA0              
000138e8  Init_TimerA1              
0001391a  Init_TimerA2              
000137b0  Init_TimerB0              
00013e94  Init_Timers               
0001317e  Init_UART                 
0001266e  LED_DisplayShow           
00013d0a  LED_Green                 
00013b76  LED_Red                   
00002000  LEDs                      
00002178  LFMODCLK_Freq             
00002170  LFXTCLK_Freq              
000004c4  MAC                       
000004da  MAC32H                    
000004db  MAC32H_H                  
000004da  MAC32H_L                  
000004d8  MAC32L                    
000004d9  MAC32L_H                  
000004d8  MAC32L_L                  
000004c6  MACS                      
000004de  MACS32H                   
000004df  MACS32H_H                 
000004de  MACS32H_L                 
000004dc  MACS32L                   
000004dd  MACS32L_H                 
000004dc  MACS32L_L                 
000004c7  MACS_H                    
000004c6  MACS_L                    
000004c5  MAC_H                     
000004c4  MAC_L                     
00002164  MCLK_Freq                 
00002174  MODCLK_Freq               
000005a0  MPUCTL0                   
000005a1  MPUCTL0_H                 
000005a0  MPUCTL0_L                 
000005a2  MPUCTL1                   
000005a3  MPUCTL1_H                 
000005a2  MPUCTL1_L                 
000005aa  MPUIPC0                   
000005ab  MPUIPC0_H                 
000005aa  MPUIPC0_L                 
000005ae  MPUIPSEGB1                
000005af  MPUIPSEGB1_H              
000005ae  MPUIPSEGB1_L              
000005ac  MPUIPSEGB2                
000005ad  MPUIPSEGB2_H              
000005ac  MPUIPSEGB2_L              
000005a8  MPUSAM                    
000005a9  MPUSAM_H                  
000005a8  MPUSAM_L                  
000005a6  MPUSEGB1                  
000005a7  MPUSEGB1_H                
000005a6  MPUSEGB1_L                
000005a4  MPUSEGB2                  
000005a5  MPUSEGB2_H                
000005a4  MPUSEGB2_L                
000004c0  MPY                       
000004ec  MPY32CTL0                 
000004ed  MPY32CTL0_H               
000004ec  MPY32CTL0_L               
000004d2  MPY32H                    
000004d3  MPY32H_H                  
000004d2  MPY32H_L                  
000004d0  MPY32L                    
000004d1  MPY32L_H                  
000004d0  MPY32L_L                  
000004c2  MPYS                      
000004d6  MPYS32H                   
000004d7  MPYS32H_H                 
000004d6  MPYS32H_L                 
000004d4  MPYS32L                   
000004d5  MPYS32L_H                 
000004d4  MPYS32L_L                 
000004c3  MPYS_H                    
000004c2  MPYS_L                    
000004c1  MPY_H                     
000004c0  MPY_L                     
00013608  MSC_ABS                   
00013ef4  MSC_ABSL                  
00013e82  MSC_CleanBuffer           
00013dfa  MSC_DelayUS               
00013b9a  MSC_Round                 
00013f2e  MSC_Test0Toggle           
000004c8  OP2                       
000004e2  OP2H                      
000004e3  OP2H_H                    
000004e2  OP2H_L                    
000004e0  OP2L                      
000004e1  OP2L_H                    
000004e0  OP2L_L                    
000004c9  OP2_H                     
000004c8  OP2_L                     
0000020e  P1IV                      
0000021e  P2IV                      
0000022e  P3IV                      
0000023e  P4IV                      
00000204  PADIR                     
00000205  PADIR_H                   
00000204  PADIR_L                   
0000021a  PAIE                      
00000218  PAIES                     
00000219  PAIES_H                   
00000218  PAIES_L                   
0000021b  PAIE_H                    
0000021a  PAIE_L                    
0000021c  PAIFG                     
0000021d  PAIFG_H                   
0000021c  PAIFG_L                   
00000200  PAIN                      
00000201  PAIN_H                    
00000200  PAIN_L                    
00000202  PAOUT                     
00000203  PAOUT_H                   
00000202  PAOUT_L                   
00000206  PAREN                     
00000207  PAREN_H                   
00000206  PAREN_L                   
0000020a  PASEL0                    
0000020b  PASEL0_H                  
0000020a  PASEL0_L                  
0000020c  PASEL1                    
0000020d  PASEL1_H                  
0000020c  PASEL1_L                  
00000216  PASELC                    
00000217  PASELC_H                  
00000216  PASELC_L                  
00000224  PBDIR                     
00000225  PBDIR_H                   
00000224  PBDIR_L                   
0000023a  PBIE                      
00000238  PBIES                     
00000239  PBIES_H                   
00000238  PBIES_L                   
0000023b  PBIE_H                    
0000023a  PBIE_L                    
0000023c  PBIFG                     
0000023d  PBIFG_H                   
0000023c  PBIFG_L                   
00000220  PBIN                      
00000221  PBIN_H                    
00000220  PBIN_L                    
00000222  PBOUT                     
00000223  PBOUT_H                   
00000222  PBOUT_L                   
00000226  PBREN                     
00000227  PBREN_H                   
00000226  PBREN_L                   
0000022a  PBSEL0                    
0000022b  PBSEL0_H                  
0000022a  PBSEL0_L                  
0000022c  PBSEL1                    
0000022d  PBSEL1_H                  
0000022c  PBSEL1_L                  
00000236  PBSELC                    
00000237  PBSELC_H                  
00000236  PBSELC_L                  
00000324  PJDIR                     
00000325  PJDIR_H                   
00000324  PJDIR_L                   
00000320  PJIN                      
00000321  PJIN_H                    
00000320  PJIN_L                    
00000322  PJOUT                     
00000323  PJOUT_H                   
00000322  PJOUT_L                   
00000326  PJREN                     
00000327  PJREN_H                   
00000326  PJREN_L                   
0000032a  PJSEL0                    
0000032b  PJSEL0_H                  
0000032a  PJSEL0_L                  
0000032c  PJSEL1                    
0000032d  PJSEL1_H                  
0000032c  PJSEL1_L                  
00000336  PJSELC                    
00000337  PJSELC_H                  
00000336  PJSELC_L                  
00000130  PM5CTL0                   
00000131  PM5CTL0_H                 
00000130  PM5CTL0_L                 
00000120  PMMCTL0                   
00000121  PMMCTL0_H                 
00000120  PMMCTL0_L                 
0000012a  PMMIFG                    
0000012b  PMMIFG_H                  
0000012a  PMMIFG_L                  
00012ca0  PRO_AddToProcessBuffer    
00013f02  PRO_ClearProcessBuffer    
00010000  PRO_ProcessData           
000060be  Port1_ISR                 
00006142  Port4_ISR                 
000001b0  REFCTL0                   
000001b1  REFCTL0_H                 
000001b0  REFCTL0_L                 
000004e4  RES0                      
000004e5  RES0_H                    
000004e4  RES0_L                    
000004e6  RES1                      
000004e7  RES1_H                    
000004e6  RES1_L                    
000004e8  RES2                      
000004e9  RES2_H                    
000004e8  RES2_L                    
000004ea  RES3                      
000004eb  RES3_H                    
000004ea  RES3_L                    
000004cc  RESHI                     
000004cd  RESHI_H                   
000004cc  RESHI_L                   
000004ca  RESLO                     
000004cb  RESLO_H                   
000004ca  RESLO_L                   
000004ba  RTCADOWDAY                
000004bb  RTCADOWDAY_H              
000004ba  RTCADOWDAY_L              
000004b8  RTCAMINHR                 
000004b9  RTCAMINHR_H               
000004b8  RTCAMINHR_L               
000004a0  RTCCTL01                  
000004a1  RTCCTL01_H                
000004a0  RTCCTL01_L                
000004a2  RTCCTL23                  
000004a3  RTCCTL23_H                
000004a2  RTCCTL23_L                
000004b4  RTCDATE                   
000004b5  RTCDATE_H                 
000004b4  RTCDATE_L                 
000004ae  RTCIV                     
000004ac  RTCPS                     
000004a8  RTCPS0CTL                 
000004a9  RTCPS0CTL_H               
000004a8  RTCPS0CTL_L               
000004aa  RTCPS1CTL                 
000004ab  RTCPS1CTL_H               
000004aa  RTCPS1CTL_L               
000004ad  RTCPS_H                   
000004ac  RTCPS_L                   
000004b0  RTCTIM0                   
000004b1  RTCTIM0_H                 
000004b0  RTCTIM0_L                 
000004b2  RTCTIM1                   
000004b3  RTCTIM1_H                 
000004b2  RTCTIM1_L                 
000004b6  RTCYEAR                   
000004b7  RTCYEAR_H                 
000004b6  RTCYEAR_L                 
00001c00  RX_Buffer                 
00002188  RX_Buffer_Place           
00000100  SFRIE1                    
00000101  SFRIE1_H                  
00000100  SFRIE1_L                  
00000102  SFRIFG1                   
00000103  SFRIFG1_H                 
00000102  SFRIFG1_L                 
00000104  SFRRPCR                   
00000105  SFRRPCR_H                 
00000104  SFRRPCR_L                 
00002160  SMCLK_Freq                
00013c06  SPI_ModuleB               
00013c28  SPI_ModuleInterruptsB     
0000218f  SPI_Receive_Available     
00012bfc  SPI_SetParametersB        
00013706  SPI_WriteB                
000004ce  SUMEXT                    
000004cf  SUMEXT_H                  
000004ce  SUMEXT_L                  
00000180  SYSCTL                    
00000181  SYSCTL_H                  
00000180  SYSCTL_L                  
00000186  SYSJMBC                   
00000187  SYSJMBC_H                 
00000186  SYSJMBC_L                 
00000188  SYSJMBI0                  
00000189  SYSJMBI0_H                
00000188  SYSJMBI0_L                
0000018a  SYSJMBI1                  
0000018b  SYSJMBI1_H                
0000018a  SYSJMBI1_L                
0000018c  SYSJMBO0                  
0000018d  SYSJMBO0_H                
0000018c  SYSJMBO0_L                
0000018e  SYSJMBO1                  
0000018f  SYSJMBO1_H                
0000018e  SYSJMBO1_L                
0000019e  SYSRSTIV                  
0000019f  SYSRSTIV_H                
0000019e  SYSRSTIV_L                
0000019c  SYSSNIV                   
0000019d  SYSSNIV_H                 
0000019c  SYSSNIV_L                 
0000019a  SYSUNIV                   
0000019b  SYSUNIV_H                 
0000019a  SYSUNIV_L                 
00010e32  SYS_CalculateClocks       
00013380  SYS_ConfigureOscillator   
00000352  TA0CCR0                   
00000354  TA0CCR1                   
00000356  TA0CCR2                   
00000342  TA0CCTL0                  
00000344  TA0CCTL1                  
00000346  TA0CCTL2                  
00000340  TA0CTL                    
00000360  TA0EX0                    
0000036e  TA0IV                     
00000350  TA0R                      
00000392  TA1CCR0                   
00000394  TA1CCR1                   
00000396  TA1CCR2                   
00000382  TA1CCTL0                  
00000384  TA1CCTL1                  
00000386  TA1CCTL2                  
00000380  TA1CTL                    
000003a0  TA1EX0                    
000003ae  TA1IV                     
00000390  TA1R                      
00000412  TA2CCR0                   
00000414  TA2CCR1                   
00000402  TA2CCTL0                  
00000404  TA2CCTL1                  
00000400  TA2CTL                    
00000420  TA2EX0                    
0000042e  TA2IV                     
00000410  TA2R                      
00000452  TA3CCR0                   
00000454  TA3CCR1                   
00000442  TA3CCTL0                  
00000444  TA3CCTL1                  
00000440  TA3CTL                    
00000460  TA3EX0                    
0000046e  TA3IV                     
00000450  TA3R                      
000003d2  TB0CCR0                   
000003d4  TB0CCR1                   
000003d6  TB0CCR2                   
000003d8  TB0CCR3                   
000003da  TB0CCR4                   
000003dc  TB0CCR5                   
000003de  TB0CCR6                   
000003c2  TB0CCTL0                  
000003c4  TB0CCTL1                  
000003c6  TB0CCTL2                  
000003c8  TB0CCTL3                  
000003ca  TB0CCTL4                  
000003cc  TB0CCTL5                  
000003ce  TB0CCTL6                  
000003c0  TB0CTL                    
000003e0  TB0EX0                    
000003ee  TB0IV                     
000003d0  TB0R                      
0000619c  TIMER0_A0_ISR             
000061f6  TIMER0_A1_ISR             
0000617a  TIMER1_A0_ISR             
00006204  TIMER1_A1_ISR             
00013ea4  TLC_Blank                 
00013b2c  TLC_GSCLK                 
0001331c  TLC_SetLEDs               
0001274e  TLC_SetLEDsLinear         
0001209c  TLC_UpdateLEDs            
00013bbe  TLC_XERRInterrupt         
00013eb4  TLC_XLAT                  
00013d28  TMR_InterruptTimerA0      
00013d46  TMR_InterruptTimerA1      
00013d64  TMR_InterruptTimerA2      
00013d82  TMR_InterruptTimerB0      
00013488  TMR_ModeTimerA0           
000134d6  TMR_ModeTimerA1           
00013524  TMR_ModeTimerA2           
00013572  TMR_ModeTimerB0           
00013f36  TMR_ResetTimerA0          
00013f3c  TMR_ResetTimerA1          
00013f42  TMR_ResetTimerB0          
00013f48  TMR_SetTimerB0            
00001e00  TX_Buffer                 
0000218c  TX_Buffer_Place_Add       
0000218a  TX_Buffer_Place_Remove    
00006248  Table_UCBRSx              
0000623c  Timer0_B0_ISR             
00006212  Timer0_B1_ISR             
00006220  Timer2_A0_ISR             
0000622e  Timer2_A1_ISR             
00012906  UART_LookupUCBRSx         
00013da0  UART_Module               
00012418  UART_Parameters           
000129d8  UART_PrintBanner          
00013c4a  UART_ReceiveInterrupt     
00013dbe  UART_SendChar             
00013ddc  UART_Sleep                
00013c6c  UART_TransmitInterrupt    
000005d0  UCA0ABCTL                 
000005c6  UCA0BRW                   
000005c7  UCA0BRW_H                 
000005c6  UCA0BRW_L                 
000005c0  UCA0CTLW0                 
000005c1  UCA0CTLW0_H               
000005c0  UCA0CTLW0_L               
000005c2  UCA0CTLW1                 
000005c3  UCA0CTLW1_H               
000005c2  UCA0CTLW1_L               
000005da  UCA0IE                    
000005db  UCA0IE_H                  
000005da  UCA0IE_L                  
000005dc  UCA0IFG                   
000005dd  UCA0IFG_H                 
000005dc  UCA0IFG_L                 
000005d2  UCA0IRCTL                 
000005d3  UCA0IRCTL_H               
000005d2  UCA0IRCTL_L               
000005de  UCA0IV                    
000005c8  UCA0MCTLW                 
000005c9  UCA0MCTLW_H               
000005c8  UCA0MCTLW_L               
000005cc  UCA0RXBUF                 
000005cd  UCA0RXBUF_H               
000005cc  UCA0RXBUF_L               
000005ca  UCA0STATW                 
000005ce  UCA0TXBUF                 
000005cf  UCA0TXBUF_H               
000005ce  UCA0TXBUF_L               
000005f0  UCA1ABCTL                 
000005e6  UCA1BRW                   
000005e7  UCA1BRW_H                 
000005e6  UCA1BRW_L                 
000005e0  UCA1CTLW0                 
000005e1  UCA1CTLW0_H               
000005e0  UCA1CTLW0_L               
000005e2  UCA1CTLW1                 
000005e3  UCA1CTLW1_H               
000005e2  UCA1CTLW1_L               
000005fa  UCA1IE                    
000005fb  UCA1IE_H                  
000005fa  UCA1IE_L                  
000005fc  UCA1IFG                   
000005fd  UCA1IFG_H                 
000005fc  UCA1IFG_L                 
000005f2  UCA1IRCTL                 
000005f3  UCA1IRCTL_H               
000005f2  UCA1IRCTL_L               
000005fe  UCA1IV                    
000005e8  UCA1MCTLW                 
000005e9  UCA1MCTLW_H               
000005e8  UCA1MCTLW_L               
000005ec  UCA1RXBUF                 
000005ed  UCA1RXBUF_H               
000005ec  UCA1RXBUF_L               
000005ea  UCA1STATW                 
000005ee  UCA1TXBUF                 
000005ef  UCA1TXBUF_H               
000005ee  UCA1TXBUF_L               
0000065e  UCB0ADDMASK               
0000065f  UCB0ADDMASK_H             
0000065e  UCB0ADDMASK_L             
0000065c  UCB0ADDRX                 
0000065d  UCB0ADDRX_H               
0000065c  UCB0ADDRX_L               
00000646  UCB0BRW                   
00000647  UCB0BRW_H                 
00000646  UCB0BRW_L                 
00000640  UCB0CTLW0                 
00000641  UCB0CTLW0_H               
00000640  UCB0CTLW0_L               
00000642  UCB0CTLW1                 
00000643  UCB0CTLW1_H               
00000642  UCB0CTLW1_L               
00000654  UCB0I2COA0                
00000655  UCB0I2COA0_H              
00000654  UCB0I2COA0_L              
00000656  UCB0I2COA1                
00000657  UCB0I2COA1_H              
00000656  UCB0I2COA1_L              
00000658  UCB0I2COA2                
00000659  UCB0I2COA2_H              
00000658  UCB0I2COA2_L              
0000065a  UCB0I2COA3                
0000065b  UCB0I2COA3_H              
0000065a  UCB0I2COA3_L              
00000660  UCB0I2CSA                 
00000661  UCB0I2CSA_H               
00000660  UCB0I2CSA_L               
0000066a  UCB0IE                    
0000066b  UCB0IE_H                  
0000066a  UCB0IE_L                  
0000066c  UCB0IFG                   
0000066d  UCB0IFG_H                 
0000066c  UCB0IFG_L                 
0000066e  UCB0IV                    
0000064c  UCB0RXBUF                 
0000064d  UCB0RXBUF_H               
0000064c  UCB0RXBUF_L               
00000648  UCB0STATW                 
00000649  UCB0STATW_H               
00000648  UCB0STATW_L               
0000064a  UCB0TBCNT                 
0000064b  UCB0TBCNT_H               
0000064a  UCB0TBCNT_L               
0000064e  UCB0TXBUF                 
0000064f  UCB0TXBUF_H               
0000064e  UCB0TXBUF_L               
00006000  USCI_A1_ISR               
00006100  USCI_B0_ISR               
0000216c  VLOCLK_Freq               
0000219a  VREF                      
0000015c  WDTCTL                    
0000015d  WDTCTL_H                  
0000015c  WDTCTL_L                  
000020dc  _Denorm                   
0001256e  _Dnorm                    
0001227a  _Dscale                   
0001310c  _Dunscale                 
000020ec  _Eps                      
0000219e  _Errno                    
00002180  _Fenv                     
000137e6  _Feraise                  
000020fc  _Hugeval                  
0000210c  _Inf                      
0000211c  _Nan                      
0000213c  _Rteps                    
0000212c  _Snan                     
00002184  _Tls_setup__Fenv          
0000214c  _Xbig                     
00002154  _Zero                     
00002400  __STACK_END               
000000a0  __STACK_SIZE              
0000655a  __TI_CINIT_Base           
0000656a  __TI_CINIT_Limit          
00006548  __TI_Handler_Table_Base   
00006554  __TI_Handler_Table_Limit  
UNDEFED   __TI_INITARRAY_Base       
UNDEFED   __TI_INITARRAY_Limit      
00006242  __TI_ISR_TRAP             
00013e2e  __TI_decompress_none      
00013f4e  __TI_decompress_rle24     
00011a38  __TI_frcaddd              
000109e0  __TI_frcdivd              
000111fa  __TI_frcmpyd              
0000ffcc  __TI_int30                
0000ffce  __TI_int31                
0000ffd0  __TI_int32                
0000ffd2  __TI_int33                
0000ffd4  __TI_int34                
0000ffd6  __TI_int35                
0000ffd8  __TI_int36                
0000ffda  __TI_int37                
0000ffdc  __TI_int38                
0000ffde  __TI_int39                
0000ffe0  __TI_int40                
0000ffe2  __TI_int41                
0000ffe4  __TI_int42                
0000ffe6  __TI_int43                
0000ffe8  __TI_int44                
0000ffea  __TI_int45                
0000ffec  __TI_int46                
0000ffee  __TI_int47                
0000fff0  __TI_int48                
0000fff2  __TI_int49                
0000fff4  __TI_int50                
0000fff6  __TI_int51                
0000fff8  __TI_int52                
0000fffa  __TI_int53                
0000fffc  __TI_int54                
00012aa4  __TI_renormd              
00013be2  __TI_zero_init            
ffffffff  __binit__                 
ffffffff  __c_args__                
00000001  __mpu_enable              
00013a90  __mpu_init                
000114de  __mspabi_addd             
0001282e  __mspabi_cmpd             
00011c8a  __mspabi_divd             
00013a3a  __mspabi_divi             
00013e44  __mspabi_divu             
000133dc  __mspabi_divul            
00013ab8  __mspabi_fixdi            
000132b6  __mspabi_fixdli           
0001324e  __mspabi_fixdul           
00013f0e  __mspabi_fltid            
00012dca  __mspabi_fltlid           
00013096  __mspabi_fltuld           
000117b6  __mspabi_mpyd             
00013e5a  __mspabi_mpyi_f5hw        
00013c8e  __mspabi_mpyl_f5hw        
000139e0  __mspabi_negd             
00013a3a  __mspabi_remi             
00013e44  __mspabi_remu             
000133dc  __mspabi_remul            
00013f1a  __mspabi_slli             
00013ed4  __mspabi_slll             
000136c2  __mspabi_slll_1           
0001369e  __mspabi_slll_10          
0001369a  __mspabi_slll_11          
00013696  __mspabi_slll_12          
00013692  __mspabi_slll_13          
0001368e  __mspabi_slll_14          
0001368a  __mspabi_slll_15          
000136be  __mspabi_slll_2           
000136ba  __mspabi_slll_3           
000136b6  __mspabi_slll_4           
000136b2  __mspabi_slll_5           
000136ae  __mspabi_slll_6           
000136aa  __mspabi_slll_7           
000136a6  __mspabi_slll_8           
000136a2  __mspabi_slll_9           
00013ec4  __mspabi_sral             
00013684  __mspabi_sral_1           
00013660  __mspabi_sral_10          
0001365c  __mspabi_sral_11          
00013658  __mspabi_sral_12          
00013654  __mspabi_sral_13          
00013650  __mspabi_sral_14          
0001364c  __mspabi_sral_15          
00013680  __mspabi_sral_2           
0001367c  __mspabi_sral_3           
00013678  __mspabi_sral_4           
00013674  __mspabi_sral_5           
00013670  __mspabi_sral_6           
0001366c  __mspabi_sral_7           
00013668  __mspabi_sral_8           
00013664  __mspabi_sral_9           
00013f24  __mspabi_srli             
00013ee4  __mspabi_srll             
00013700  __mspabi_srll_1           
000136dc  __mspabi_srll_10          
000136d8  __mspabi_srll_11          
000136d4  __mspabi_srll_12          
000136d0  __mspabi_srll_13          
000136cc  __mspabi_srll_14          
000136c8  __mspabi_srll_15          
000136fc  __mspabi_srll_2           
000136f8  __mspabi_srll_3           
000136f4  __mspabi_srll_4           
000136f0  __mspabi_srll_5           
000136ec  __mspabi_srll_6           
000136e8  __mspabi_srll_7           
000136e4  __mspabi_srll_8           
000136e0  __mspabi_srll_9           
0001394c  __mspabi_subd             
00012ef0  _auto_init_hold_wdt       
000061bc  _c_int00_noargs_noexit_mpu
00002190  _lock                     
00013f5c  _nop                      
0000fffe  _reset_vector             
00002360  _stack                    
00013f54  _system_pre_init          
00002194  _unlock                   
00013f58  abort                     
ffffffff  binit                     
00013850  feraiseexcept             
00006000  fram_ipe_end              
00006000  fram_ipe_start            
00006000  fram_rx_start             
00013010  main                      
00013a66  memcpy                    
0000a501  mpu_ctl0_value            
00001513  mpu_sam_value             
00000600  mpu_segment_border1       
00000600  mpu_segment_border2       
0001397e  raise                     
00013778  signal                    
00011eac  sqrt                      


GLOBAL SYMBOLS: SORTED BY Symbol Address 

address   name                      
-------   ----                      
00000001  __mpu_enable              
000000a0  __STACK_SIZE              
00000100  SFRIE1                    
00000100  SFRIE1_L                  
00000101  SFRIE1_H                  
00000102  SFRIFG1                   
00000102  SFRIFG1_L                 
00000103  SFRIFG1_H                 
00000104  SFRRPCR                   
00000104  SFRRPCR_L                 
00000105  SFRRPCR_H                 
00000120  PMMCTL0                   
00000120  PMMCTL0_L                 
00000121  PMMCTL0_H                 
0000012a  PMMIFG                    
0000012a  PMMIFG_L                  
0000012b  PMMIFG_H                  
00000130  PM5CTL0                   
00000130  PM5CTL0_L                 
00000131  PM5CTL0_H                 
00000140  FRCTL0                    
00000140  FRCTL0_L                  
00000141  FRCTL0_H                  
00000144  GCCTL0                    
00000144  GCCTL0_L                  
00000145  GCCTL0_H                  
00000146  GCCTL1                    
00000146  GCCTL1_L                  
00000147  GCCTL1_H                  
00000150  CRCDI                     
00000150  CRCDI_L                   
00000151  CRCDI_H                   
00000152  CRCDIRB                   
00000152  CRCDIRB_L                 
00000153  CRCDIRB_H                 
00000154  CRCINIRES                 
00000154  CRCINIRES_L               
00000155  CRCINIRES_H               
00000156  CRCRESR                   
00000156  CRCRESR_L                 
00000157  CRCRESR_H                 
0000015c  WDTCTL                    
0000015c  WDTCTL_L                  
0000015d  WDTCTL_H                  
00000160  CSCTL0                    
00000160  CSCTL0_L                  
00000161  CSCTL0_H                  
00000162  CSCTL1                    
00000162  CSCTL1_L                  
00000163  CSCTL1_H                  
00000164  CSCTL2                    
00000164  CSCTL2_L                  
00000165  CSCTL2_H                  
00000166  CSCTL3                    
00000166  CSCTL3_L                  
00000167  CSCTL3_H                  
00000168  CSCTL4                    
00000168  CSCTL4_L                  
00000169  CSCTL4_H                  
0000016a  CSCTL5                    
0000016a  CSCTL5_L                  
0000016b  CSCTL5_H                  
0000016c  CSCTL6                    
0000016c  CSCTL6_L                  
0000016d  CSCTL6_H                  
00000180  SYSCTL                    
00000180  SYSCTL_L                  
00000181  SYSCTL_H                  
00000186  SYSJMBC                   
00000186  SYSJMBC_L                 
00000187  SYSJMBC_H                 
00000188  SYSJMBI0                  
00000188  SYSJMBI0_L                
00000189  SYSJMBI0_H                
0000018a  SYSJMBI1                  
0000018a  SYSJMBI1_L                
0000018b  SYSJMBI1_H                
0000018c  SYSJMBO0                  
0000018c  SYSJMBO0_L                
0000018d  SYSJMBO0_H                
0000018e  SYSJMBO1                  
0000018e  SYSJMBO1_L                
0000018f  SYSJMBO1_H                
0000019a  SYSUNIV                   
0000019a  SYSUNIV_L                 
0000019b  SYSUNIV_H                 
0000019c  SYSSNIV                   
0000019c  SYSSNIV_L                 
0000019d  SYSSNIV_H                 
0000019e  SYSRSTIV                  
0000019e  SYSRSTIV_L                
0000019f  SYSRSTIV_H                
000001b0  REFCTL0                   
000001b0  REFCTL0_L                 
000001b1  REFCTL0_H                 
00000200  PAIN                      
00000200  PAIN_L                    
00000201  PAIN_H                    
00000202  PAOUT                     
00000202  PAOUT_L                   
00000203  PAOUT_H                   
00000204  PADIR                     
00000204  PADIR_L                   
00000205  PADIR_H                   
00000206  PAREN                     
00000206  PAREN_L                   
00000207  PAREN_H                   
0000020a  PASEL0                    
0000020a  PASEL0_L                  
0000020b  PASEL0_H                  
0000020c  PASEL1                    
0000020c  PASEL1_L                  
0000020d  PASEL1_H                  
0000020e  P1IV                      
00000216  PASELC                    
00000216  PASELC_L                  
00000217  PASELC_H                  
00000218  PAIES                     
00000218  PAIES_L                   
00000219  PAIES_H                   
0000021a  PAIE                      
0000021a  PAIE_L                    
0000021b  PAIE_H                    
0000021c  PAIFG                     
0000021c  PAIFG_L                   
0000021d  PAIFG_H                   
0000021e  P2IV                      
00000220  PBIN                      
00000220  PBIN_L                    
00000221  PBIN_H                    
00000222  PBOUT                     
00000222  PBOUT_L                   
00000223  PBOUT_H                   
00000224  PBDIR                     
00000224  PBDIR_L                   
00000225  PBDIR_H                   
00000226  PBREN                     
00000226  PBREN_L                   
00000227  PBREN_H                   
0000022a  PBSEL0                    
0000022a  PBSEL0_L                  
0000022b  PBSEL0_H                  
0000022c  PBSEL1                    
0000022c  PBSEL1_L                  
0000022d  PBSEL1_H                  
0000022e  P3IV                      
00000236  PBSELC                    
00000236  PBSELC_L                  
00000237  PBSELC_H                  
00000238  PBIES                     
00000238  PBIES_L                   
00000239  PBIES_H                   
0000023a  PBIE                      
0000023a  PBIE_L                    
0000023b  PBIE_H                    
0000023c  PBIFG                     
0000023c  PBIFG_L                   
0000023d  PBIFG_H                   
0000023e  P4IV                      
00000320  PJIN                      
00000320  PJIN_L                    
00000321  PJIN_H                    
00000322  PJOUT                     
00000322  PJOUT_L                   
00000323  PJOUT_H                   
00000324  PJDIR                     
00000324  PJDIR_L                   
00000325  PJDIR_H                   
00000326  PJREN                     
00000326  PJREN_L                   
00000327  PJREN_H                   
0000032a  PJSEL0                    
0000032a  PJSEL0_L                  
0000032b  PJSEL0_H                  
0000032c  PJSEL1                    
0000032c  PJSEL1_L                  
0000032d  PJSEL1_H                  
00000336  PJSELC                    
00000336  PJSELC_L                  
00000337  PJSELC_H                  
00000340  TA0CTL                    
00000342  TA0CCTL0                  
00000344  TA0CCTL1                  
00000346  TA0CCTL2                  
00000350  TA0R                      
00000352  TA0CCR0                   
00000354  TA0CCR1                   
00000356  TA0CCR2                   
00000360  TA0EX0                    
0000036e  TA0IV                     
00000380  TA1CTL                    
00000382  TA1CCTL0                  
00000384  TA1CCTL1                  
00000386  TA1CCTL2                  
00000390  TA1R                      
00000392  TA1CCR0                   
00000394  TA1CCR1                   
00000396  TA1CCR2                   
000003a0  TA1EX0                    
000003ae  TA1IV                     
000003c0  TB0CTL                    
000003c2  TB0CCTL0                  
000003c4  TB0CCTL1                  
000003c6  TB0CCTL2                  
000003c8  TB0CCTL3                  
000003ca  TB0CCTL4                  
000003cc  TB0CCTL5                  
000003ce  TB0CCTL6                  
000003d0  TB0R                      
000003d2  TB0CCR0                   
000003d4  TB0CCR1                   
000003d6  TB0CCR2                   
000003d8  TB0CCR3                   
000003da  TB0CCR4                   
000003dc  TB0CCR5                   
000003de  TB0CCR6                   
000003e0  TB0EX0                    
000003ee  TB0IV                     
00000400  TA2CTL                    
00000402  TA2CCTL0                  
00000404  TA2CCTL1                  
00000410  TA2R                      
00000412  TA2CCR0                   
00000414  TA2CCR1                   
00000420  TA2EX0                    
0000042e  TA2IV                     
0000043e  CAPTIO0CTL                
0000043e  CAPTIO0CTL_L              
0000043f  CAPTIO0CTL_H              
00000440  TA3CTL                    
00000442  TA3CCTL0                  
00000444  TA3CCTL1                  
00000450  TA3R                      
00000452  TA3CCR0                   
00000454  TA3CCR1                   
00000460  TA3EX0                    
0000046e  TA3IV                     
0000047e  CAPTIO1CTL                
0000047e  CAPTIO1CTL_L              
0000047f  CAPTIO1CTL_H              
000004a0  RTCCTL01                  
000004a0  RTCCTL01_L                
000004a1  RTCCTL01_H                
000004a2  RTCCTL23                  
000004a2  RTCCTL23_L                
000004a3  RTCCTL23_H                
000004a8  RTCPS0CTL                 
000004a8  RTCPS0CTL_L               
000004a9  RTCPS0CTL_H               
000004aa  RTCPS1CTL                 
000004aa  RTCPS1CTL_L               
000004ab  RTCPS1CTL_H               
000004ac  RTCPS                     
000004ac  RTCPS_L                   
000004ad  RTCPS_H                   
000004ae  RTCIV                     
000004b0  RTCTIM0                   
000004b0  RTCTIM0_L                 
000004b1  RTCTIM0_H                 
000004b2  RTCTIM1                   
000004b2  RTCTIM1_L                 
000004b3  RTCTIM1_H                 
000004b4  RTCDATE                   
000004b4  RTCDATE_L                 
000004b5  RTCDATE_H                 
000004b6  RTCYEAR                   
000004b6  RTCYEAR_L                 
000004b7  RTCYEAR_H                 
000004b8  RTCAMINHR                 
000004b8  RTCAMINHR_L               
000004b9  RTCAMINHR_H               
000004ba  RTCADOWDAY                
000004ba  RTCADOWDAY_L              
000004bb  RTCADOWDAY_H              
000004bc  BIN2BCD                   
000004be  BCD2BIN                   
000004c0  MPY                       
000004c0  MPY_L                     
000004c1  MPY_H                     
000004c2  MPYS                      
000004c2  MPYS_L                    
000004c3  MPYS_H                    
000004c4  MAC                       
000004c4  MAC_L                     
000004c5  MAC_H                     
000004c6  MACS                      
000004c6  MACS_L                    
000004c7  MACS_H                    
000004c8  OP2                       
000004c8  OP2_L                     
000004c9  OP2_H                     
000004ca  RESLO                     
000004ca  RESLO_L                   
000004cb  RESLO_H                   
000004cc  RESHI                     
000004cc  RESHI_L                   
000004cd  RESHI_H                   
000004ce  SUMEXT                    
000004ce  SUMEXT_L                  
000004cf  SUMEXT_H                  
000004d0  MPY32L                    
000004d0  MPY32L_L                  
000004d1  MPY32L_H                  
000004d2  MPY32H                    
000004d2  MPY32H_L                  
000004d3  MPY32H_H                  
000004d4  MPYS32L                   
000004d4  MPYS32L_L                 
000004d5  MPYS32L_H                 
000004d6  MPYS32H                   
000004d6  MPYS32H_L                 
000004d7  MPYS32H_H                 
000004d8  MAC32L                    
000004d8  MAC32L_L                  
000004d9  MAC32L_H                  
000004da  MAC32H                    
000004da  MAC32H_L                  
000004db  MAC32H_H                  
000004dc  MACS32L                   
000004dc  MACS32L_L                 
000004dd  MACS32L_H                 
000004de  MACS32H                   
000004de  MACS32H_L                 
000004df  MACS32H_H                 
000004e0  OP2L                      
000004e0  OP2L_L                    
000004e1  OP2L_H                    
000004e2  OP2H                      
000004e2  OP2H_L                    
000004e3  OP2H_H                    
000004e4  RES0                      
000004e4  RES0_L                    
000004e5  RES0_H                    
000004e6  RES1                      
000004e6  RES1_L                    
000004e7  RES1_H                    
000004e8  RES2                      
000004e8  RES2_L                    
000004e9  RES2_H                    
000004ea  RES3                      
000004ea  RES3_L                    
000004eb  RES3_H                    
000004ec  MPY32CTL0                 
000004ec  MPY32CTL0_L               
000004ed  MPY32CTL0_H               
00000500  DMACTL0                   
00000500  DMACTL0_L                 
00000501  DMACTL0_H                 
00000502  DMACTL1                   
00000502  DMACTL1_L                 
00000503  DMACTL1_H                 
00000504  DMACTL2                   
00000504  DMACTL2_L                 
00000505  DMACTL2_H                 
00000506  DMACTL3                   
00000506  DMACTL3_L                 
00000507  DMACTL3_H                 
00000508  DMACTL4                   
00000508  DMACTL4_L                 
00000509  DMACTL4_H                 
0000050e  DMAIV                     
0000050e  DMAIV_L                   
0000050f  DMAIV_H                   
00000510  DMA0CTL                   
00000510  DMA0CTL_L                 
00000511  DMA0CTL_H                 
00000512  DMA0SA                    
00000512  DMA0SAL                   
00000514  DMA0SAH                   
00000516  DMA0DA                    
00000516  DMA0DAL                   
00000518  DMA0DAH                   
0000051a  DMA0SZ                    
00000520  DMA1CTL                   
00000520  DMA1CTL_L                 
00000521  DMA1CTL_H                 
00000522  DMA1SA                    
00000522  DMA1SAL                   
00000524  DMA1SAH                   
00000526  DMA1DA                    
00000526  DMA1DAL                   
00000528  DMA1DAH                   
0000052a  DMA1SZ                    
00000530  DMA2CTL                   
00000530  DMA2CTL_L                 
00000531  DMA2CTL_H                 
00000532  DMA2SA                    
00000532  DMA2SAL                   
00000534  DMA2SAH                   
00000536  DMA2DA                    
00000536  DMA2DAL                   
00000538  DMA2DAH                   
0000053a  DMA2SZ                    
000005a0  MPUCTL0                   
000005a0  MPUCTL0_L                 
000005a1  MPUCTL0_H                 
000005a2  MPUCTL1                   
000005a2  MPUCTL1_L                 
000005a3  MPUCTL1_H                 
000005a4  MPUSEGB2                  
000005a4  MPUSEGB2_L                
000005a5  MPUSEGB2_H                
000005a6  MPUSEGB1                  
000005a6  MPUSEGB1_L                
000005a7  MPUSEGB1_H                
000005a8  MPUSAM                    
000005a8  MPUSAM_L                  
000005a9  MPUSAM_H                  
000005aa  MPUIPC0                   
000005aa  MPUIPC0_L                 
000005ab  MPUIPC0_H                 
000005ac  MPUIPSEGB2                
000005ac  MPUIPSEGB2_L              
000005ad  MPUIPSEGB2_H              
000005ae  MPUIPSEGB1                
000005ae  MPUIPSEGB1_L              
000005af  MPUIPSEGB1_H              
000005c0  UCA0CTLW0                 
000005c0  UCA0CTLW0_L               
000005c1  UCA0CTLW0_H               
000005c2  UCA0CTLW1                 
000005c2  UCA0CTLW1_L               
000005c3  UCA0CTLW1_H               
000005c6  UCA0BRW                   
000005c6  UCA0BRW_L                 
000005c7  UCA0BRW_H                 
000005c8  UCA0MCTLW                 
000005c8  UCA0MCTLW_L               
000005c9  UCA0MCTLW_H               
000005ca  UCA0STATW                 
000005cc  UCA0RXBUF                 
000005cc  UCA0RXBUF_L               
000005cd  UCA0RXBUF_H               
000005ce  UCA0TXBUF                 
000005ce  UCA0TXBUF_L               
000005cf  UCA0TXBUF_H               
000005d0  UCA0ABCTL                 
000005d2  UCA0IRCTL                 
000005d2  UCA0IRCTL_L               
000005d3  UCA0IRCTL_H               
000005da  UCA0IE                    
000005da  UCA0IE_L                  
000005db  UCA0IE_H                  
[...]
0000066a  UCB0IE_L                  
0000066b  UCB0IE_H                  
0000066c  UCB0IFG                   
0000066c  UCB0IFG_L                 
0000066d  UCB0IFG_H                 
0000066e  UCB0IV                    
00000800  ADC12CTL0                 
00000800  ADC12CTL0_L               
00000801  ADC12CTL0_H               
00000802  ADC12CTL1                 
00000802  ADC12CTL1_L               
00000803  ADC12CTL1_H               
00000804  ADC12CTL2                 
00000804  ADC12CTL2_L               
00000805  ADC12CTL2_H               
00000806  ADC12CTL3                 
00000806  ADC12CTL3_L               
00000807  ADC12CTL3_H               
00000808  ADC12LO                   
00000808  ADC12LO_L                 
00000809  ADC12LO_H                 
0000080a  ADC12HI                   
0000080a  ADC12HI_L                 
0000080b  ADC12HI_H                 
0000080c  ADC12IFGR0                
0000080c  ADC12IFGR0_L              
0000080d  ADC12IFGR0_H              
0000080e  ADC12IFGR1                
0000080e  ADC12IFGR1_L              
0000080f  ADC12IFGR1_H              
00000810  ADC12IFGR2                
00000810  ADC12IFGR2_L              
00000811  ADC12IFGR2_H              
00000812  ADC12IER0                 
00000812  ADC12IER0_L               
00000813  ADC12IER0_H               
00000814  ADC12IER1                 
00000814  ADC12IER1_L               
00000815  ADC12IER1_H               
00000816  ADC12IER2                 
00000816  ADC12IER2_L               
00000817  ADC12IER2_H               
00000818  ADC12IV                   
00000818  ADC12IV_L                 
00000819  ADC12IV_H                 
00000820  ADC12MCTL0                
00000820  ADC12MCTL0_L              
00000821  ADC12MCTL0_H              
00000822  ADC12MCTL1                
00000822  ADC12MCTL1_L              
00000823  ADC12MCTL1_H              
00000824  ADC12MCTL2                
00000824  ADC12MCTL2_L              
00000825  ADC12MCTL2_H              
00000826  ADC12MCTL3                
00000826  ADC12MCTL3_L              
00000827  ADC12MCTL3_H              
00000828  ADC12MCTL4                
00000828  ADC12MCTL4_L              
00000829  ADC12MCTL4_H              
0000082a  ADC12MCTL5                
0000082a  ADC12MCTL5_L              
0000082b  ADC12MCTL5_H              
0000082c  ADC12MCTL6                
0000082c  ADC12MCTL6_L              
0000082d  ADC12MCTL6_H              
0000082e  ADC12MCTL7                
0000082e  ADC12MCTL7_L              
0000082f  ADC12MCTL7_H              
00000830  ADC12MCTL8                
00000830  ADC12MCTL8_L              
00000831  ADC12MCTL8_H              
00000832  ADC12MCTL9                
00000832  ADC12MCTL9_L              
00000833  ADC12MCTL9_H              
00000834  ADC12MCTL10               
00000834  ADC12MCTL10_L             
00000835  ADC12MCTL10_H             
00000836  ADC12MCTL11               
00000836  ADC12MCTL11_L             
00000837  ADC12MCTL11_H             
00000838  ADC12MCTL12               
00000838  ADC12MCTL12_L             
00000839  ADC12MCTL12_H             
0000083a  ADC12MCTL13               
0000083a  ADC12MCTL13_L             
0000083b  ADC12MCTL13_H             
0000083c  ADC12MCTL14               
0000083c  ADC12MCTL14_L             
0000083d  ADC12MCTL14_H             
0000083e  ADC12MCTL15               
0000083e  ADC12MCTL15_L             
0000083f  ADC12MCTL15_H             
00000840  ADC12MCTL16               
00000840  ADC12MCTL16_L             
00000841  ADC12MCTL16_H             
00000842  ADC12MCTL17               
00000842  ADC12MCTL17_L             
00000843  ADC12MCTL17_H             
00000844  ADC12MCTL18               
00000844  ADC12MCTL18_L             
00000845  ADC12MCTL18_H             
00000846  ADC12MCTL19               
00000846  ADC12MCTL19_L             
00000847  ADC12MCTL19_H             
00000848  ADC12MCTL20               
00000848  ADC12MCTL20_L             
00000849  ADC12MCTL20_H             
0000084a  ADC12MCTL21               
0000084a  ADC12MCTL21_L             
0000084b  ADC12MCTL21_H             
0000084c  ADC12MCTL22               
0000084c  ADC12MCTL22_L             
0000084d  ADC12MCTL22_H             
0000084e  ADC12MCTL23               
0000084e  ADC12MCTL23_L             
0000084f  ADC12MCTL23_H             
00000850  ADC12MCTL24               
00000850  ADC12MCTL24_L             
00000851  ADC12MCTL24_H             
00000852  ADC12MCTL25               
00000852  ADC12MCTL25_L             
00000853  ADC12MCTL25_H             
00000854  ADC12MCTL26               
00000854  ADC12MCTL26_L             
00000855  ADC12MCTL26_H             
00000856  ADC12MCTL27               
00000856  ADC12MCTL27_L             
00000857  ADC12MCTL27_H             
00000858  ADC12MCTL28               
00000858  ADC12MCTL28_L             
00000859  ADC12MCTL28_H             
0000085a  ADC12MCTL29               
0000085a  ADC12MCTL29_L             
0000085b  ADC12MCTL29_H             
0000085c  ADC12MCTL30               
0000085c  ADC12MCTL30_L             
0000085d  ADC12MCTL30_H             
0000085e  ADC12MCTL31               
0000085e  ADC12MCTL31_L             
0000085f  ADC12MCTL31_H             
00000860  ADC12MEM0                 
00000860  ADC12MEM0_L               
00000861  ADC12MEM0_H               
00000862  ADC12MEM1                 
00000862  ADC12MEM1_L               
00000863  ADC12MEM1_H               
00000864  ADC12MEM2                 
00000864  ADC12MEM2_L               
00000865  ADC12MEM2_H               
00000866  ADC12MEM3                 
00000866  ADC12MEM3_L               
00000867  ADC12MEM3_H               
00000868  ADC12MEM4                 
00000868  ADC12MEM4_L               
00000869  ADC12MEM4_H               
0000086a  ADC12MEM5                 
0000086a  ADC12MEM5_L               
0000086b  ADC12MEM5_H               
0000086c  ADC12MEM6                 
0000086c  ADC12MEM6_L               
0000086d  ADC12MEM6_H               
0000086e  ADC12MEM7                 
0000086e  ADC12MEM7_L               
0000086f  ADC12MEM7_H               
00000870  ADC12MEM8                 
00000870  ADC12MEM8_L               
00000871  ADC12MEM8_H               
00000872  ADC12MEM9                 
00000872  ADC12MEM9_L               
00000873  ADC12MEM9_H               
00000874  ADC12MEM10                
00000874  ADC12MEM10_L              
00000875  ADC12MEM10_H              
00000876  ADC12MEM11                
00000876  ADC12MEM11_L              
00000877  ADC12MEM11_H              
00000878  ADC12MEM12                
00000878  ADC12MEM12_L              
00000879  ADC12MEM12_H              
0000087a  ADC12MEM13                
0000087a  ADC12MEM13_L              
0000087b  ADC12MEM13_H              
0000087c  ADC12MEM14                
0000087c  ADC12MEM14_L              
0000087d  ADC12MEM14_H              
0000087e  ADC12MEM15                
0000087e  ADC12MEM15_L              
0000087f  ADC12MEM15_H              
00000880  ADC12MEM16                
00000880  ADC12MEM16_L              
00000881  ADC12MEM16_H              
00000882  ADC12MEM17                
00000882  ADC12MEM17_L              
00000883  ADC12MEM17_H              
00000884  ADC12MEM18                
00000884  ADC12MEM18_L              
00000885  ADC12MEM18_H              
00000886  ADC12MEM19                
00000886  ADC12MEM19_L              
00000887  ADC12MEM19_H              
00000888  ADC12MEM20                
00000888  ADC12MEM20_L              
00000889  ADC12MEM20_H              
0000088a  ADC12MEM21                
0000088a  ADC12MEM21_L              
0000088b  ADC12MEM21_H              
0000088c  ADC12MEM22                
0000088c  ADC12MEM22_L              
0000088d  ADC12MEM22_H              
0000088e  ADC12MEM23                
0000088e  ADC12MEM23_L              
0000088f  ADC12MEM23_H              
00000890  ADC12MEM24                
00000890  ADC12MEM24_L              
00000891  ADC12MEM24_H              
00000892  ADC12MEM25                
00000892  ADC12MEM25_L              
00000893  ADC12MEM25_H              
00000894  ADC12MEM26                
00000894  ADC12MEM26_L              
00000895  ADC12MEM26_H              
00000896  ADC12MEM27                
00000896  ADC12MEM27_L              
00000897  ADC12MEM27_H              
00000898  ADC12MEM28                
00000898  ADC12MEM28_L              
00000899  ADC12MEM28_H              
0000089a  ADC12MEM29                
0000089a  ADC12MEM29_L              
0000089b  ADC12MEM29_H              
0000089c  ADC12MEM30                
0000089c  ADC12MEM30_L              
0000089d  ADC12MEM30_H              
0000089e  ADC12MEM31                
0000089e  ADC12MEM31_L              
0000089f  ADC12MEM31_H              
000008c0  CECTL0                    
000008c0  CECTL0_L                  
000008c1  CECTL0_H                  
000008c2  CECTL1                    
000008c2  CECTL1_L                  
000008c3  CECTL1_H                  
000008c4  CECTL2                    
000008c4  CECTL2_L                  
000008c5  CECTL2_H                  
000008c6  CECTL3                    
000008c6  CECTL3_L                  
000008c7  CECTL3_H                  
000008cc  CEINT                     
000008cc  CEINT_L                   
000008cd  CEINT_H                   
000008ce  CEIV                      
000008ce  CEIV_L                    
000008cf  CEIV_H                    
000009c0  AESACTL0                  
000009c0  AESACTL0_L                
000009c1  AESACTL0_H                
000009c2  AESACTL1                  
000009c2  AESACTL1_L                
000009c3  AESACTL1_H                
000009c4  AESASTAT                  
000009c4  AESASTAT_L                
000009c5  AESASTAT_H                
000009c6  AESAKEY                   
000009c6  AESAKEY_L                 
000009c7  AESAKEY_H                 
000009c8  AESADIN                   
000009c8  AESADIN_L                 
000009c9  AESADIN_H                 
000009ca  AESADOUT                  
000009ca  AESADOUT_L                
000009cb  AESADOUT_H                
000009cc  AESAXDIN                  
000009cc  AESAXDIN_L                
000009cd  AESAXDIN_H                
000009ce  AESAXIN                   
000009ce  AESAXIN_L                 
000009cf  AESAXIN_H                 
00001513  mpu_sam_value             
00001c00  RX_Buffer                 
00001e00  TX_Buffer                 
00002000  LEDs                      
00002020  ADC_Counts                
00002026  ADC_Midpoint_Offset       
000020dc  _Denorm                   
000020ec  _Eps                      
000020fc  _Hugeval                  
0000210c  _Inf                      
0000211c  _Nan                      
0000212c  _Snan                     
0000213c  _Rteps                    
0000214c  _Xbig                     
00002154  _Zero                     
0000215c  ACLK_Freq                 
00002160  SMCLK_Freq                
00002164  MCLK_Freq                 
00002168  DCOCLK_Freq               
0000216c  VLOCLK_Freq               
00002170  LFXTCLK_Freq              
00002174  MODCLK_Freq               
00002178  LFMODCLK_Freq             
0000217c  HFXTCLK_Freq              
00002180  _Fenv                     
00002184  _Tls_setup__Fenv          
00002188  RX_Buffer_Place           
0000218a  TX_Buffer_Place_Remove    
0000218c  TX_Buffer_Place_Add       
0000218e  BreakReceived             
0000218f  SPI_Receive_Available     
00002190  _lock                     
00002194  _unlock                   
00002198  ADC_Ready                 
00002199  CurrentChannel            
0000219a  VREF                      
0000219b  FadeDirection             
0000219c  GlobalVolume              
0000219e  _Errno                    
00002360  _stack                    
00002400  __STACK_END               
00004400  DataBuffer                
00006000  USCI_A1_ISR               
00006000  fram_ipe_end              
00006000  fram_ipe_start            
00006000  fram_rx_start             
000060be  Port1_ISR                 
00006100  USCI_B0_ISR               
00006142  Port4_ISR                 
0000617a  TIMER1_A0_ISR             
0000619c  TIMER0_A0_ISR             
000061bc  _c_int00_noargs_noexit_mpu
000061da  ADC12_ISR                 
000061f6  TIMER0_A1_ISR             
00006204  TIMER1_A1_ISR             
00006212  Timer0_B1_ISR             
00006220  Timer2_A0_ISR             
0000622e  Timer2_A1_ISR             
0000623c  Timer0_B0_ISR             
00006242  __TI_ISR_TRAP             
00006248  Table_UCBRSx              
00006548  __TI_Handler_Table_Base   
00006554  __TI_Handler_Table_Limit  
0000655a  __TI_CINIT_Base           
0000656a  __TI_CINIT_Limit          
0000a501  mpu_ctl0_value            
0000ffcc  __TI_int30                
0000ffce  __TI_int31                
0000ffd0  __TI_int32                
0000ffd2  __TI_int33                
0000ffd4  __TI_int34                
0000ffd6  __TI_int35                
0000ffd8  __TI_int36                
0000ffda  __TI_int37                
0000ffdc  __TI_int38                
0000ffde  __TI_int39                
0000ffe0  __TI_int40                
0000ffe2  __TI_int41                
0000ffe4  __TI_int42                
0000ffe6  __TI_int43                
0000ffe8  __TI_int44                
0000ffea  __TI_int45                
0000ffec  __TI_int46                
0000ffee  __TI_int47                
0000fff0  __TI_int48                
0000fff2  __TI_int49                
0000fff4  __TI_int50                
0000fff6  __TI_int51                
0000fff8  __TI_int52                
0000fffa  __TI_int53                
0000fffc  __TI_int54                
0000fffe  _reset_vector             
00010000  PRO_ProcessData           
000109e0  __TI_frcdivd              
00010e32  SYS_CalculateClocks       
000111fa  __TI_frcmpyd              
000114de  __mspabi_addd             
000117b6  __mspabi_mpyd             
00011a38  __TI_frcaddd              
00011c8a  __mspabi_divd             
00011eac  sqrt                      
0001209c  TLC_UpdateLEDs            
0001227a  _Dscale                   
00012418  UART_Parameters           
0001256e  _Dnorm                    
0001266e  LED_DisplayShow           
0001274e  TLC_SetLEDsLinear         
0001282e  __mspabi_cmpd             
00012906  UART_LookupUCBRSx         
000129d8  UART_PrintBanner          
00012aa4  __TI_renormd              
00012b56  Init_App                  
00012bfc  SPI_SetParametersB        
00012ca0  PRO_AddToProcessBuffer    
00012d36  FTR_SetCutoff             
00012dca  __mspabi_fltlid           
00012e5e  Init_ADC                  
00012ef0  _auto_init_hold_wdt       
00012f82  ADC_SetReference          
00013010  main                      
00013096  __mspabi_fltuld           
0001310c  _Dunscale                 
0001317e  Init_UART                 
0001324e  __mspabi_fixdul           
000132b6  __mspabi_fixdli           
0001331c  TLC_SetLEDs               
00013380  SYS_ConfigureOscillator   
000133dc  __mspabi_divul            
000133dc  __mspabi_remul            
00013434  Init_SPI                  
00013488  TMR_ModeTimerA0           
000134d6  TMR_ModeTimerA1           
00013524  TMR_ModeTimerA2           
00013572  TMR_ModeTimerB0           
000135c0  ADC_Sample                
00013608  MSC_ABS                   
0001364c  __mspabi_sral_15          
00013650  __mspabi_sral_14          
00013654  __mspabi_sral_13          
00013658  __mspabi_sral_12          
0001365c  __mspabi_sral_11          
00013660  __mspabi_sral_10          
00013664  __mspabi_sral_9           
00013668  __mspabi_sral_8           
0001366c  __mspabi_sral_7           
00013670  __mspabi_sral_6           
00013674  __mspabi_sral_5           
00013678  __mspabi_sral_4           
0001367c  __mspabi_sral_3           
00013680  __mspabi_sral_2           
00013684  __mspabi_sral_1           
0001368a  __mspabi_slll_15          
0001368e  __mspabi_slll_14          
00013692  __mspabi_slll_13          
00013696  __mspabi_slll_12          
0001369a  __mspabi_slll_11          
0001369e  __mspabi_slll_10          
000136a2  __mspabi_slll_9           
000136a6  __mspabi_slll_8           
000136aa  __mspabi_slll_7           
000136ae  __mspabi_slll_6           
000136b2  __mspabi_slll_5           
000136b6  __mspabi_slll_4           
000136ba  __mspabi_slll_3           
000136be  __mspabi_slll_2           
000136c2  __mspabi_slll_1           
000136c8  __mspabi_srll_15          
000136cc  __mspabi_srll_14          
000136d0  __mspabi_srll_13          
000136d4  __mspabi_srll_12          
000136d8  __mspabi_srll_11          
000136dc  __mspabi_srll_10          
000136e0  __mspabi_srll_9           
000136e4  __mspabi_srll_8           
000136e8  __mspabi_srll_7           
000136ec  __mspabi_srll_6           
000136f0  __mspabi_srll_5           
000136f4  __mspabi_srll_4           
000136f8  __mspabi_srll_3           
000136fc  __mspabi_srll_2           
00013700  __mspabi_srll_1           
00013706  SPI_WriteB                
00013740  ADC_Module                
00013778  signal                    
000137b0  Init_TimerB0              
000137e6  _Feraise                  
0001381c  Init_Buttons              
00013850  feraiseexcept             
00013884  Init_TLC5940              
000138b6  Init_TimerA0              
000138e8  Init_TimerA1              
0001391a  Init_TimerA2              
0001394c  __mspabi_subd             
0001397e  raise                     
000139b0  ADC_SetMidpointOffset     
000139e0  __mspabi_negd             
00013a0e  Init_System               
00013a3a  __mspabi_divi             
00013a3a  __mspabi_remi             
00013a66  memcpy                    
00013a90  __mpu_init                
00013ab8  __mspabi_fixdi            
00013ae0  FTR_CLK                   
00013b06  Init_Filter               
00013b2c  TLC_GSCLK                 
00013b52  BUT_Button1Interrupt      
00013b76  LED_Red                   
00013b9a  MSC_Round                 
00013bbe  TLC_XERRInterrupt         
00013be2  __TI_zero_init            
00013c06  SPI_ModuleB               
00013c28  SPI_ModuleInterruptsB     
00013c4a  UART_ReceiveInterrupt     
00013c6c  UART_TransmitInterrupt    
00013c8e  __mspabi_mpyl_f5hw        
00013cb0  ADC_EnableConversion      
00013cce  ADC_Interrupt             
00013cec  BUT_Button2Interrupt      
00013d0a  LED_Green                 
00013d28  TMR_InterruptTimerA0      
00013d46  TMR_InterruptTimerA1      
00013d64  TMR_InterruptTimerA2      
00013d82  TMR_InterruptTimerB0      
00013da0  UART_Module               
00013dbe  UART_SendChar             
00013ddc  UART_Sleep                
00013dfa  MSC_DelayUS               
00013e16  ADC_SampleWait            
00013e2e  __TI_decompress_none      
00013e44  __mspabi_divu             
00013e44  __mspabi_remu             
00013e5a  __mspabi_mpyi_f5hw        
00013e70  ADC_Read                  
00013e82  MSC_CleanBuffer           
00013e94  Init_Timers               
00013ea4  TLC_Blank                 
00013eb4  TLC_XLAT                  
00013ec4  __mspabi_sral             
00013ed4  __mspabi_slll             
00013ee4  __mspabi_srll             
00013ef4  MSC_ABSL                  
00013f02  Init_Processing           
00013f02  PRO_ClearProcessBuffer    
00013f0e  __mspabi_fltid            
00013f1a  __mspabi_slli             
00013f24  __mspabi_srli             
00013f2e  MSC_Test0Toggle           
00013f36  TMR_ResetTimerA0          
00013f3c  TMR_ResetTimerA1          
00013f42  TMR_ResetTimerB0          
00013f48  TMR_SetTimerB0            
00013f4e  __TI_decompress_rle24     
00013f54  _system_pre_init          
00013f58  C$$EXIT                   
00013f58  abort                     
00013f5c  _nop                      
ffffffff  __binit__                 
ffffffff  __c_args__                
ffffffff  binit                     
UNDEFED   __TI_INITARRAY_Base       
UNDEFED   __TI_INITARRAY_Limit      

[1062 symbols]
