<?xml version="1.0"?>
<link_info>
   <banner>MSP430 Linker PC v4.4.6</banner>
   <copyright>Copyright (c) 2003-2015 Texas Instruments Incorporated</copyright>
   <link_time>0x564dfae7</link_time>
   <link_errors>0x0</link_errors>
   <output_file>MSP_Launchpad_Booster_LED.out</output_file>
   <entry_point>
      <name>_c_int00_noargs_noexit_mpu</name>
      <address>0x61d4</address>
   </entry_point>
   <input_file_list>
      <input_file id="fl-4c">
         <path>C:\ti\ccsv6\tools\compiler\ti-cgt-msp430_4.4.6\lib\</path>
         <kind>archive</kind>
         <file>rts430x_lc_rd_eabi.lib</file>
         <name>int30.obj</name>
      </input_file>
      <input_file id="fl-4d">
         <path>C:\ti\ccsv6\tools\compiler\ti-cgt-msp430_4.4.6\lib\</path>
         <kind>archive</kind>
         <file>rts430x_lc_rd_eabi.lib</file>
         <name>isr_trap.obj</name>
      </input_file>
      <input_file id="fl-4e">
         <path>C:\ti\ccsv6\tools\compiler\ti-cgt-msp430_4.4.6\lib\</path>
         <kind>archive</kind>
         <file>rts430x_lc_rd_eabi.lib</file>
         <name>int31.obj</name>
      </input_file>
      <input_file id="fl-4f">
         <path>C:\ti\ccsv6\tools\compiler\ti-cgt-msp430_4.4.6\lib\</path>
         <kind>archive</kind>
         <file>rts430x_lc_rd_eabi.lib</file>
         <name>int33.obj</name>
      </input_file>
      <input_file id="fl-50">
         <path>C:\ti\ccsv6\tools\compiler\ti-cgt-msp430_4.4.6\lib\</path>
         <kind>archive</kind>
         <file>rts430x_lc_rd_eabi.lib</file>
         <name>int34.obj</name>
      </input_file>
      <input_file id="fl-51">
         <path>C:\ti\ccsv6\tools\compiler\ti-cgt-msp430_4.4.6\lib\</path>
         <kind>archive</kind>
         <file>rts430x_lc_rd_eabi.lib</file>
         <name>int35.obj</name>
      </input_file>
      <input_file id="fl-52">
         <path>C:\ti\ccsv6\tools\compiler\ti-cgt-msp430_4.4.6\lib\</path>
         <kind>archive</kind>
         <file>rts430x_lc_rd_eabi.lib</file>
         <name>int36.obj</name>
      </input_file>
      <input_file id="fl-53">
         <path>C:\ti\ccsv6\tools\compiler\ti-cgt-msp430_4.4.6\lib\</path>
         <kind>archive</kind>
         <file>rts430x_lc_rd_eabi.lib</file>
         <name>int42.obj</name>
      </input_file>
      <input_file id="fl-54">
         <path>C:\ti\ccsv6\tools\compiler\ti-cgt-msp430_4.4.6\lib\</path>
         <kind>archive</kind>
         <file>rts430x_lc_rd_eabi.lib</file>
         <name>int48.obj</name>
      </input_file>
      <input_file id="fl-55">
         <path>C:\ti\ccsv6\tools\compiler\ti-cgt-msp430_4.4.6\lib\</path>
         <kind>archive</kind>
         <file>rts430x_lc_rd_eabi.lib</file>
         <name>int49.obj</name>
      </input_file>
      <input_file id="fl-56">
         <path>C:\ti\ccsv6\tools\compiler\ti-cgt-msp430_4.4.6\lib\</path>
         <kind>archive</kind>
         <file>rts430x_lc_rd_eabi.lib</file>
         <name>int52.obj</name>
      </input_file>
      <input_file id="fl-57">
         <path>C:\ti\ccsv6\tools\compiler\ti-cgt-msp430_4.4.6\lib\</path>
         <kind>archive</kind>
         <file>rts430x_lc_rd_eabi.lib</file>
         <name>int53.obj</name>
      </input_file>
      <input_file id="fl-58">
         <path>C:\ti\ccsv6\tools\compiler\ti-cgt-msp430_4.4.6\lib\</path>
         <kind>archive</kind>
         <file>rts430x_lc_rd_eabi.lib</file>
         <name>int54.obj</name>
      </input_file>
      <input_file id="fl-60">
         <path>C:\ti\ccsv6\tools\compiler\ti-cgt-msp430_4.4.6\lib\</path>
         <kind>archive</kind>
         <file>rts430x_lc_rd_eabi.lib</file>
         <name>div16u.obj</name>
      </input_file>
      <input_file id="fl-61">
         <path>C:\ti\ccsv6\tools\compiler\ti-cgt-msp430_4.4.6\lib\</path>
         <kind>archive</kind>
         <file>rts430x_lc_rd_eabi.lib</file>
         <name>div32u.obj</name>
      </input_file>
      <input_file id="fl-6a">
         <path>C:\ti\ccsv6\tools\compiler\ti-cgt-msp430_4.4.6\lib\</path>
         <kind>archive</kind>
         <file>rts430x_lc_rd_eabi.lib</file>
         <name>mult16.obj</name>
      </input_file>
      <input_file id="fl-6b">
         <path>C:\ti\ccsv6\tools\compiler\ti-cgt-msp430_4.4.6\lib\</path>
         <kind>archive</kind>
         <file>rts430x_lc_rd_eabi.lib</file>
         <name>mult16_f5hw.obj</name>
      </input_file>
      <input_file id="fl-6c">
         <path>C:\ti\ccsv6\tools\compiler\ti-cgt-msp430_4.4.6\lib\</path>
         <kind>archive</kind>
         <file>rts430x_lc_rd_eabi.lib</file>
         <name>mult32.obj</name>
      </input_file>
      <input_file id="fl-6d">
         <path>C:\ti\ccsv6\tools\compiler\ti-cgt-msp430_4.4.6\lib\</path>
         <kind>archive</kind>
         <file>rts430x_lc_rd_eabi.lib</file>
         <name>mult32_f5hw.obj</name>
      </input_file>
      <input_file id="fl-6e">
         <path>C:\ti\ccsv6\tools\compiler\ti-cgt-msp430_4.4.6\lib\</path>
         <kind>archive</kind>
         <file>rts430x_lc_rd_eabi.lib</file>
         <name>mult64_f5hw.obj</name>
      </input_file>
      <input_file id="fl-6f">
         <path>C:\ti\ccsv6\tools\compiler\ti-cgt-msp430_4.4.6\lib\</path>
         <kind>archive</kind>
         <file>rts430x_lc_rd_eabi.lib</file>
         <name>mult1632_f5hw.obj</name>
      </input_file>
      <input_file id="fl-70">
         <path>C:\ti\ccsv6\tools\compiler\ti-cgt-msp430_4.4.6\lib\</path>
         <kind>archive</kind>
         <file>rts430x_lc_rd_eabi.lib</file>
         <name>mult3264_f5hw.obj</name>
      </input_file>
      <input_file id="fl-72">
         <path>C:\ti\ccsv6\tools\compiler\ti-cgt-msp430_4.4.6\lib\</path>
         <kind>archive</kind>
         <file>rts430x_lc_rd_eabi.lib</file>
         <name>lsl32.obj</name>
      </input_file>
      <input_file id="fl-73">
         <path>C:\ti\ccsv6\tools\compiler\ti-cgt-msp430_4.4.6\lib\</path>
         <kind>archive</kind>
         <file>rts430x_lc_rd_eabi.lib</file>
         <name>asr32.obj</name>
      </input_file>
      <input_file id="fl-74">
         <path>C:\ti\ccsv6\tools\compiler\ti-cgt-msp430_4.4.6\lib\</path>
         <kind>archive</kind>
         <file>rts430x_lc_rd_eabi.lib</file>
         <name>lsr32.obj</name>
      </input_file>
      <input_file id="fl-76">
         <path>C:\ti\ccsv6\tools\compiler\ti-cgt-msp430_4.4.6\lib\</path>
         <kind>archive</kind>
         <file>rts430x_lc_rd_eabi.lib</file>
         <name>boot.obj</name>
      </input_file>
      <input_file id="fl-77">
         <path>C:\ti\ccsv6\tools\compiler\ti-cgt-msp430_4.4.6\lib\</path>
         <kind>archive</kind>
         <file>rts430x_lc_rd_eabi.lib</file>
         <name>args_main.obj</name>
      </input_file>
      <input_file id="fl-79">
         <path>C:\ti\ccsv6\tools\compiler\ti-cgt-msp430_4.4.6\lib\</path>
         <kind>archive</kind>
         <file>rts430x_lc_rd_eabi.lib</file>
         <name>boot_special.obj</name>
      </input_file>
      <input_file id="fl-7c">
         <path>C:\ti\ccsv6\tools\compiler\ti-cgt-msp430_4.4.6\lib\</path>
         <kind>archive</kind>
         <file>rts430x_lc_rd_eabi.lib</file>
         <name>exit.obj</name>
      </input_file>
      <input_file id="fl-87">
         <path>C:\ti\ccsv6\tools\compiler\ti-cgt-msp430_4.4.6\lib\</path>
         <kind>archive</kind>
         <file>rts430x_lc_rd_eabi.lib</file>
         <name>div16s.obj</name>
      </input_file>
      <input_file id="fl-88">
         <path>C:\ti\ccsv6\tools\compiler\ti-cgt-msp430_4.4.6\lib\</path>
         <kind>archive</kind>
         <file>rts430x_lc_rd_eabi.lib</file>
         <name>lsl16.obj</name>
      </input_file>
      <input_file id="fl-89">
         <path>C:\ti\ccsv6\tools\compiler\ti-cgt-msp430_4.4.6\lib\</path>
         <kind>archive</kind>
         <file>rts430x_lc_rd_eabi.lib</file>
         <name>lsr16.obj</name>
      </input_file>
      <input_file id="fl-8e">
         <path>C:\Users\David\AppData\Local\Temp\</path>
         <kind>object</kind>
         <file>082242</file>
         <name>082242</name>
      </input_file>
      <input_file id="fl-8f">
         <path>C:\ti\ccsv6\tools\compiler\ti-cgt-msp430_4.4.6\lib\</path>
         <kind>archive</kind>
         <file>rts430x_lc_rd_eabi.lib</file>
         <name>addd.obj</name>
      </input_file>
      <input_file id="fl-90">
         <path>C:\ti\ccsv6\tools\compiler\ti-cgt-msp430_4.4.6\lib\</path>
         <kind>archive</kind>
         <file>rts430x_lc_rd_eabi.lib</file>
         <name>autoinit_wdt.obj</name>
      </input_file>
      <input_file id="fl-91">
         <path>C:\ti\ccsv6\tools\compiler\ti-cgt-msp430_4.4.6\lib\</path>
         <kind>archive</kind>
         <file>rts430x_lc_rd_eabi.lib</file>
         <name>cmpd.obj</name>
      </input_file>
      <input_file id="fl-92">
         <path>C:\ti\ccsv6\tools\compiler\ti-cgt-msp430_4.4.6\lib\</path>
         <kind>archive</kind>
         <file>rts430x_lc_rd_eabi.lib</file>
         <name>divd.obj</name>
      </input_file>
      <input_file id="fl-93">
         <path>C:\ti\ccsv6\tools\compiler\ti-cgt-msp430_4.4.6\lib\</path>
         <kind>archive</kind>
         <file>rts430x_lc_rd_eabi.lib</file>
         <name>fixdi.obj</name>
      </input_file>
      <input_file id="fl-94">
         <path>C:\ti\ccsv6\tools\compiler\ti-cgt-msp430_4.4.6\lib\</path>
         <kind>archive</kind>
         <file>rts430x_lc_rd_eabi.lib</file>
         <name>fixdli.obj</name>
      </input_file>
      <input_file id="fl-95">
         <path>C:\ti\ccsv6\tools\compiler\ti-cgt-msp430_4.4.6\lib\</path>
         <kind>archive</kind>
         <file>rts430x_lc_rd_eabi.lib</file>
         <name>fixdul.obj</name>
      </input_file>
      <input_file id="fl-96">
         <path>C:\ti\ccsv6\tools\compiler\ti-cgt-msp430_4.4.6\lib\</path>
         <kind>archive</kind>
         <file>rts430x_lc_rd_eabi.lib</file>
         <name>fltid.obj</name>
      </input_file>
      <input_file id="fl-97">
         <path>C:\ti\ccsv6\tools\compiler\ti-cgt-msp430_4.4.6\lib\</path>
         <kind>archive</kind>
         <file>rts430x_lc_rd_eabi.lib</file>
         <name>fltlid.obj</name>
      </input_file>
      <input_file id="fl-98">
         <path>C:\ti\ccsv6\tools\compiler\ti-cgt-msp430_4.4.6\lib\</path>
         <kind>archive</kind>
         <file>rts430x_lc_rd_eabi.lib</file>
         <name>fltuld.obj</name>
      </input_file>
      <input_file id="fl-99">
         <path>C:\ti\ccsv6\tools\compiler\ti-cgt-msp430_4.4.6\lib\</path>
         <kind>archive</kind>
         <file>rts430x_lc_rd_eabi.lib</file>
         <name>frcaddd.obj</name>
      </input_file>
      <input_file id="fl-9a">
         <path>C:\ti\ccsv6\tools\compiler\ti-cgt-msp430_4.4.6\lib\</path>
         <kind>archive</kind>
         <file>rts430x_lc_rd_eabi.lib</file>
         <name>frcdivd.obj</name>
      </input_file>
      <input_file id="fl-9b">
         <path>C:\ti\ccsv6\tools\compiler\ti-cgt-msp430_4.4.6\lib\</path>
         <kind>archive</kind>
         <file>rts430x_lc_rd_eabi.lib</file>
         <name>mpyd.obj</name>
      </input_file>
      <input_file id="fl-9c">
         <path>C:\ti\ccsv6\tools\compiler\ti-cgt-msp430_4.4.6\lib\</path>
         <kind>archive</kind>
         <file>rts430x_lc_rd_eabi.lib</file>
         <name>negd.obj</name>
      </input_file>
      <input_file id="fl-9d">
         <path>C:\ti\ccsv6\tools\compiler\ti-cgt-msp430_4.4.6\lib\</path>
         <kind>archive</kind>
         <file>rts430x_lc_rd_eabi.lib</file>
         <name>renormd.obj</name>
      </input_file>
      <input_file id="fl-9e">
         <path>C:\ti\ccsv6\tools\compiler\ti-cgt-msp430_4.4.6\lib\</path>
         <kind>archive</kind>
         <file>rts430x_lc_rd_eabi.lib</file>
         <name>subd.obj</name>
      </input_file>
      <input_file id="fl-9f">
         <path>C:\ti\ccsv6\tools\compiler\ti-cgt-msp430_4.4.6\lib\</path>
         <kind>archive</kind>
         <file>rts430x_lc_rd_eabi.lib</file>
         <name>frcmpyd.obj</name>
      </input_file>
   </input_file_list>
   <object_component_list>
      <object_component id="oc-2a6">
         <name>.fram_vars</name>
         <uninitialized>true</uninitialized>
         <run_address>0x4400</run_address>
         <size>0xfa0</size>
         <input_file_ref idref="fl-8"/>
      </object_component>
      <object_component id="oc-40e">
         <name>.cinit..data.load</name>
         <load_address>0x64de</load_address>
         <run_address>0x64de</run_address>
         <size>0xd</size>
      </object_component>
      <object_component id="oc-40b">
         <name>__TI_handler_table</name>
         <load_address>0x64ec</load_address>
         <run_address>0x64ec</run_address>
         <size>0xc</size>
      </object_component>
      <object_component id="oc-40d">
         <name>.cinit..bss.load</name>
         <load_address>0x64f8</load_address>
         <run_address>0x64f8</run_address>
         <size>0x6</size>
      </object_component>
      <object_component id="oc-40c">
         <name>__TI_cinit_table</name>
         <load_address>0x64fe</load_address>
         <run_address>0x64fe</run_address>
         <size>0x10</size>
      </object_component>
      <object_component id="oc-344">
         <name>.const:Table_UCBRSx</name>
         <load_address>0x6234</load_address>
         <run_address>0x6234</run_address>
         <size>0x240</size>
         <input_file_ref idref="fl-d"/>
      </object_component>
      <object_component id="oc-213">
         <name>.const:.string</name>
         <load_address>0x6474</load_address>
         <run_address>0x6474</run_address>
         <size>0x6a</size>
         <input_file_ref idref="fl-8e"/>
      </object_component>
      <object_component id="oc-11c">
         <name>.text:_isr:USCI_A1_ISR</name>
         <load_address>0x6000</load_address>
         <run_address>0x6000</run_address>
         <size>0xbe</size>
         <input_file_ref idref="fl-5"/>
      </object_component>
      <object_component id="oc-134">
         <name>.text:_isr:USCI_B0_ISR</name>
         <load_address>0x60be</load_address>
         <run_address>0x60be</run_address>
         <size>0x42</size>
         <input_file_ref idref="fl-5"/>
      </object_component>
      <object_component id="oc-10a">
         <name>.text:_isr:Port1_ISR</name>
         <load_address>0x6100</load_address>
         <run_address>0x6100</run_address>
         <size>0x40</size>
         <input_file_ref idref="fl-5"/>
      </object_component>
      <object_component id="oc-f8">
         <name>.text:_isr:Port4_ISR</name>
         <load_address>0x6140</load_address>
         <run_address>0x6140</run_address>
         <size>0x36</size>
         <input_file_ref idref="fl-5"/>
      </object_component>
      <object_component id="oc-12e">
         <name>.text:_isr:ADC12_ISR</name>
         <load_address>0x6176</load_address>
         <run_address>0x6176</run_address>
         <size>0x20</size>
         <input_file_ref idref="fl-5"/>
      </object_component>
      <object_component id="oc-116">
         <name>.text:_isr:TIMER1_A0_ISR</name>
         <load_address>0x6196</load_address>
         <run_address>0x6196</run_address>
         <size>0x20</size>
         <input_file_ref idref="fl-5"/>
      </object_component>
      <object_component id="oc-128">
         <name>.text:_isr:TIMER0_A0_ISR</name>
         <load_address>0x61b6</load_address>
         <run_address>0x61b6</run_address>
         <size>0x1e</size>
         <input_file_ref idref="fl-5"/>
      </object_component>
      <object_component id="oc-bc">
         <name>.text:_isr:_c_int00_noargs_noexit_mpu</name>
         <load_address>0x61d4</load_address>
         <run_address>0x61d4</run_address>
         <size>0x1e</size>
         <input_file_ref idref="fl-79"/>
      </object_component>
      <object_component id="oc-104">
         <name>.text:_isr:Timer2_A0_ISR</name>
         <load_address>0x61f2</load_address>
         <run_address>0x61f2</run_address>
         <size>0xe</size>
         <input_file_ref idref="fl-5"/>
      </object_component>
      <object_component id="oc-122">
         <name>.text:_isr:TIMER0_A1_ISR</name>
         <load_address>0x6200</load_address>
         <run_address>0x6200</run_address>
         <size>0xa</size>
         <input_file_ref idref="fl-5"/>
      </object_component>
      <object_component id="oc-110">
         <name>.text:_isr:TIMER1_A1_ISR</name>
         <load_address>0x620a</load_address>
         <run_address>0x620a</run_address>
         <size>0xa</size>
         <input_file_ref idref="fl-5"/>
      </object_component>
      <object_component id="oc-13a">
         <name>.text:_isr:Timer0_B1_ISR</name>
         <load_address>0x6214</load_address>
         <run_address>0x6214</run_address>
         <size>0xa</size>
         <input_file_ref idref="fl-5"/>
      </object_component>
      <object_component id="oc-fe">
         <name>.text:_isr:Timer2_A1_ISR</name>
         <load_address>0x621e</load_address>
         <run_address>0x621e</run_address>
         <size>0xa</size>
         <input_file_ref idref="fl-5"/>
      </object_component>
      <object_component id="oc-140">
         <name>.text:_isr:Timer0_B0_ISR</name>
         <load_address>0x6228</load_address>
         <run_address>0x6228</run_address>
         <size>0x6</size>
         <input_file_ref idref="fl-5"/>
      </object_component>
      <object_component id="oc-f3">
         <name>.text:_isr:__TI_ISR_TRAP</name>
         <load_address>0x622e</load_address>
         <run_address>0x622e</run_address>
         <size>0x6</size>
         <input_file_ref idref="fl-4d"/>
      </object_component>
      <object_component id="oc-304">
         <name>.text:__TI_frcdivd</name>
         <load_address>0x10000</load_address>
         <run_address>0x10000</run_address>
         <size>0x452</size>
         <input_file_ref idref="fl-9a"/>
      </object_component>
      <object_component id="oc-201">
         <name>.text:SYS_CalculateClocks</name>
         <load_address>0x10452</load_address>
         <run_address>0x10452</run_address>
         <size>0x342</size>
         <input_file_ref idref="fl-a"/>
      </object_component>
      <object_component id="oc-373">
         <name>.text:__TI_frcmpyd</name>
         <load_address>0x10794</load_address>
         <run_address>0x10794</run_address>
         <size>0x2e4</size>
         <input_file_ref idref="fl-9f"/>
      </object_component>
      <object_component id="oc-311">
         <name>.text:__mspabi_addd</name>
         <load_address>0x10a78</load_address>
         <run_address>0x10a78</run_address>
         <size>0x2d8</size>
         <input_file_ref idref="fl-8f"/>
      </object_component>
      <object_component id="oc-33e">
         <name>.text:__mspabi_mpyd</name>
         <load_address>0x10d50</load_address>
         <run_address>0x10d50</run_address>
         <size>0x282</size>
         <input_file_ref idref="fl-9b"/>
      </object_component>
      <object_component id="oc-364">
         <name>.text:__TI_frcaddd</name>
         <load_address>0x10fd2</load_address>
         <run_address>0x10fd2</run_address>
         <size>0x252</size>
         <input_file_ref idref="fl-99"/>
      </object_component>
      <object_component id="oc-2e8">
         <name>.text:UART_Parameters</name>
         <load_address>0x11224</load_address>
         <run_address>0x11224</run_address>
         <size>0x226</size>
         <input_file_ref idref="fl-d"/>
      </object_component>
      <object_component id="oc-2cd">
         <name>.text:__mspabi_divd</name>
         <load_address>0x1144a</load_address>
         <run_address>0x1144a</run_address>
         <size>0x222</size>
         <input_file_ref idref="fl-92"/>
      </object_component>
      <object_component id="oc-167">
         <name>.text:main</name>
         <load_address>0x1166c</load_address>
         <run_address>0x1166c</run_address>
         <size>0x1e8</size>
         <input_file_ref idref="fl-f"/>
      </object_component>
      <object_component id="oc-1ad">
         <name>.text:TLC_UpdateLEDs</name>
         <load_address>0x11854</load_address>
         <run_address>0x11854</run_address>
         <size>0x1aa</size>
         <input_file_ref idref="fl-c"/>
      </object_component>
      <object_component id="oc-20d">
         <name>.text:Init_System</name>
         <load_address>0x119fe</load_address>
         <run_address>0x119fe</run_address>
         <size>0x154</size>
         <input_file_ref idref="fl-e"/>
      </object_component>
      <object_component id="oc-332">
         <name>.text:__mspabi_cmpd</name>
         <load_address>0x11b52</load_address>
         <run_address>0x11b52</run_address>
         <size>0xd8</size>
         <input_file_ref idref="fl-91"/>
      </object_component>
      <object_component id="oc-270">
         <name>.text:Init_Timers</name>
         <load_address>0x11c2a</load_address>
         <run_address>0x11c2a</run_address>
         <size>0xd0</size>
         <input_file_ref idref="fl-b"/>
      </object_component>
      <object_component id="oc-227">
         <name>.text:TLC_SetLEDsLinear</name>
         <load_address>0x11cfa</load_address>
         <run_address>0x11cfa</run_address>
         <size>0xba</size>
         <input_file_ref idref="fl-c"/>
      </object_component>
      <object_component id="oc-38d">
         <name>.text:__TI_renormd</name>
         <load_address>0x11db4</load_address>
         <run_address>0x11db4</run_address>
         <size>0xb2</size>
         <input_file_ref idref="fl-9d"/>
      </object_component>
      <object_component id="oc-207">
         <name>.text:Init_App</name>
         <load_address>0x11e66</load_address>
         <run_address>0x11e66</run_address>
         <size>0xa2</size>
         <input_file_ref idref="fl-e"/>
      </object_component>
      <object_component id="oc-2a9">
         <name>.text:Init_Filter</name>
         <load_address>0x11f08</load_address>
         <run_address>0x11f08</run_address>
         <size>0x94</size>
         <input_file_ref idref="fl-4"/>
      </object_component>
      <object_component id="oc-31d">
         <name>.text:__mspabi_fltlid</name>
         <load_address>0x11f9c</load_address>
         <run_address>0x11f9c</run_address>
         <size>0x94</size>
         <input_file_ref idref="fl-97"/>
      </object_component>
      <object_component id="oc-21b">
         <name>.text:PRO_AddToProcessBuffer</name>
         <load_address>0x12030</load_address>
         <run_address>0x12030</run_address>
         <size>0x8a</size>
         <input_file_ref idref="fl-8"/>
      </object_component>
      <object_component id="oc-2c7">
         <name>.text:__mspabi_fltuld</name>
         <load_address>0x120ba</load_address>
         <run_address>0x120ba</run_address>
         <size>0x76</size>
         <input_file_ref idref="fl-98"/>
      </object_component>
      <object_component id="oc-221">
         <name>.text:PRO_ProcessData</name>
         <load_address>0x12130</load_address>
         <run_address>0x12130</run_address>
         <size>0x6e</size>
         <input_file_ref idref="fl-8"/>
      </object_component>
      <object_component id="oc-14d">
         <name>.text:_auto_init_hold_wdt</name>
         <load_address>0x1219e</load_address>
         <run_address>0x1219e</run_address>
         <size>0x6c</size>
         <input_file_ref idref="fl-90"/>
      </object_component>
      <object_component id="oc-ec">
         <name>.text:__TI_decompress_rle_core$15</name>
         <load_address>0x1220a</load_address>
         <run_address>0x1220a</run_address>
         <size>0x68</size>
         <input_file_ref idref="fl-4b"/>
      </object_component>
      <object_component id="oc-2f4">
         <name>.text:__mspabi_fixdul</name>
         <load_address>0x12272</load_address>
         <run_address>0x12272</run_address>
         <size>0x68</size>
         <input_file_ref idref="fl-95"/>
      </object_component>
      <object_component id="oc-317">
         <name>.text:__mspabi_fixdli</name>
         <load_address>0x122da</load_address>
         <run_address>0x122da</run_address>
         <size>0x66</size>
         <input_file_ref idref="fl-94"/>
      </object_component>
      <object_component id="oc-28e">
         <name>.text:Init_UART</name>
         <load_address>0x12340</load_address>
         <run_address>0x12340</run_address>
         <size>0x60</size>
         <input_file_ref idref="fl-d"/>
      </object_component>
      <object_component id="oc-27c">
         <name>.text:SPI_SetParametersB</name>
         <load_address>0x123a0</load_address>
         <run_address>0x123a0</run_address>
         <size>0x5a</size>
         <input_file_ref idref="fl-9"/>
      </object_component>
      <object_component id="oc-2b2">
         <name>.text</name>
         <load_address>0x123fa</load_address>
         <run_address>0x123fa</run_address>
         <size>0x58</size>
         <input_file_ref idref="fl-61"/>
      </object_component>
      <object_component id="oc-2bf">
         <name>.text:TMR_ModeTimerB0</name>
         <load_address>0x12452</load_address>
         <run_address>0x12452</run_address>
         <size>0x4e</size>
         <input_file_ref idref="fl-b"/>
      </object_component>
      <object_component id="oc-356">
         <name>.text:l_asr_const</name>
         <load_address>0x124a0</load_address>
         <run_address>0x124a0</run_address>
         <size>0x3e</size>
         <input_file_ref idref="fl-73"/>
      </object_component>
      <object_component id="oc-2fd">
         <name>.text:l_lsl_const</name>
         <load_address>0x124de</load_address>
         <run_address>0x124de</run_address>
         <size>0x3e</size>
         <input_file_ref idref="fl-72"/>
      </object_component>
      <object_component id="oc-269">
         <name>.text:l_lsr_const</name>
         <load_address>0x1251c</load_address>
         <run_address>0x1251c</run_address>
         <size>0x3e</size>
         <input_file_ref idref="fl-74"/>
      </object_component>
      <object_component id="oc-214">
         <name>.text:ADC_SampleWait</name>
         <load_address>0x1255a</load_address>
         <run_address>0x1255a</run_address>
         <size>0x36</size>
         <input_file_ref idref="fl-2"/>
      </object_component>
      <object_component id="oc-32c">
         <name>.text:__mspabi_subd</name>
         <load_address>0x12590</load_address>
         <run_address>0x12590</run_address>
         <size>0x32</size>
         <input_file_ref idref="fl-9e"/>
      </object_component>
      <object_component id="oc-338">
         <name>.text:__mspabi_negd</name>
         <load_address>0x125c2</load_address>
         <run_address>0x125c2</run_address>
         <size>0x2e</size>
         <input_file_ref idref="fl-9c"/>
      </object_component>
      <object_component id="oc-29a">
         <name>.text:ADC_Module</name>
         <load_address>0x125f0</load_address>
         <run_address>0x125f0</run_address>
         <size>0x2c</size>
         <input_file_ref idref="fl-2"/>
      </object_component>
      <object_component id="oc-23b">
         <name>.text:SPI_WriteB</name>
         <load_address>0x1261c</load_address>
         <run_address>0x1261c</run_address>
         <size>0x2c</size>
         <input_file_ref idref="fl-9"/>
      </object_component>
      <object_component id="oc-160">
         <name>.text:__mpu_init</name>
         <load_address>0x12648</load_address>
         <run_address>0x12648</run_address>
         <size>0x28</size>
         <input_file_ref idref="fl-7a"/>
      </object_component>
      <object_component id="oc-2d9">
         <name>.text:__mspabi_fixdi</name>
         <load_address>0x12670</load_address>
         <run_address>0x12670</run_address>
         <size>0x28</size>
         <input_file_ref idref="fl-93"/>
      </object_component>
      <object_component id="oc-234">
         <name>.text:TLC_GSCLK</name>
         <load_address>0x12698</load_address>
         <run_address>0x12698</run_address>
         <size>0x26</size>
         <input_file_ref idref="fl-c"/>
      </object_component>
      <object_component id="oc-2d3">
         <name>.text:MSC_Round</name>
         <load_address>0x126be</load_address>
         <run_address>0x126be</run_address>
         <size>0x24</size>
         <input_file_ref idref="fl-7"/>
      </object_component>
      <object_component id="oc-98">
         <name>.text:decompress:ZI:__TI_zero_init</name>
         <load_address>0x126e2</load_address>
         <run_address>0x126e2</run_address>
         <size>0x24</size>
         <input_file_ref idref="fl-59"/>
      </object_component>
      <object_component id="oc-351">
         <name>.text</name>
         <load_address>0x12706</load_address>
         <run_address>0x12706</run_address>
         <size>0x22</size>
         <input_file_ref idref="fl-6d"/>
      </object_component>
      <object_component id="oc-294">
         <name>.text:ADC_EnableConversion</name>
         <load_address>0x12728</load_address>
         <run_address>0x12728</run_address>
         <size>0x1e</size>
         <input_file_ref idref="fl-2"/>
      </object_component>
      <object_component id="oc-1d3">
         <name>.text:UART_SendChar</name>
         <load_address>0x12746</load_address>
         <run_address>0x12746</run_address>
         <size>0x1e</size>
         <input_file_ref idref="fl-d"/>
      </object_component>
      <object_component id="oc-1a5">
         <name>.text:BUT_Button1Interrupt</name>
         <load_address>0x12764</load_address>
         <run_address>0x12764</run_address>
         <size>0x18</size>
         <input_file_ref idref="fl-3"/>
      </object_component>
      <object_component id="oc-196">
         <name>.text:LED_Red</name>
         <load_address>0x1277c</load_address>
         <run_address>0x1277c</run_address>
         <size>0x18</size>
         <input_file_ref idref="fl-6"/>
      </object_component>
      <object_component id="oc-1ba">
         <name>.text:TMR_ModeTimerA0</name>
         <load_address>0x12794</load_address>
         <run_address>0x12794</run_address>
         <size>0x16</size>
         <input_file_ref idref="fl-b"/>
      </object_component>
      <object_component id="oc-19f">
         <name>.text:TMR_ModeTimerA1</name>
         <load_address>0x127aa</load_address>
         <run_address>0x127aa</run_address>
         <size>0x16</size>
         <input_file_ref idref="fl-b"/>
      </object_component>
      <object_component id="oc-288">
         <name>.text:TMR_ModeTimerA2</name>
         <load_address>0x127c0</load_address>
         <run_address>0x127c0</run_address>
         <size>0x16</size>
         <input_file_ref idref="fl-b"/>
      </object_component>
      <object_component id="oc-35b">
         <name>.text</name>
         <load_address>0x127d6</load_address>
         <run_address>0x127d6</run_address>
         <size>0x16</size>
         <input_file_ref idref="fl-6b"/>
      </object_component>
      <object_component id="oc-2a0">
         <name>.text:ADC_SetReference</name>
         <load_address>0x127ec</load_address>
         <run_address>0x127ec</run_address>
         <size>0x14</size>
         <input_file_ref idref="fl-2"/>
      </object_component>
      <object_component id="oc-1c0">
         <name>.text:BUT_Button2Interrupt</name>
         <load_address>0x12800</load_address>
         <run_address>0x12800</run_address>
         <size>0x14</size>
         <input_file_ref idref="fl-3"/>
      </object_component>
      <object_component id="oc-1b4">
         <name>.text:LED_Green</name>
         <load_address>0x12814</load_address>
         <run_address>0x12814</run_address>
         <size>0x14</size>
         <input_file_ref idref="fl-6"/>
      </object_component>
      <object_component id="oc-2e2">
         <name>.text:UART_ReceiveInterrupt</name>
         <load_address>0x12828</load_address>
         <run_address>0x12828</run_address>
         <size>0x14</size>
         <input_file_ref idref="fl-d"/>
      </object_component>
      <object_component id="oc-1cd">
         <name>.text:UART_TransmitInterrupt</name>
         <load_address>0x1283c</load_address>
         <run_address>0x1283c</run_address>
         <size>0x14</size>
         <input_file_ref idref="fl-d"/>
      </object_component>
      <object_component id="oc-73">
         <name>.text:decompress:none:__TI_decompress_none</name>
         <load_address>0x12850</load_address>
         <run_address>0x12850</run_address>
         <size>0x12</size>
         <input_file_ref idref="fl-4a"/>
      </object_component>
      <object_component id="oc-de">
         <name>.text:memcpy</name>
         <load_address>0x12862</load_address>
         <run_address>0x12862</run_address>
         <size>0x12</size>
         <input_file_ref idref="fl-7f"/>
      </object_component>
      <object_component id="oc-388">
         <name>.text:l_asr</name>
         <load_address>0x12874</load_address>
         <run_address>0x12874</run_address>
         <size>0x10</size>
         <input_file_ref idref="fl-73"/>
      </object_component>
      <object_component id="oc-383">
         <name>.text:l_lsl</name>
         <load_address>0x12884</load_address>
         <run_address>0x12884</run_address>
         <size>0x10</size>
         <input_file_ref idref="fl-72"/>
      </object_component>
      <object_component id="oc-348">
         <name>.text:l_lsr</name>
         <load_address>0x12894</load_address>
         <run_address>0x12894</run_address>
         <size>0x10</size>
         <input_file_ref idref="fl-74"/>
      </object_component>
      <object_component id="oc-282">
         <name>.text:MSC_CleanBuffer</name>
         <load_address>0x128a4</load_address>
         <run_address>0x128a4</run_address>
         <size>0xe</size>
         <input_file_ref idref="fl-7"/>
      </object_component>
      <object_component id="oc-326">
         <name>.text:__mspabi_fltid</name>
         <load_address>0x128b2</load_address>
         <run_address>0x128b2</run_address>
         <size>0xc</size>
         <input_file_ref idref="fl-96"/>
      </object_component>
      <object_component id="oc-276">
         <name>.text:SPI_ModuleInterruptsB</name>
         <load_address>0x128be</load_address>
         <run_address>0x128be</run_address>
         <size>0xa</size>
         <input_file_ref idref="fl-9"/>
      </object_component>
      <object_component id="oc-79">
         <name>.text:decompress:rle24:__TI_decompress_rle24</name>
         <load_address>0x128c8</load_address>
         <run_address>0x128c8</run_address>
         <size>0x6</size>
         <input_file_ref idref="fl-4b"/>
      </object_component>
      <object_component id="oc-147">
         <name>.text:_system_pre_init</name>
         <load_address>0x128ce</load_address>
         <run_address>0x128ce</run_address>
         <size>0x4</size>
         <input_file_ref idref="fl-7b"/>
      </object_component>
      <object_component id="oc-16f">
         <name>.text:abort</name>
         <load_address>0x128d2</load_address>
         <run_address>0x128d2</run_address>
         <size>0x4</size>
         <input_file_ref idref="fl-7c"/>
      </object_component>
      <object_component id="oc-21a">
         <name>.common:ADC_Midpoint_Offset</name>
         <uninitialized>true</uninitialized>
         <run_address>0x2026</run_address>
         <size>0x6</size>
      </object_component>
      <object_component id="oc-1e0">
         <name>.common:ADC_Counts</name>
         <uninitialized>true</uninitialized>
         <run_address>0x2020</run_address>
         <size>0x6</size>
      </object_component>
      <object_component id="oc-1d9">
         <name>.common:RX_Buffer</name>
         <uninitialized>true</uninitialized>
         <run_address>0x1c00</run_address>
         <size>0x200</size>
      </object_component>
      <object_component id="oc-1cc">
         <name>.common:TX_Buffer</name>
         <uninitialized>true</uninitialized>
         <run_address>0x1e00</run_address>
         <size>0x200</size>
      </object_component>
      <object_component id="oc-23a">
         <name>.common:LEDs</name>
         <uninitialized>true</uninitialized>
         <run_address>0x2000</run_address>
         <size>0x20</size>
      </object_component>
      <object_component id="oc-1dd">
         <name>.data</name>
         <load_address>0x2047</load_address>
         <run_address>0x2047</run_address>
         <size>0x3</size>
         <input_file_ref idref="fl-2"/>
      </object_component>
      <object_component id="oc-266">
         <name>.data</name>
         <load_address>0x202c</load_address>
         <run_address>0x202c</run_address>
         <size>0x14</size>
         <input_file_ref idref="fl-a"/>
      </object_component>
      <object_component id="oc-19c">
         <name>.data</name>
         <load_address>0x204a</load_address>
         <run_address>0x204a</run_address>
         <size>0x2</size>
         <input_file_ref idref="fl-8"/>
      </object_component>
      <object_component id="oc-1e2">
         <name>.data</name>
         <load_address>0x204c</load_address>
         <run_address>0x204c</run_address>
         <size>0x1</size>
         <input_file_ref idref="fl-9"/>
      </object_component>
      <object_component id="oc-1c9">
         <name>.data</name>
         <load_address>0x2040</load_address>
         <run_address>0x2040</run_address>
         <size>0x7</size>
         <input_file_ref idref="fl-d"/>
      </object_component>
      <object_component id="oc-da">
         <name>.stack</name>
         <uninitialized>true</uninitialized>
         <run_address>0x2360</run_address>
         <size>0x4</size>
         <input_file_ref idref="fl-76"/>
      </object_component>
      <object_component id="oc-40f">
         <name>.stack</name>
         <uninitialized>true</uninitialized>
         <run_address>0x2360</run_address>
         <size>0x0</size>
      </object_component>
      <object_component id="oc-7f">
         <name>.int30</name>
         <load_address>0xffcc</load_address>
         <run_address>0xffcc</run_address>
         <size>0x2</size>
         <input_file_ref idref="fl-4c"/>
      </object_component>
      <object_component id="oc-80">
         <name>.int31</name>
         <load_address>0xffce</load_address>
         <run_address>0xffce</run_address>
         <size>0x2</size>
         <input_file_ref idref="fl-4e"/>
      </object_component>
      <object_component id="oc-81">
         <name>.int32</name>
         <load_address>0xffd0</load_address>
         <run_address>0xffd0</run_address>
         <size>0x2</size>
         <input_file_ref idref="fl-8e"/>
      </object_component>
      <object_component id="oc-82">
         <name>.int33</name>
         <load_address>0xffd2</load_address>
         <run_address>0xffd2</run_address>
         <size>0x2</size>
         <input_file_ref idref="fl-4f"/>
      </object_component>
      <object_component id="oc-83">
         <name>.int34</name>
         <load_address>0xffd4</load_address>
         <run_address>0xffd4</run_address>
         <size>0x2</size>
         <input_file_ref idref="fl-50"/>
      </object_component>
      <object_component id="oc-84">
         <name>.int35</name>
         <load_address>0xffd6</load_address>
         <run_address>0xffd6</run_address>
         <size>0x2</size>
         <input_file_ref idref="fl-51"/>
      </object_component>
      <object_component id="oc-85">
         <name>.int36</name>
         <load_address>0xffd8</load_address>
         <run_address>0xffd8</run_address>
         <size>0x2</size>
         <input_file_ref idref="fl-52"/>
      </object_component>
      <object_component id="oc-86">
         <name>.int37</name>
         <load_address>0xffda</load_address>
         <run_address>0xffda</run_address>
         <size>0x2</size>
         <input_file_ref idref="fl-8e"/>
      </object_component>
      <object_component id="oc-87">
         <name>.int38</name>
         <load_address>0xffdc</load_address>
         <run_address>0xffdc</run_address>
         <size>0x2</size>
         <input_file_ref idref="fl-8e"/>
      </object_component>
      <object_component id="oc-88">
         <name>.int39</name>
         <load_address>0xffde</load_address>
         <run_address>0xffde</run_address>
         <size>0x2</size>
         <input_file_ref idref="fl-8e"/>
      </object_component>
      <object_component id="oc-89">
         <name>.int40</name>
         <load_address>0xffe0</load_address>
         <run_address>0xffe0</run_address>
         <size>0x2</size>
         <input_file_ref idref="fl-8e"/>
      </object_component>
      <object_component id="oc-8a">
         <name>.int41</name>
         <load_address>0xffe2</load_address>
         <run_address>0xffe2</run_address>
         <size>0x2</size>
         <input_file_ref idref="fl-8e"/>
      </object_component>
      <object_component id="oc-8b">
         <name>.int42</name>
         <load_address>0xffe4</load_address>
         <run_address>0xffe4</run_address>
         <size>0x2</size>
         <input_file_ref idref="fl-53"/>
      </object_component>
      <object_component id="oc-8c">
         <name>.int43</name>
         <load_address>0xffe6</load_address>
         <run_address>0xffe6</run_address>
         <size>0x2</size>
         <input_file_ref idref="fl-8e"/>
      </object_component>
      <object_component id="oc-8d">
         <name>.int44</name>
         <load_address>0xffe8</load_address>
         <run_address>0xffe8</run_address>
         <size>0x2</size>
         <input_file_ref idref="fl-8e"/>
      </object_component>
      <object_component id="oc-8e">
         <name>.int45</name>
         <load_address>0xffea</load_address>
         <run_address>0xffea</run_address>
         <size>0x2</size>
         <input_file_ref idref="fl-8e"/>
      </object_component>
      <object_component id="oc-8f">
         <name>.int46</name>
         <load_address>0xffec</load_address>
         <run_address>0xffec</run_address>
         <size>0x2</size>
         <input_file_ref idref="fl-8e"/>
      </object_component>
      <object_component id="oc-90">
         <name>.int47</name>
         <load_address>0xffee</load_address>
         <run_address>0xffee</run_address>
         <size>0x2</size>
         <input_file_ref idref="fl-8e"/>
      </object_component>
      <object_component id="oc-91">
         <name>.int48</name>
         <load_address>0xfff0</load_address>
         <run_address>0xfff0</run_address>
         <size>0x2</size>
         <input_file_ref idref="fl-54"/>
      </object_component>
      <object_component id="oc-92">
         <name>.int49</name>
         <load_address>0xfff2</load_address>
         <run_address>0xfff2</run_address>
         <size>0x2</size>
         <input_file_ref idref="fl-55"/>
      </object_component>
      <object_component id="oc-93">
         <name>.int50</name>
         <load_address>0xfff4</load_address>
         <run_address>0xfff4</run_address>
         <size>0x2</size>
         <input_file_ref idref="fl-8e"/>
      </object_component>
      <object_component id="oc-94">
         <name>.int51</name>
         <load_address>0xfff6</load_address>
         <run_address>0xfff6</run_address>
         <size>0x2</size>
         <input_file_ref idref="fl-8e"/>
      </object_component>
      <object_component id="oc-95">
         <name>.int52</name>
         <load_address>0xfff8</load_address>
         <run_address>0xfff8</run_address>
         <size>0x2</size>
         <input_file_ref idref="fl-56"/>
      </object_component>
      <object_component id="oc-96">
         <name>.int53</name>
         <load_address>0xfffa</load_address>
         <run_address>0xfffa</run_address>
         <size>0x2</size>
         <input_file_ref idref="fl-57"/>
      </object_component>
      <object_component id="oc-97">
         <name>.int54</name>
         <load_address>0xfffc</load_address>
         <run_address>0xfffc</run_address>
         <size>0x2</size>
         <input_file_ref idref="fl-58"/>
      </object_component>
      <object_component id="oc-dd">
         <name>.reset</name>
         <load_address>0xfffe</load_address>
         <run_address>0xfffe</run_address>
         <size>0x2</size>
         <input_file_ref idref="fl-76"/>
      </object_component>
      <object_component id="oc-f6">
         <name>.debug_info</name>
         <load_address>0x0</load_address>
         <run_address>0x0</run_address>
         <size>0xec</size>
         <input_file_ref idref="fl-4d"/>
      </object_component>
      <object_component id="oc-2b3">
         <name>.debug_info</name>
         <load_address>0xec</load_address>
         <run_address>0xec</run_address>
         <size>0x100</size>
         <input_file_ref idref="fl-61"/>
      </object_component>
      <object_component id="oc-35e">
         <name>.debug_info</name>
         <load_address>0x1ec</load_address>
         <run_address>0x1ec</run_address>
         <size>0x10d</size>
         <input_file_ref idref="fl-6b"/>
      </object_component>
      <object_component id="oc-353">
         <name>.debug_info</name>
         <load_address>0x2f9</load_address>
         <run_address>0x2f9</run_address>
         <size>0x10d</size>
         <input_file_ref idref="fl-6d"/>
      </object_component>
      <object_component id="oc-385">
         <name>.debug_info</name>
         <load_address>0x406</load_address>
         <run_address>0x406</run_address>
         <size>0xfd</size>
         <input_file_ref idref="fl-72"/>
      </object_component>
      <object_component id="oc-2fe">
         <name>.debug_info</name>
         <load_address>0x503</load_address>
         <run_address>0x503</run_address>
         <size>0x103</size>
         <input_file_ref idref="fl-72"/>
      </object_component>
      <object_component id="oc-38a">
         <name>.debug_info</name>
         <load_address>0x606</load_address>
         <run_address>0x606</run_address>
         <size>0xfd</size>
         <input_file_ref idref="fl-73"/>
      </object_component>
      <object_component id="oc-359">
         <name>.debug_info</name>
         <load_address>0x703</load_address>
         <run_address>0x703</run_address>
         <size>0x103</size>
         <input_file_ref idref="fl-73"/>
      </object_component>
      <object_component id="oc-349">
         <name>.debug_info</name>
         <load_address>0x806</load_address>
         <run_address>0x806</run_address>
         <size>0xfd</size>
         <input_file_ref idref="fl-74"/>
      </object_component>
      <object_component id="oc-26c">
         <name>.debug_info</name>
         <load_address>0x903</load_address>
         <run_address>0x903</run_address>
         <size>0x103</size>
         <input_file_ref idref="fl-74"/>
      </object_component>
      <object_component id="oc-db">
         <name>.debug_info</name>
         <load_address>0xa06</load_address>
         <run_address>0xa06</run_address>
         <size>0xd6</size>
         <input_file_ref idref="fl-76"/>
      </object_component>
      <object_component id="oc-17d">
         <name>.debug_info</name>
         <load_address>0xadc</load_address>
         <run_address>0xadc</run_address>
         <size>0x84</size>
         <input_file_ref idref="fl-76"/>
      </object_component>
      <object_component id="oc-bd">
         <name>.debug_info</name>
         <load_address>0xb60</load_address>
         <run_address>0xb60</run_address>
         <size>0x190</size>
         <input_file_ref idref="fl-79"/>
      </object_component>
      <object_component id="oc-171">
         <name>.debug_info</name>
         <load_address>0xcf0</load_address>
         <run_address>0xcf0</run_address>
         <size>0xf8</size>
         <input_file_ref idref="fl-7c"/>
      </object_component>
      <object_component id="oc-ea">
         <name>.debug_info</name>
         <load_address>0xde8</load_address>
         <run_address>0xde8</run_address>
         <size>0x1092</size>
         <input_file_ref idref="fl-8e"/>
      </object_component>
      <object_component id="oc-1de">
         <name>.debug_info</name>
         <load_address>0x1e7a</load_address>
         <run_address>0x1e7a</run_address>
         <size>0x130</size>
         <input_file_ref idref="fl-8e"/>
      </object_component>
      <object_component id="oc-267">
         <name>.debug_info</name>
         <load_address>0x1faa</load_address>
         <run_address>0x1faa</run_address>
         <size>0x184</size>
         <input_file_ref idref="fl-8e"/>
      </object_component>
      <object_component id="oc-19d">
         <name>.debug_info</name>
         <load_address>0x212e</load_address>
         <run_address>0x212e</run_address>
         <size>0xf8</size>
         <input_file_ref idref="fl-8e"/>
      </object_component>
      <object_component id="oc-1e3">
         <name>.debug_info</name>
         <load_address>0x2226</load_address>
         <run_address>0x2226</run_address>
         <size>0x102</size>
         <input_file_ref idref="fl-8e"/>
      </object_component>
      <object_component id="oc-1ca">
         <name>.debug_info</name>
         <load_address>0x2328</load_address>
         <run_address>0x2328</run_address>
         <size>0x195</size>
         <input_file_ref idref="fl-8e"/>
      </object_component>
      <object_component id="oc-2a7">
         <name>.debug_info</name>
         <load_address>0x24bd</load_address>
         <run_address>0x24bd</run_address>
         <size>0xec</size>
         <input_file_ref idref="fl-8e"/>
      </object_component>
      <object_component id="oc-345">
         <name>.debug_info</name>
         <load_address>0x25a9</load_address>
         <run_address>0x25a9</run_address>
         <size>0xf0</size>
         <input_file_ref idref="fl-8e"/>
      </object_component>
      <object_component id="oc-202">
         <name>.debug_info</name>
         <load_address>0x2699</load_address>
         <run_address>0x2699</run_address>
         <size>0x227</size>
         <input_file_ref idref="fl-8e"/>
      </object_component>
      <object_component id="oc-208">
         <name>.debug_info</name>
         <load_address>0x28c0</load_address>
         <run_address>0x28c0</run_address>
         <size>0x112</size>
         <input_file_ref idref="fl-8e"/>
      </object_component>
      <object_component id="oc-1a6">
         <name>.debug_info</name>
         <load_address>0x29d2</load_address>
         <run_address>0x29d2</run_address>
         <size>0x15e</size>
         <input_file_ref idref="fl-8e"/>
      </object_component>
      <object_component id="oc-1c1">
         <name>.debug_info</name>
         <load_address>0x2b30</load_address>
         <run_address>0x2b30</run_address>
         <size>0x15e</size>
         <input_file_ref idref="fl-8e"/>
      </object_component>
      <object_component id="oc-1bb">
         <name>.debug_info</name>
         <load_address>0x2c8e</load_address>
         <run_address>0x2c8e</run_address>
         <size>0x14e</size>
         <input_file_ref idref="fl-8e"/>
      </object_component>
      <object_component id="oc-1a0">
         <name>.debug_info</name>
         <load_address>0x2ddc</load_address>
         <run_address>0x2ddc</run_address>
         <size>0x14e</size>
         <input_file_ref idref="fl-8e"/>
      </object_component>
      <object_component id="oc-289">
         <name>.debug_info</name>
         <load_address>0x2f2a</load_address>
         <run_address>0x2f2a</run_address>
         <size>0x14f</size>
         <input_file_ref idref="fl-8e"/>
      </object_component>
      <object_component id="oc-2c0">
         <name>.debug_info</name>
         <load_address>0x3079</load_address>
         <run_address>0x3079</run_address>
         <size>0x185</size>
         <input_file_ref idref="fl-8e"/>
      </object_component>
      <object_component id="oc-271">
         <name>.debug_info</name>
         <load_address>0x31fe</load_address>
         <run_address>0x31fe</run_address>
         <size>0x174</size>
         <input_file_ref idref="fl-8e"/>
      </object_component>
      <object_component id="oc-277">
         <name>.debug_info</name>
         <load_address>0x3372</load_address>
         <run_address>0x3372</run_address>
         <size>0x12a</size>
         <input_file_ref idref="fl-8e"/>
      </object_component>
      <object_component id="oc-2d4">
         <name>.debug_info</name>
         <load_address>0x349c</load_address>
         <run_address>0x349c</run_address>
         <size>0x194</size>
         <input_file_ref idref="fl-8e"/>
      </object_component>
      <object_component id="oc-27d">
         <name>.debug_info</name>
         <load_address>0x3630</load_address>
         <run_address>0x3630</run_address>
         <size>0x173</size>
         <input_file_ref idref="fl-8e"/>
      </object_component>
      <object_component id="oc-235">
         <name>.debug_info</name>
         <load_address>0x37a3</load_address>
         <run_address>0x37a3</run_address>
         <size>0x146</size>
         <input_file_ref idref="fl-8e"/>
      </object_component>
      <object_component id="oc-283">
         <name>.debug_info</name>
         <load_address>0x38e9</load_address>
         <run_address>0x38e9</run_address>
         <size>0x155</size>
         <input_file_ref idref="fl-8e"/>
      </object_component>
      <object_component id="oc-1ce">
         <name>.debug_info</name>
         <load_address>0x3a3e</load_address>
         <run_address>0x3a3e</run_address>
         <size>0x161</size>
         <input_file_ref idref="fl-8e"/>
      </object_component>
      <object_component id="oc-2e3">
         <name>.debug_info</name>
         <load_address>0x3b9f</load_address>
         <run_address>0x3b9f</run_address>
         <size>0x15f</size>
         <input_file_ref idref="fl-8e"/>
      </object_component>
      <object_component id="oc-2e9">
         <name>.debug_info</name>
         <load_address>0x3cfe</load_address>
         <run_address>0x3cfe</run_address>
         <size>0x2ff</size>
         <input_file_ref idref="fl-8e"/>
      </object_component>
      <object_component id="oc-28f">
         <name>.debug_info</name>
         <load_address>0x3ffd</load_address>
         <run_address>0x3ffd</run_address>
         <size>0x1a6</size>
         <input_file_ref idref="fl-8e"/>
      </object_component>
      <object_component id="oc-295">
         <name>.debug_info</name>
         <load_address>0x41a3</load_address>
         <run_address>0x41a3</run_address>
         <size>0x170</size>
         <input_file_ref idref="fl-8e"/>
      </object_component>
      <object_component id="oc-29b">
         <name>.debug_info</name>
         <load_address>0x4313</load_address>
         <run_address>0x4313</run_address>
         <size>0x19f</size>
         <input_file_ref idref="fl-8e"/>
      </object_component>
      <object_component id="oc-2a1">
         <name>.debug_info</name>
         <load_address>0x44b2</load_address>
         <run_address>0x44b2</run_address>
         <size>0x120</size>
         <input_file_ref idref="fl-8e"/>
      </object_component>
      <object_component id="oc-2aa">
         <name>.debug_info</name>
         <load_address>0x45d2</load_address>
         <run_address>0x45d2</run_address>
         <size>0x1d9</size>
         <input_file_ref idref="fl-8e"/>
      </object_component>
      <object_component id="oc-20e">
         <name>.debug_info</name>
         <load_address>0x47ab</load_address>
         <run_address>0x47ab</run_address>
         <size>0x294</size>
         <input_file_ref idref="fl-8e"/>
      </object_component>
      <object_component id="oc-1d4">
         <name>.debug_info</name>
         <load_address>0x4a3f</load_address>
         <run_address>0x4a3f</run_address>
         <size>0x159</size>
         <input_file_ref idref="fl-8e"/>
      </object_component>
      <object_component id="oc-1b5">
         <name>.debug_info</name>
         <load_address>0x4b98</load_address>
         <run_address>0x4b98</run_address>
         <size>0x142</size>
         <input_file_ref idref="fl-8e"/>
      </object_component>
      <object_component id="oc-197">
         <name>.debug_info</name>
         <load_address>0x4cda</load_address>
         <run_address>0x4cda</run_address>
         <size>0x13e</size>
         <input_file_ref idref="fl-8e"/>
      </object_component>
      <object_component id="oc-215">
         <name>.debug_info</name>
         <load_address>0x4e18</load_address>
         <run_address>0x4e18</run_address>
         <size>0x16e</size>
         <input_file_ref idref="fl-8e"/>
      </object_component>
      <object_component id="oc-21c">
         <name>.debug_info</name>
         <load_address>0x4f86</load_address>
         <run_address>0x4f86</run_address>
         <size>0x18a</size>
         <input_file_ref idref="fl-8e"/>
      </object_component>
      <object_component id="oc-222">
         <name>.debug_info</name>
         <load_address>0x5110</load_address>
         <run_address>0x5110</run_address>
         <size>0x1d8</size>
         <input_file_ref idref="fl-8e"/>
      </object_component>
      <object_component id="oc-228">
         <name>.debug_info</name>
         <load_address>0x52e8</load_address>
         <run_address>0x52e8</run_address>
         <size>0x188</size>
         <input_file_ref idref="fl-8e"/>
      </object_component>
      <object_component id="oc-168">
         <name>.debug_info</name>
         <load_address>0x5470</load_address>
         <run_address>0x5470</run_address>
         <size>0x438</size>
         <input_file_ref idref="fl-8e"/>
      </object_component>
      <object_component id="oc-148">
         <name>.debug_info</name>
         <load_address>0x58a8</load_address>
         <run_address>0x58a8</run_address>
         <size>0x128</size>
         <input_file_ref idref="fl-8e"/>
      </object_component>
      <object_component id="oc-161">
         <name>.debug_info</name>
         <load_address>0x59d0</load_address>
         <run_address>0x59d0</run_address>
         <size>0x118</size>
         <input_file_ref idref="fl-8e"/>
      </object_component>
      <object_component id="oc-99">
         <name>.debug_info</name>
         <load_address>0x5ae8</load_address>
         <run_address>0x5ae8</run_address>
         <size>0x194</size>
         <input_file_ref idref="fl-8e"/>
      </object_component>
      <object_component id="oc-ed">
         <name>.debug_info</name>
         <load_address>0x5c7c</load_address>
         <run_address>0x5c7c</run_address>
         <size>0x212</size>
         <input_file_ref idref="fl-8e"/>
      </object_component>
      <object_component id="oc-7a">
         <name>.debug_info</name>
         <load_address>0x5e8e</load_address>
         <run_address>0x5e8e</run_address>
         <size>0x189</size>
         <input_file_ref idref="fl-8e"/>
      </object_component>
      <object_component id="oc-df">
         <name>.debug_info</name>
         <load_address>0x6017</load_address>
         <run_address>0x6017</run_address>
         <size>0x166</size>
         <input_file_ref idref="fl-8e"/>
      </object_component>
      <object_component id="oc-74">
         <name>.debug_info</name>
         <load_address>0x617d</load_address>
         <run_address>0x617d</run_address>
         <size>0x19c</size>
         <input_file_ref idref="fl-8e"/>
      </object_component>
      <object_component id="oc-135">
         <name>.debug_info</name>
         <load_address>0x6319</load_address>
         <run_address>0x6319</run_address>
         <size>0x126</size>
         <input_file_ref idref="fl-8e"/>
      </object_component>
      <object_component id="oc-11d">
         <name>.debug_info</name>
         <load_address>0x643f</load_address>
         <run_address>0x643f</run_address>
         <size>0x17e</size>
         <input_file_ref idref="fl-8e"/>
      </object_component>
      <object_component id="oc-ff">
         <name>.debug_info</name>
         <load_address>0x65bd</load_address>
         <run_address>0x65bd</run_address>
         <size>0x129</size>
         <input_file_ref idref="fl-8e"/>
      </object_component>
      <object_component id="oc-23c">
         <name>.debug_info</name>
         <load_address>0x66e6</load_address>
         <run_address>0x66e6</run_address>
         <size>0x155</size>
         <input_file_ref idref="fl-8e"/>
      </object_component>
      <object_component id="oc-1ae">
         <name>.debug_info</name>
         <load_address>0x683b</load_address>
         <run_address>0x683b</run_address>
         <size>0x2d7</size>
         <input_file_ref idref="fl-8e"/>
      </object_component>
      <object_component id="oc-105">
         <name>.debug_info</name>
         <load_address>0x6b12</load_address>
         <run_address>0x6b12</run_address>
         <size>0x13e</size>
         <input_file_ref idref="fl-8e"/>
      </object_component>
      <object_component id="oc-13b">
         <name>.debug_info</name>
         <load_address>0x6c50</load_address>
         <run_address>0x6c50</run_address>
         <size>0x129</size>
         <input_file_ref idref="fl-8e"/>
      </object_component>
      <object_component id="oc-141">
         <name>.debug_info</name>
         <load_address>0x6d79</load_address>
         <run_address>0x6d79</run_address>
         <size>0x129</size>
         <input_file_ref idref="fl-8e"/>
      </object_component>
      <object_component id="oc-111">
         <name>.debug_info</name>
         <load_address>0x6ea2</load_address>
         <run_address>0x6ea2</run_address>
         <size>0x129</size>
         <input_file_ref idref="fl-8e"/>
      </object_component>
      <object_component id="oc-117">
         <name>.debug_info</name>
         <load_address>0x6fcb</load_address>
         <run_address>0x6fcb</run_address>
         <size>0x168</size>
         <input_file_ref idref="fl-8e"/>
      </object_component>
      <object_component id="oc-123">
         <name>.debug_info</name>
         <load_address>0x7133</load_address>
         <run_address>0x7133</run_address>
         <size>0x129</size>
         <input_file_ref idref="fl-8e"/>
      </object_component>
      <object_component id="oc-129">
         <name>.debug_info</name>
         <load_address>0x725c</load_address>
         <run_address>0x725c</run_address>
         <size>0x16a</size>
         <input_file_ref idref="fl-8e"/>
      </object_component>
      <object_component id="oc-f9">
         <name>.debug_info</name>
         <load_address>0x73c6</load_address>
         <run_address>0x73c6</run_address>
         <size>0x160</size>
         <input_file_ref idref="fl-8e"/>
      </object_component>
      <object_component id="oc-10b">
         <name>.debug_info</name>
         <load_address>0x7526</load_address>
         <run_address>0x7526</run_address>
         <size>0x162</size>
         <input_file_ref idref="fl-8e"/>
      </object_component>
      <object_component id="oc-12f">
         <name>.debug_info</name>
         <load_address>0x7688</load_address>
         <run_address>0x7688</run_address>
         <size>0x138</size>
         <input_file_ref idref="fl-8e"/>
      </object_component>
      <object_component id="oc-30c">
         <name>.debug_info</name>
         <load_address>0x77c0</load_address>
         <run_address>0x77c0</run_address>
         <size>0x94</size>
         <input_file_ref idref="fl-8e"/>
      </object_component>
      <object_component id="oc-18a">
         <name>.debug_info</name>
         <load_address>0x7854</load_address>
         <run_address>0x7854</run_address>
         <size>0x39</size>
         <input_file_ref idref="fl-8e"/>
      </object_component>
      <object_component id="oc-18f">
         <name>.debug_info</name>
         <load_address>0x788d</load_address>
         <run_address>0x788d</run_address>
         <size>0x2c</size>
         <input_file_ref idref="fl-8e"/>
      </object_component>
      <object_component id="oc-e5">
         <name>.debug_info</name>
         <load_address>0x78b9</load_address>
         <run_address>0x78b9</run_address>
         <size>0x46</size>
         <input_file_ref idref="fl-8e"/>
      </object_component>
      <object_component id="oc-183">
         <name>.debug_info</name>
         <load_address>0x78ff</load_address>
         <run_address>0x78ff</run_address>
         <size>0x2c</size>
         <input_file_ref idref="fl-8e"/>
      </object_component>
      <object_component id="oc-1eb">
         <name>.debug_info</name>
         <load_address>0x792b</load_address>
         <run_address>0x792b</run_address>
         <size>0x2c</size>
         <input_file_ref idref="fl-8e"/>
      </object_component>
      <object_component id="oc-36b">
         <name>.debug_info</name>
         <load_address>0x7957</load_address>
         <run_address>0x7957</run_address>
         <size>0x178</size>
         <input_file_ref idref="fl-8f"/>
      </object_component>
      <object_component id="oc-312">
         <name>.debug_info</name>
         <load_address>0x7acf</load_address>
         <run_address>0x7acf</run_address>
         <size>0x208</size>
         <input_file_ref idref="fl-8f"/>
      </object_component>
      <object_component id="oc-1ea">
         <name>.debug_info</name>
         <load_address>0x7cd7</load_address>
         <run_address>0x7cd7</run_address>
         <size>0x304</size>
         <input_file_ref idref="fl-90"/>
      </object_component>
      <object_component id="oc-151">
         <name>.debug_info</name>
         <load_address>0x7fdb</load_address>
         <run_address>0x7fdb</run_address>
         <size>0x1d8</size>
         <input_file_ref idref="fl-90"/>
      </object_component>
      <object_component id="oc-333">
         <name>.debug_info</name>
         <load_address>0x81b3</load_address>
         <run_address>0x81b3</run_address>
         <size>0x1a5</size>
         <input_file_ref idref="fl-91"/>
      </object_component>
      <object_component id="oc-30b">
         <name>.debug_info</name>
         <load_address>0x8358</load_address>
         <run_address>0x8358</run_address>
         <size>0x173</size>
         <input_file_ref idref="fl-92"/>
      </object_component>
      <object_component id="oc-2d0">
         <name>.debug_info</name>
         <load_address>0x84cb</load_address>
         <run_address>0x84cb</run_address>
         <size>0x228</size>
         <input_file_ref idref="fl-92"/>
      </object_component>
      <object_component id="oc-2db">
         <name>.debug_info</name>
         <load_address>0x86f3</load_address>
         <run_address>0x86f3</run_address>
         <size>0x152</size>
         <input_file_ref idref="fl-93"/>
      </object_component>
      <object_component id="oc-319">
         <name>.debug_info</name>
         <load_address>0x8845</load_address>
         <run_address>0x8845</run_address>
         <size>0x186</size>
         <input_file_ref idref="fl-94"/>
      </object_component>
      <object_component id="oc-2f5">
         <name>.debug_info</name>
         <load_address>0x89cb</load_address>
         <run_address>0x89cb</run_address>
         <size>0x186</size>
         <input_file_ref idref="fl-95"/>
      </object_component>
      <object_component id="oc-327">
         <name>.debug_info</name>
         <load_address>0x8b51</load_address>
         <run_address>0x8b51</run_address>
         <size>0x13c</size>
         <input_file_ref idref="fl-96"/>
      </object_component>
      <object_component id="oc-36e">
         <name>.debug_info</name>
         <load_address>0x8c8d</load_address>
         <run_address>0x8c8d</run_address>
         <size>0x137</size>
         <input_file_ref idref="fl-97"/>
      </object_component>
      <object_component id="oc-320">
         <name>.debug_info</name>
         <load_address>0x8dc4</load_address>
         <run_address>0x8dc4</run_address>
         <size>0x1c9</size>
         <input_file_ref idref="fl-97"/>
      </object_component>
      <object_component id="oc-303">
         <name>.debug_info</name>
         <load_address>0x8f8d</load_address>
         <run_address>0x8f8d</run_address>
         <size>0x137</size>
         <input_file_ref idref="fl-98"/>
      </object_component>
      <object_component id="oc-2c8">
         <name>.debug_info</name>
         <load_address>0x90c4</load_address>
         <run_address>0x90c4</run_address>
         <size>0x197</size>
         <input_file_ref idref="fl-98"/>
      </object_component>
      <object_component id="oc-394">
         <name>.debug_info</name>
         <load_address>0x925b</load_address>
         <run_address>0x925b</run_address>
         <size>0x16c</size>
         <input_file_ref idref="fl-99"/>
      </object_component>
      <object_component id="oc-366">
         <name>.debug_info</name>
         <load_address>0x93c7</load_address>
         <run_address>0x93c7</run_address>
         <size>0x292</size>
         <input_file_ref idref="fl-99"/>
      </object_component>
      <object_component id="oc-361">
         <name>.debug_info</name>
         <load_address>0x9659</load_address>
         <run_address>0x9659</run_address>
         <size>0x13e</size>
         <input_file_ref idref="fl-9a"/>
      </object_component>
      <object_component id="oc-308">
         <name>.debug_info</name>
         <load_address>0x9797</load_address>
         <run_address>0x9797</run_address>
         <size>0x581</size>
         <input_file_ref idref="fl-9a"/>
      </object_component>
      <object_component id="oc-37a">
         <name>.debug_info</name>
         <load_address>0x9d18</load_address>
         <run_address>0x9d18</run_address>
         <size>0x173</size>
         <input_file_ref idref="fl-9b"/>
      </object_component>
      <object_component id="oc-33f">
         <name>.debug_info</name>
         <load_address>0x9e8b</load_address>
         <run_address>0x9e8b</run_address>
         <size>0x239</size>
         <input_file_ref idref="fl-9b"/>
      </object_component>
      <object_component id="oc-33a">
         <name>.debug_info</name>
         <load_address>0xa0c4</load_address>
         <run_address>0xa0c4</run_address>
         <size>0x139</size>
         <input_file_ref idref="fl-9c"/>
      </object_component>
      <object_component id="oc-3a0">
         <name>.debug_info</name>
         <load_address>0xa1fd</load_address>
         <run_address>0xa1fd</run_address>
         <size>0x13e</size>
         <input_file_ref idref="fl-9d"/>
      </object_component>
      <object_component id="oc-390">
         <name>.debug_info</name>
         <load_address>0xa33b</load_address>
         <run_address>0xa33b</run_address>
         <size>0x1b3</size>
         <input_file_ref idref="fl-9d"/>
      </object_component>
      <object_component id="oc-330">
         <name>.debug_info</name>
         <load_address>0xa4ee</load_address>
         <run_address>0xa4ee</run_address>
         <size>0x179</size>
         <input_file_ref idref="fl-9e"/>
      </object_component>
      <object_component id="oc-39a">
         <name>.debug_info</name>
         <load_address>0xa667</load_address>
         <run_address>0xa667</run_address>
         <size>0x15a</size>
         <input_file_ref idref="fl-9f"/>
      </object_component>
      <object_component id="oc-374">
         <name>.debug_info</name>
         <load_address>0xa7c1</load_address>
         <run_address>0xa7c1</run_address>
         <size>0x33f</size>
         <input_file_ref idref="fl-9f"/>
      </object_component>
      <object_component id="oc-412">
         <name>.debug_info</name>
         <load_address>0xab00</load_address>
         <run_address>0xab00</run_address>
         <size>0xc8</size>
      </object_component>
      <object_component id="oc-f4">
         <name>.debug_line</name>
         <load_address>0x0</load_address>
         <run_address>0x0</run_address>
         <size>0x3c</size>
         <input_file_ref idref="fl-4d"/>
      </object_component>
      <object_component id="oc-2b6">
         <name>.debug_line</name>
         <load_address>0x3c</load_address>
         <run_address>0x3c</run_address>
         <size>0x64</size>
         <input_file_ref idref="fl-61"/>
      </object_component>
      <object_component id="oc-35d">
         <name>.debug_line</name>
         <load_address>0xa0</load_address>
         <run_address>0xa0</run_address>
         <size>0x45</size>
         <input_file_ref idref="fl-6b"/>
      </object_component>
      <object_component id="oc-355">
         <name>.debug_line</name>
         <load_address>0xe5</load_address>
         <run_address>0xe5</run_address>
         <size>0x48</size>
         <input_file_ref idref="fl-6d"/>
      </object_component>
      <object_component id="oc-387">
         <name>.debug_line</name>
         <load_address>0x12d</load_address>
         <run_address>0x12d</run_address>
         <size>0x3e</size>
         <input_file_ref idref="fl-72"/>
      </object_component>
      <object_component id="oc-301">
         <name>.debug_line</name>
         <load_address>0x16b</load_address>
         <run_address>0x16b</run_address>
         <size>0x56</size>
         <input_file_ref idref="fl-72"/>
      </object_component>
      <object_component id="oc-38c">
         <name>.debug_line</name>
         <load_address>0x1c1</load_address>
         <run_address>0x1c1</run_address>
         <size>0x3e</size>
         <input_file_ref idref="fl-73"/>
      </object_component>
      <object_component id="oc-357">
         <name>.debug_line</name>
         <load_address>0x1ff</load_address>
         <run_address>0x1ff</run_address>
         <size>0x56</size>
         <input_file_ref idref="fl-73"/>
      </object_component>
      <object_component id="oc-34c">
         <name>.debug_line</name>
         <load_address>0x255</load_address>
         <run_address>0x255</run_address>
         <size>0x41</size>
         <input_file_ref idref="fl-74"/>
      </object_component>
      <object_component id="oc-26b">
         <name>.debug_line</name>
         <load_address>0x296</load_address>
         <run_address>0x296</run_address>
         <size>0x56</size>
         <input_file_ref idref="fl-74"/>
      </object_component>
      <object_component id="oc-17c">
         <name>.debug_line</name>
         <load_address>0x2ec</load_address>
         <run_address>0x2ec</run_address>
         <size>0x2a</size>
         <input_file_ref idref="fl-76"/>
      </object_component>
      <object_component id="oc-180">
         <name>.debug_line</name>
         <load_address>0x316</load_address>
         <run_address>0x316</run_address>
         <size>0x20</size>
         <input_file_ref idref="fl-76"/>
      </object_component>
      <object_component id="oc-c0">
         <name>.debug_line</name>
         <load_address>0x336</load_address>
         <run_address>0x336</run_address>
         <size>0x4d</size>
         <input_file_ref idref="fl-79"/>
      </object_component>
      <object_component id="oc-174">
         <name>.debug_line</name>
         <load_address>0x383</load_address>
         <run_address>0x383</run_address>
         <size>0x3a</size>
         <input_file_ref idref="fl-7c"/>
      </object_component>
      <object_component id="oc-189">
         <name>.debug_line</name>
         <load_address>0x3bd</load_address>
         <run_address>0x3bd</run_address>
         <size>0xf5</size>
         <input_file_ref idref="fl-8e"/>
      </object_component>
      <object_component id="oc-24a">
         <name>.debug_line</name>
         <load_address>0x4b2</load_address>
         <run_address>0x4b2</run_address>
         <size>0x2c</size>
         <input_file_ref idref="fl-8e"/>
      </object_component>
      <object_component id="oc-2bd">
         <name>.debug_line</name>
         <load_address>0x4de</load_address>
         <run_address>0x4de</run_address>
         <size>0x2f</size>
         <input_file_ref idref="fl-8e"/>
      </object_component>
      <object_component id="oc-231">
         <name>.debug_line</name>
         <load_address>0x50d</load_address>
         <run_address>0x50d</run_address>
         <size>0x33</size>
         <input_file_ref idref="fl-8e"/>
      </object_component>
      <object_component id="oc-24c">
         <name>.debug_line</name>
         <load_address>0x540</load_address>
         <run_address>0x540</run_address>
         <size>0x2c</size>
         <input_file_ref idref="fl-8e"/>
      </object_component>
      <object_component id="oc-246">
         <name>.debug_line</name>
         <load_address>0x56c</load_address>
         <run_address>0x56c</run_address>
         <size>0x2d</size>
         <input_file_ref idref="fl-8e"/>
      </object_component>
      <object_component id="oc-2f3">
         <name>.debug_line</name>
         <load_address>0x599</load_address>
         <run_address>0x599</run_address>
         <size>0x33</size>
         <input_file_ref idref="fl-8e"/>
      </object_component>
      <object_component id="oc-37c">
         <name>.debug_line</name>
         <load_address>0x5cc</load_address>
         <run_address>0x5cc</run_address>
         <size>0x2d</size>
         <input_file_ref idref="fl-8e"/>
      </object_component>
      <object_component id="oc-205">
         <name>.debug_line</name>
         <load_address>0x5f9</load_address>
         <run_address>0x5f9</run_address>
         <size>0x152</size>
         <input_file_ref idref="fl-8e"/>
      </object_component>
      <object_component id="oc-20b">
         <name>.debug_line</name>
         <load_address>0x74b</load_address>
         <run_address>0x74b</run_address>
         <size>0x7c</size>
         <input_file_ref idref="fl-8e"/>
      </object_component>
      <object_component id="oc-1a9">
         <name>.debug_line</name>
         <load_address>0x7c7</load_address>
         <run_address>0x7c7</run_address>
         <size>0x44</size>
         <input_file_ref idref="fl-8e"/>
      </object_component>
      <object_component id="oc-1c4">
         <name>.debug_line</name>
         <load_address>0x80b</load_address>
         <run_address>0x80b</run_address>
         <size>0x47</size>
         <input_file_ref idref="fl-8e"/>
      </object_component>
      <object_component id="oc-1be">
         <name>.debug_line</name>
         <load_address>0x852</load_address>
         <run_address>0x852</run_address>
         <size>0x47</size>
         <input_file_ref idref="fl-8e"/>
      </object_component>
      <object_component id="oc-1a3">
         <name>.debug_line</name>
         <load_address>0x899</load_address>
         <run_address>0x899</run_address>
         <size>0x47</size>
         <input_file_ref idref="fl-8e"/>
      </object_component>
      <object_component id="oc-28c">
         <name>.debug_line</name>
         <load_address>0x8e0</load_address>
         <run_address>0x8e0</run_address>
         <size>0x47</size>
         <input_file_ref idref="fl-8e"/>
      </object_component>
      <object_component id="oc-2c3">
         <name>.debug_line</name>
         <load_address>0x927</load_address>
         <run_address>0x927</run_address>
         <size>0x60</size>
         <input_file_ref idref="fl-8e"/>
      </object_component>
      <object_component id="oc-274">
         <name>.debug_line</name>
         <load_address>0x987</load_address>
         <run_address>0x987</run_address>
         <size>0xbe</size>
         <input_file_ref idref="fl-8e"/>
      </object_component>
      <object_component id="oc-27a">
         <name>.debug_line</name>
         <load_address>0xa45</load_address>
         <run_address>0xa45</run_address>
         <size>0x40</size>
[...]
         <value>0x124d0</value>
         <object_component_ref idref="oc-356"/>
      </symbol>
      <symbol id="sm-44a">
         <name>__mspabi_sral_1</name>
         <value>0x124d8</value>
         <object_component_ref idref="oc-356"/>
      </symbol>
      <symbol id="sm-45a">
         <name>__mspabi_srll_8</name>
         <value>0x12538</value>
         <object_component_ref idref="oc-269"/>
      </symbol>
      <symbol id="sm-45b">
         <name>__mspabi_srll_9</name>
         <value>0x12534</value>
         <object_component_ref idref="oc-269"/>
      </symbol>
      <symbol id="sm-45c">
         <name>__mspabi_srll_6</name>
         <value>0x12540</value>
         <object_component_ref idref="oc-269"/>
      </symbol>
      <symbol id="sm-45d">
         <name>__mspabi_srll_7</name>
         <value>0x1253c</value>
         <object_component_ref idref="oc-269"/>
      </symbol>
      <symbol id="sm-45e">
         <name>__mspabi_srll_4</name>
         <value>0x12548</value>
         <object_component_ref idref="oc-269"/>
      </symbol>
      <symbol id="sm-45f">
         <name>__mspabi_srll_5</name>
         <value>0x12544</value>
         <object_component_ref idref="oc-269"/>
      </symbol>
      <symbol id="sm-460">
         <name>__mspabi_srll_2</name>
         <value>0x12550</value>
         <object_component_ref idref="oc-269"/>
      </symbol>
      <symbol id="sm-461">
         <name>__mspabi_srll_3</name>
         <value>0x1254c</value>
         <object_component_ref idref="oc-269"/>
      </symbol>
      <symbol id="sm-462">
         <name>__mspabi_srll_1</name>
         <value>0x12554</value>
         <object_component_ref idref="oc-269"/>
      </symbol>
      <symbol id="sm-463">
         <name>__mspabi_srll_15</name>
         <value>0x1251c</value>
         <object_component_ref idref="oc-269"/>
      </symbol>
      <symbol id="sm-464">
         <name>__mspabi_srll_14</name>
         <value>0x12520</value>
         <object_component_ref idref="oc-269"/>
      </symbol>
      <symbol id="sm-465">
         <name>__mspabi_srll_13</name>
         <value>0x12524</value>
         <object_component_ref idref="oc-269"/>
      </symbol>
      <symbol id="sm-466">
         <name>__mspabi_srll_12</name>
         <value>0x12528</value>
         <object_component_ref idref="oc-269"/>
      </symbol>
      <symbol id="sm-467">
         <name>__mspabi_srll_11</name>
         <value>0x1252c</value>
         <object_component_ref idref="oc-269"/>
      </symbol>
      <symbol id="sm-468">
         <name>__mspabi_srll_10</name>
         <value>0x12530</value>
         <object_component_ref idref="oc-269"/>
      </symbol>
      <symbol id="sm-469">
         <name>__mspabi_srll</name>
         <value>0x12894</value>
         <object_component_ref idref="oc-348"/>
      </symbol>
      <symbol id="sm-477">
         <name>_stack</name>
         <value>0x2360</value>
         <object_component_ref idref="oc-da"/>
      </symbol>
      <symbol id="sm-478">
         <name>_reset_vector</name>
         <value>0xfffe</value>
         <object_component_ref idref="oc-dd"/>
      </symbol>
      <symbol id="sm-485">
         <name>_c_int00_noargs_noexit_mpu</name>
         <value>0x61d4</value>
         <object_component_ref idref="oc-bc"/>
      </symbol>
      <symbol id="sm-490">
         <name>C$$EXIT</name>
         <value>0x128d2</value>
         <object_component_ref idref="oc-16f"/>
      </symbol>
      <symbol id="sm-491">
         <name>abort</name>
         <value>0x128d2</value>
         <object_component_ref idref="oc-16f"/>
      </symbol>
      <symbol id="sm-6f4">
         <name>ADC_Midpoint_Offset</name>
         <value>0x2026</value>
      </symbol>
      <symbol id="sm-6f5">
         <name>ADC_Counts</name>
         <value>0x2020</value>
      </symbol>
      <symbol id="sm-6f6">
         <name>RX_Buffer</name>
         <value>0x1c00</value>
      </symbol>
      <symbol id="sm-6f7">
         <name>TX_Buffer</name>
         <value>0x1e00</value>
      </symbol>
      <symbol id="sm-6f8">
         <name>LEDs</name>
         <value>0x2000</value>
      </symbol>
      <symbol id="sm-6f9">
         <name>LED_Green</name>
         <value>0x12814</value>
         <object_component_ref idref="oc-1b4"/>
      </symbol>
      <symbol id="sm-6fa">
         <name>SPI_SetParametersB</name>
         <value>0x123a0</value>
         <object_component_ref idref="oc-27c"/>
      </symbol>
      <symbol id="sm-6fb">
         <name>__TI_decompress_rle24</name>
         <value>0x128c8</value>
         <object_component_ref idref="oc-79"/>
      </symbol>
      <symbol id="sm-6fc">
         <name>TIMER1_A1_ISR</name>
         <value>0x620a</value>
         <object_component_ref idref="oc-110"/>
      </symbol>
      <symbol id="sm-6fd">
         <name>SYS_CalculateClocks</name>
         <value>0x10452</value>
         <object_component_ref idref="oc-201"/>
      </symbol>
      <symbol id="sm-6fe">
         <name>SPI_WriteB</name>
         <value>0x1261c</value>
         <object_component_ref idref="oc-23b"/>
      </symbol>
      <symbol id="sm-6ff">
         <name>LED_Red</name>
         <value>0x1277c</value>
         <object_component_ref idref="oc-196"/>
      </symbol>
      <symbol id="sm-700">
         <name>Init_Timers</name>
         <value>0x11c2a</value>
         <object_component_ref idref="oc-270"/>
      </symbol>
      <symbol id="sm-701">
         <name>ADC_Ready</name>
         <value>0x2047</value>
         <object_component_ref idref="oc-1dd"/>
      </symbol>
      <symbol id="sm-702">
         <name>__TI_int38</name>
         <value>0xffdc</value>
         <object_component_ref idref="oc-87"/>
      </symbol>
      <symbol id="sm-703">
         <name>__TI_int39</name>
         <value>0xffde</value>
         <object_component_ref idref="oc-88"/>
      </symbol>
      <symbol id="sm-704">
         <name>memcpy</name>
         <value>0x12862</value>
         <object_component_ref idref="oc-de"/>
      </symbol>
      <symbol id="sm-705">
         <name>__TI_int37</name>
         <value>0xffda</value>
         <object_component_ref idref="oc-86"/>
      </symbol>
      <symbol id="sm-706">
         <name>__TI_int32</name>
         <value>0xffd0</value>
         <object_component_ref idref="oc-81"/>
      </symbol>
      <symbol id="sm-707">
         <name>DCOCLK_Freq</name>
         <value>0x2038</value>
         <object_component_ref idref="oc-266"/>
      </symbol>
      <symbol id="sm-708">
         <name>BreakReceived</name>
         <value>0x2046</value>
         <object_component_ref idref="oc-1c9"/>
      </symbol>
      <symbol id="sm-709">
         <name>TIMER1_A0_ISR</name>
         <value>0x6196</value>
         <object_component_ref idref="oc-116"/>
      </symbol>
      <symbol id="sm-70a">
         <name>MSC_CleanBuffer</name>
         <value>0x128a4</value>
         <object_component_ref idref="oc-282"/>
      </symbol>
      <symbol id="sm-70b">
         <name>Init_App</name>
         <value>0x11e66</value>
         <object_component_ref idref="oc-207"/>
      </symbol>
      <symbol id="sm-70c">
         <name>ADC_Module</name>
         <value>0x125f0</value>
         <object_component_ref idref="oc-29a"/>
      </symbol>
      <symbol id="sm-70d">
         <name>BUT_Button2Interrupt</name>
         <value>0x12800</value>
         <object_component_ref idref="oc-1c0"/>
      </symbol>
      <symbol id="sm-70e">
         <name>Port1_ISR</name>
         <value>0x6100</value>
         <object_component_ref idref="oc-10a"/>
      </symbol>
      <symbol id="sm-70f">
         <name>ProcessingWindow</name>
         <value>0x204a</value>
         <object_component_ref idref="oc-19c"/>
      </symbol>
      <symbol id="sm-710">
         <name>UART_TransmitInterrupt</name>
         <value>0x1283c</value>
         <object_component_ref idref="oc-1cd"/>
      </symbol>
      <symbol id="sm-711">
         <name>__TI_int46</name>
         <value>0xffec</value>
         <object_component_ref idref="oc-8f"/>
      </symbol>
      <symbol id="sm-712">
         <name>__TI_int47</name>
         <value>0xffee</value>
         <object_component_ref idref="oc-90"/>
      </symbol>
      <symbol id="sm-713">
         <name>__TI_int44</name>
         <value>0xffe8</value>
         <object_component_ref idref="oc-8d"/>
      </symbol>
      <symbol id="sm-714">
         <name>__TI_int45</name>
         <value>0xffea</value>
         <object_component_ref idref="oc-8e"/>
      </symbol>
      <symbol id="sm-715">
         <name>__TI_int43</name>
         <value>0xffe6</value>
         <object_component_ref idref="oc-8c"/>
      </symbol>
      <symbol id="sm-716">
         <name>__TI_int40</name>
         <value>0xffe0</value>
         <object_component_ref idref="oc-89"/>
      </symbol>
      <symbol id="sm-717">
         <name>__TI_int41</name>
         <value>0xffe2</value>
         <object_component_ref idref="oc-8a"/>
      </symbol>
      <symbol id="sm-718">
         <name>Timer0_B1_ISR</name>
         <value>0x6214</value>
         <object_component_ref idref="oc-13a"/>
      </symbol>
      <symbol id="sm-719">
         <name>__TI_int50</name>
         <value>0xfff4</value>
         <object_component_ref idref="oc-93"/>
      </symbol>
      <symbol id="sm-71a">
         <name>__TI_int51</name>
         <value>0xfff6</value>
         <object_component_ref idref="oc-94"/>
      </symbol>
      <symbol id="sm-71b">
         <name>ADC_SetReference</name>
         <value>0x127ec</value>
         <object_component_ref idref="oc-2a0"/>
      </symbol>
      <symbol id="sm-71c">
         <name>Table_UCBRSx</name>
         <value>0x6234</value>
         <object_component_ref idref="oc-344"/>
      </symbol>
      <symbol id="sm-71d">
         <name>ADC12_ISR</name>
         <value>0x6176</value>
         <object_component_ref idref="oc-12e"/>
      </symbol>
      <symbol id="sm-71e">
         <name>LFMODCLK_Freq</name>
         <value>0x203c</value>
         <object_component_ref idref="oc-266"/>
      </symbol>
      <symbol id="sm-71f">
         <name>__mpu_init</name>
         <value>0x12648</value>
         <object_component_ref idref="oc-160"/>
      </symbol>
      <symbol id="sm-720">
         <name>Init_System</name>
         <value>0x119fe</value>
         <object_component_ref idref="oc-20d"/>
      </symbol>
      <symbol id="sm-721">
         <name>USCI_B0_ISR</name>
         <value>0x60be</value>
         <object_component_ref idref="oc-134"/>
      </symbol>
      <symbol id="sm-722">
         <name>CurrentChannel</name>
         <value>0x2048</value>
         <object_component_ref idref="oc-1dd"/>
      </symbol>
      <symbol id="sm-723">
         <name>Timer0_B0_ISR</name>
         <value>0x6228</value>
         <object_component_ref idref="oc-140"/>
      </symbol>
      <symbol id="sm-724">
         <name>__TI_zero_init</name>
         <value>0x126e2</value>
         <object_component_ref idref="oc-98"/>
      </symbol>
      <symbol id="sm-725">
         <name>BUT_Button1Interrupt</name>
         <value>0x12764</value>
         <object_component_ref idref="oc-1a5"/>
      </symbol>
      <symbol id="sm-726">
         <name>USCI_A1_ISR</name>
         <value>0x6000</value>
         <object_component_ref idref="oc-11c"/>
      </symbol>
      <symbol id="sm-727">
         <name>TLC_GSCLK</name>
         <value>0x12698</value>
         <object_component_ref idref="oc-234"/>
      </symbol>
      <symbol id="sm-728">
         <name>TMR_ModeTimerA0</name>
         <value>0x12794</value>
         <object_component_ref idref="oc-1ba"/>
      </symbol>
      <symbol id="sm-729">
         <name>TMR_ModeTimerA1</name>
         <value>0x127aa</value>
         <object_component_ref idref="oc-19f"/>
      </symbol>
      <symbol id="sm-72a">
         <name>TMR_ModeTimerA2</name>
         <value>0x127c0</value>
         <object_component_ref idref="oc-288"/>
      </symbol>
      <symbol id="sm-72b">
         <name>main</name>
         <value>0x1166c</value>
         <object_component_ref idref="oc-167"/>
      </symbol>
      <symbol id="sm-72c">
         <name>RX_Buffer_Place</name>
         <value>0x2040</value>
         <object_component_ref idref="oc-1c9"/>
      </symbol>
      <symbol id="sm-72d">
         <name>TMR_ModeTimerB0</name>
         <value>0x12452</value>
         <object_component_ref idref="oc-2bf"/>
      </symbol>
      <symbol id="sm-72e">
         <name>DataBuffer</name>
         <value>0x4400</value>
         <object_component_ref idref="oc-2a6"/>
      </symbol>
      <symbol id="sm-72f">
         <name>VREF</name>
         <value>0x2049</value>
         <object_component_ref idref="oc-1dd"/>
      </symbol>
      <symbol id="sm-730">
         <name>Timer2_A1_ISR</name>
         <value>0x621e</value>
         <object_component_ref idref="oc-fe"/>
      </symbol>
      <symbol id="sm-731">
         <name>UART_ReceiveInterrupt</name>
         <value>0x12828</value>
         <object_component_ref idref="oc-2e2"/>
      </symbol>
      <symbol id="sm-732">
         <name>MCLK_Freq</name>
         <value>0x2034</value>
         <object_component_ref idref="oc-266"/>
      </symbol>
      <symbol id="sm-733">
         <name>SPI_ModuleInterruptsB</name>
         <value>0x128be</value>
         <object_component_ref idref="oc-276"/>
      </symbol>
      <symbol id="sm-734">
         <name>PRO_AddToProcessBuffer</name>
         <value>0x12030</value>
         <object_component_ref idref="oc-21b"/>
      </symbol>
      <symbol id="sm-735">
         <name>PRO_ProcessData</name>
         <value>0x12130</value>
         <object_component_ref idref="oc-221"/>
      </symbol>
      <symbol id="sm-736">
         <name>Init_UART</name>
         <value>0x12340</value>
         <object_component_ref idref="oc-28e"/>
      </symbol>
      <symbol id="sm-737">
         <name>Timer2_A0_ISR</name>
         <value>0x61f2</value>
         <object_component_ref idref="oc-104"/>
      </symbol>
      <symbol id="sm-738">
         <name>SPI_Receive_Available</name>
         <value>0x204c</value>
         <object_component_ref idref="oc-1e2"/>
      </symbol>
      <symbol id="sm-739">
         <name>Init_Filter</name>
         <value>0x11f08</value>
         <object_component_ref idref="oc-2a9"/>
      </symbol>
      <symbol id="sm-73a">
         <name>MSC_Round</name>
         <value>0x126be</value>
         <object_component_ref idref="oc-2d3"/>
      </symbol>
      <symbol id="sm-73b">
         <name>TX_Buffer_Place_Add</name>
         <value>0x2044</value>
         <object_component_ref idref="oc-1c9"/>
      </symbol>
      <symbol id="sm-73c">
         <name>UART_SendChar</name>
         <value>0x12746</value>
         <object_component_ref idref="oc-1d3"/>
      </symbol>
      <symbol id="sm-73d">
         <name>TIMER0_A1_ISR</name>
         <value>0x6200</value>
         <object_component_ref idref="oc-122"/>
      </symbol>
      <symbol id="sm-73e">
         <name>SMCLK_Freq</name>
         <value>0x202c</value>
         <object_component_ref idref="oc-266"/>
      </symbol>
      <symbol id="sm-73f">
         <name>UART_Parameters</name>
         <value>0x11224</value>
         <object_component_ref idref="oc-2e8"/>
      </symbol>
      <symbol id="sm-740">
         <name>TLC_SetLEDsLinear</name>
         <value>0x11cfa</value>
         <object_component_ref idref="oc-227"/>
      </symbol>
      <symbol id="sm-741">
         <name>TX_Buffer_Place_Remove</name>
         <value>0x2042</value>
         <object_component_ref idref="oc-1c9"/>
      </symbol>
      <symbol id="sm-742">
         <name>Port4_ISR</name>
         <value>0x6140</value>
         <object_component_ref idref="oc-f8"/>
      </symbol>
      <symbol id="sm-743">
         <name>__TI_decompress_none</name>
         <value>0x12850</value>
         <object_component_ref idref="oc-73"/>
      </symbol>
      <symbol id="sm-744">
         <name>_system_pre_init</name>
         <value>0x128ce</value>
         <object_component_ref idref="oc-147"/>
      </symbol>
      <symbol id="sm-745">
         <name>TLC_UpdateLEDs</name>
         <value>0x11854</value>
         <object_component_ref idref="oc-1ad"/>
      </symbol>
      <symbol id="sm-746">
         <name>TIMER0_A0_ISR</name>
         <value>0x61b6</value>
         <object_component_ref idref="oc-128"/>
      </symbol>
      <symbol id="sm-747">
         <name>ACLK_Freq</name>
         <value>0x2030</value>
         <object_component_ref idref="oc-266"/>
      </symbol>
      <symbol id="sm-748">
         <name>ADC_SampleWait</name>
         <value>0x1255a</value>
         <object_component_ref idref="oc-214"/>
      </symbol>
      <symbol id="sm-749">
         <name>ADC_EnableConversion</name>
         <value>0x12728</value>
         <object_component_ref idref="oc-294"/>
      </symbol>
      <symbol id="sm-76b">
         <name>__mspabi_addd</name>
         <value>0x10a78</value>
         <object_component_ref idref="oc-311"/>
      </symbol>
      <symbol id="sm-77d">
         <name>_auto_init_hold_wdt</name>
         <value>0x1219e</value>
         <object_component_ref idref="oc-14d"/>
      </symbol>
      <symbol id="sm-797">
         <name>__mspabi_cmpd</name>
         <value>0x11b52</value>
         <object_component_ref idref="oc-332"/>
      </symbol>
      <symbol id="sm-7b8">
         <name>__mspabi_divd</name>
         <value>0x1144a</value>
         <object_component_ref idref="oc-2cd"/>
      </symbol>
      <symbol id="sm-7c5">
         <name>__mspabi_fixdi</name>
         <value>0x12670</value>
         <object_component_ref idref="oc-2d9"/>
      </symbol>
      <symbol id="sm-7d4">
         <name>__mspabi_fixdli</name>
         <value>0x122da</value>
         <object_component_ref idref="oc-317"/>
      </symbol>
      <symbol id="sm-7e4">
         <name>__mspabi_fixdul</name>
         <value>0x12272</value>
         <object_component_ref idref="oc-2f4"/>
      </symbol>
      <symbol id="sm-7ed">
         <name>__mspabi_fltid</name>
         <value>0x128b2</value>
         <object_component_ref idref="oc-326"/>
      </symbol>
      <symbol id="sm-805">
         <name>__mspabi_fltlid</name>
         <value>0x11f9c</value>
         <object_component_ref idref="oc-31d"/>
      </symbol>
      <symbol id="sm-81a">
         <name>__mspabi_fltuld</name>
         <value>0x120ba</value>
         <object_component_ref idref="oc-2c7"/>
      </symbol>
      <symbol id="sm-83b">
         <name>__TI_frcaddd</name>
         <value>0x10fd2</value>
         <object_component_ref idref="oc-364"/>
      </symbol>
      <symbol id="sm-856">
         <name>__TI_frcdivd</name>
         <value>0x10000</value>
         <object_component_ref idref="oc-304"/>
      </symbol>
      <symbol id="sm-876">
         <name>__mspabi_mpyd</name>
         <value>0x10d50</value>
         <object_component_ref idref="oc-33e"/>
      </symbol>
      <symbol id="sm-87f">
         <name>__mspabi_negd</name>
         <value>0x125c2</value>
         <object_component_ref idref="oc-338"/>
      </symbol>
      <symbol id="sm-893">
         <name>__TI_renormd</name>
         <value>0x11db4</value>
         <object_component_ref idref="oc-38d"/>
      </symbol>
      <symbol id="sm-89c">
         <name>__mspabi_subd</name>
         <value>0x12590</value>
         <object_component_ref idref="oc-32c"/>
      </symbol>
      <symbol id="sm-8ad">
         <name>__TI_frcmpyd</name>
         <value>0x10794</value>
         <object_component_ref idref="oc-373"/>
      </symbol>
      <symbol id="sm-8b2">
         <name>__TI_INITARRAY_Base</name>
         <value>0x0</value>
      </symbol>
      <symbol id="sm-8b3">
         <name>__TI_INITARRAY_Limit</name>
         <value>0x0</value>
      </symbol>
   </symbol_table>
   <title>Link successful</title>
</link_info>
